
[1/2] --experiment C --synth-cap 500 --seed 2 --fold 1

============================================================
Experiment C: PTB-XL + Imagen + NeuroKit2 augmentation
Cross-validation mode: FOLD 1/2 (3-fold CV)
Run name:  expv_C_ptbxl_imagen_neurokit2_img512_bs32_e25_s2_sc500_fold1
Device:    cuda
Img size:  512px | Batch: 32 | Epochs: 25
============================================================

Total images: 7094
Per source:
  ptbxl: 4456
  imagen: 638
  neurokit2: 2000
Per class:
  NORM: 2160
  MI: 2160
  AFIB: 1690
  TACHY: 1084
[cache] all 7094 images already cached at 512px

LEAKAGE VERIFICATION REPORT
============================================================
Fold: 1

Train PTB-XL records: 2523 | Unique patients: 2324
Val   PTB-XL records: 447 | Unique patients: 411
Test  PTB-XL records: 1486 | Unique patients: 1369

Patient Overlap:
  Train x Val:  0 patients (0.0% of train)
  Train x Test: 0 patients (0.0% of train)
  Val x Test:   0 patients (0.0% of val)

Leakage Status: [PASSED] No patient overlap
============================================================


[OK] Fold 1: No patient-level leakage

============================================================
FOLD 1 — CLASS DISTRIBUTION
============================================================

Train:
  NORM  :  1508 ( 29.2%)
  MI    :  1507 ( 29.2%)
  AFIB  :  1249 ( 24.2%)
  TACHY :   897 ( 17.4%)

Val:
  NORM  :   152 ( 34.0%)
  MI    :   153 ( 34.2%)
  AFIB  :    97 ( 21.7%)
  TACHY :    45 ( 10.1%)

Test:
  NORM  :   500 ( 33.6%)
  MI    :   500 ( 33.6%)
  AFIB  :   344 ( 23.1%)
  TACHY :   142 (  9.6%)
Train class distribution:
  NORM  :  1508 (29.2%)
  MI    :  1507 (29.2%)
  AFIB  :  1249 (24.2%)
  TACHY :   897 (17.4%)
Class weights (train counts): NORM=0.818, MI=0.819, AFIB=0.988, TACHY=1.375

Training 25 epochs...

Epoch 01/25 | TLoss:0.4261 TAcc:0.537 | VLoss:0.3755 VAcc:0.602 VF1:0.5607 [BEST]
Epoch 02/25 | TLoss:0.2181 TAcc:0.751 | VLoss:0.2108 VAcc:0.779 VF1:0.7507 [BEST]
Epoch 03/25 | TLoss:0.1583 TAcc:0.828 | VLoss:0.1579 VAcc:0.812 VF1:0.7914 [BEST]
Epoch 04/25 | TLoss:0.1226 TAcc:0.862 | VLoss:0.1318 VAcc:0.866 VF1:0.8430 [BEST]
Epoch 05/25 | TLoss:0.0993 TAcc:0.882 | VLoss:0.1586 VAcc:0.846 VF1:0.8197
Epoch 06/25 | TLoss:0.0830 TAcc:0.905 | VLoss:0.1227 VAcc:0.839 VF1:0.8294
Epoch 07/25 | TLoss:0.0739 TAcc:0.914 | VLoss:0.1050 VAcc:0.846 VF1:0.8308
Epoch 08/25 | TLoss:0.0685 TAcc:0.922 | VLoss:0.1048 VAcc:0.861 VF1:0.8474 [BEST]
Epoch 09/25 | TLoss:0.0604 TAcc:0.923 | VLoss:0.1165 VAcc:0.886 VF1:0.8662 [BEST]
Epoch 10/25 | TLoss:0.0494 TAcc:0.933 | VLoss:0.0987 VAcc:0.870 VF1:0.8453
Epoch 11/25 | TLoss:0.0488 TAcc:0.937 | VLoss:0.1012 VAcc:0.881 VF1:0.8675 [BEST]
Epoch 12/25 | TLoss:0.0434 TAcc:0.947 | VLoss:0.1030 VAcc:0.875 VF1:0.8620
Epoch 13/25 | TLoss:0.0424 TAcc:0.947 | VLoss:0.0963 VAcc:0.881 VF1:0.8638
Epoch 14/25 | TLoss:0.0370 TAcc:0.947 | VLoss:0.0917 VAcc:0.886 VF1:0.8684 [BEST]
Epoch 15/25 | TLoss:0.0340 TAcc:0.952 | VLoss:0.0865 VAcc:0.886 VF1:0.8727 [BEST]
Epoch 16/25 | TLoss:0.0326 TAcc:0.954 | VLoss:0.0933 VAcc:0.884 VF1:0.8731 [BEST]
Epoch 17/25 | TLoss:0.0326 TAcc:0.960 | VLoss:0.0908 VAcc:0.877 VF1:0.8716
Epoch 18/25 | TLoss:0.0252 TAcc:0.962 | VLoss:0.0837 VAcc:0.904 VF1:0.8933 [BEST]
Epoch 19/25 | TLoss:0.0263 TAcc:0.967 | VLoss:0.0931 VAcc:0.890 VF1:0.8719
Epoch 20/25 | TLoss:0.0254 TAcc:0.964 | VLoss:0.0920 VAcc:0.888 VF1:0.8783
Epoch 21/25 | TLoss:0.0288 TAcc:0.961 | VLoss:0.0969 VAcc:0.886 VF1:0.8765
Epoch 22/25 | TLoss:0.0221 TAcc:0.967 | VLoss:0.0936 VAcc:0.884 VF1:0.8716
Epoch 23/25 | TLoss:0.0253 TAcc:0.965 | VLoss:0.0915 VAcc:0.884 VF1:0.8729
Epoch 24/25 | TLoss:0.0225 TAcc:0.966 | VLoss:0.0926 VAcc:0.895 VF1:0.8847
Epoch 25/25 | TLoss:0.0213 TAcc:0.967 | VLoss:0.0943 VAcc:0.886 VF1:0.8746

Best: epoch 18, val F1 = 0.8933
Model saved: expv_C_ptbxl_imagen_neurokit2_img512_bs32_e25_s2_sc500_fold1.pth

Evaluating test set...

============================================================
EXPERIMENT C RESULTS
============================================================
  Test Accuracy  : 0.8910
  Macro F1       : 0.8795
  Weighted F1    : 0.8910
  Macro ROC-AUC  : 0.9779
  Macro PR-AUC   : 0.9345
  Cohen Kappa    : 0.8473
  MCC            : 0.8480
  ECE            : 0.0874

Per-class F1:
  NORM  : F1=0.9119  ROC-AUC=0.9865  PR-AUC=0.9701
  MI    : F1=0.8697  ROC-AUC=0.9517  PR-AUC=0.9369
  AFIB  : F1=0.9244  ROC-AUC=0.9904  PR-AUC=0.9693
  TACHY : F1=0.8119  ROC-AUC=0.9830  PR-AUC=0.8618

Outputs: C:\Users\taimo\OneDrive\Documents 1\work\ecg-synthetic-research\outputs\results\expv_C_ptbxl_imagen_neurokit2_img512_bs32_e25_s2_sc500_fold1
============================================================

Launching GRAD-CAM...

============================================================
GRAD-CAM — expv_C_ptbxl_imagen_neurokit2_img512_bs32_e25_s2_sc500_fold1
============================================================

Generating GRAD-CAM for 1486 test images...
Output: C:\Users\taimo\OneDrive\Documents 1\work\ecg-synthetic-research\outputs\results\expv_C_ptbxl_imagen_neurokit2_img512_bs32_e25_s2_sc500_fold1\gradcam

  Class: NORM
  Saved: gradcam_NORM.png
  Class: MI
  Saved: gradcam_MI.png
  Class: AFIB
  Saved: gradcam_AFIB.png
  Class: TACHY
  Saved: gradcam_TACHY.png

Overview saved: C:\Users\taimo\OneDrive\Documents 1\work\ecg-synthetic-research\outputs\results\expv_C_ptbxl_imagen_neurokit2_img512_bs32_e25_s2_sc500_fold1\gradcam\gradcam_overview.png

============================================================
GRAD-CAM complete — 4 classes visualized
Output folder: C:\Users\taimo\OneDrive\Documents 1\work\ecg-synthetic-research\outputs\results\expv_C_ptbxl_imagen_neurokit2_img512_bs32_e25_s2_sc500_fold1\gradcam
============================================================

[2/2] --experiment C --synth-cap 500 --seed 2 --fold 2

============================================================
Experiment C: PTB-XL + Imagen + NeuroKit2 augmentation
Cross-validation mode: FOLD 2/2 (3-fold CV)
Run name:  expv_C_ptbxl_imagen_neurokit2_img512_bs32_e25_s2_sc500_fold2
Device:    cuda
Img size:  512px | Batch: 32 | Epochs: 25
============================================================

Total images: 7094
Per source:
  ptbxl: 4456
  imagen: 638
  neurokit2: 2000
Per class:
  NORM: 2160
  MI: 2160
  AFIB: 1690
  TACHY: 1084
[cache] all 7094 images already cached at 512px

LEAKAGE VERIFICATION REPORT
============================================================
Fold: 2

Train PTB-XL records: 2526 | Unique patients: 2326
Val   PTB-XL records: 445 | Unique patients: 411
Test  PTB-XL records: 1485 | Unique patients: 1367

Patient Overlap:
  Train x Val:  0 patients (0.0% of train)
  Train x Test: 0 patients (0.0% of train)
  Val x Test:   0 patients (0.0% of val)

Leakage Status: [PASSED] No patient overlap
============================================================


[OK] Fold 2: No patient-level leakage

============================================================
FOLD 2 — CLASS DISTRIBUTION
============================================================

Train:
  NORM  :  1509 ( 29.2%)
  MI    :  1512 ( 29.3%)
  AFIB  :  1242 ( 24.1%)
  TACHY :   901 ( 17.4%)

Val:
  NORM  :   151 ( 33.9%)
  MI    :   148 ( 33.3%)
  AFIB  :   105 ( 23.6%)
  TACHY :    41 (  9.2%)

Test:
  NORM  :   500 ( 33.7%)
  MI    :   500 ( 33.7%)
  AFIB  :   343 ( 23.1%)
  TACHY :   142 (  9.6%)
Train class distribution:
  NORM  :  1509 (29.2%)
  MI    :  1512 (29.3%)
  AFIB  :  1242 (24.1%)
  TACHY :   901 (17.4%)
Class weights (train counts): NORM=0.818, MI=0.817, AFIB=0.994, TACHY=1.371

Training 25 epochs...

Epoch 01/25 | TLoss:0.4290 TAcc:0.553 | VLoss:0.3227 VAcc:0.652 VF1:0.6221 [BEST]
Epoch 02/25 | TLoss:0.2181 TAcc:0.766 | VLoss:0.1915 VAcc:0.804 VF1:0.7825 [BEST]
Epoch 03/25 | TLoss:0.1521 TAcc:0.836 | VLoss:0.1675 VAcc:0.811 VF1:0.7872 [BEST]
Epoch 04/25 | TLoss:0.1189 TAcc:0.870 | VLoss:0.1484 VAcc:0.845 VF1:0.8273 [BEST]
Epoch 05/25 | TLoss:0.1014 TAcc:0.884 | VLoss:0.1285 VAcc:0.863 VF1:0.8496 [BEST]
Epoch 06/25 | TLoss:0.0821 TAcc:0.910 | VLoss:0.1363 VAcc:0.852 VF1:0.8362
Epoch 07/25 | TLoss:0.0736 TAcc:0.909 | VLoss:0.1302 VAcc:0.858 VF1:0.8462
Epoch 08/25 | TLoss:0.0744 TAcc:0.913 | VLoss:0.1363 VAcc:0.874 VF1:0.8580 [BEST]
Epoch 09/25 | TLoss:0.0589 TAcc:0.928 | VLoss:0.1311 VAcc:0.872 VF1:0.8549
Epoch 10/25 | TLoss:0.0509 TAcc:0.934 | VLoss:0.1290 VAcc:0.883 VF1:0.8704 [BEST]
Epoch 11/25 | TLoss:0.0487 TAcc:0.940 | VLoss:0.1279 VAcc:0.879 VF1:0.8636
Epoch 12/25 | TLoss:0.0468 TAcc:0.942 | VLoss:0.1333 VAcc:0.876 VF1:0.8516
Epoch 13/25 | TLoss:0.0414 TAcc:0.946 | VLoss:0.1319 VAcc:0.881 VF1:0.8648
Epoch 14/25 | TLoss:0.0357 TAcc:0.952 | VLoss:0.1295 VAcc:0.881 VF1:0.8624
Epoch 15/25 | TLoss:0.0373 TAcc:0.951 | VLoss:0.1256 VAcc:0.883 VF1:0.8665
Epoch 16/25 | TLoss:0.0327 TAcc:0.954 | VLoss:0.1230 VAcc:0.874 VF1:0.8582
Epoch 17/25 | TLoss:0.0295 TAcc:0.960 | VLoss:0.1337 VAcc:0.890 VF1:0.8713 [BEST]
Epoch 18/25 | TLoss:0.0266 TAcc:0.960 | VLoss:0.1422 VAcc:0.883 VF1:0.8632
Epoch 19/25 | TLoss:0.0285 TAcc:0.964 | VLoss:0.1376 VAcc:0.885 VF1:0.8694
Epoch 20/25 | TLoss:0.0248 TAcc:0.961 | VLoss:0.1532 VAcc:0.885 VF1:0.8648
Epoch 21/25 | TLoss:0.0260 TAcc:0.964 | VLoss:0.1426 VAcc:0.888 VF1:0.8658
Epoch 22/25 | TLoss:0.0215 TAcc:0.968 | VLoss:0.1415 VAcc:0.883 VF1:0.8617
Epoch 23/25 | TLoss:0.0212 TAcc:0.972 | VLoss:0.1417 VAcc:0.894 VF1:0.8748 [BEST]
Epoch 24/25 | TLoss:0.0211 TAcc:0.967 | VLoss:0.1374 VAcc:0.888 VF1:0.8670
Epoch 25/25 | TLoss:0.0234 TAcc:0.968 | VLoss:0.1364 VAcc:0.890 VF1:0.8742

Best: epoch 23, val F1 = 0.8748
Model saved: expv_C_ptbxl_imagen_neurokit2_img512_bs32_e25_s2_sc500_fold2.pth

Evaluating test set...

============================================================
EXPERIMENT C RESULTS
============================================================
  Test Accuracy  : 0.8990
  Macro F1       : 0.8858
  Weighted F1    : 0.8986
  Macro ROC-AUC  : 0.9812
  Macro PR-AUC   : 0.9484
  Cohen Kappa    : 0.8586
  MCC            : 0.8600
  ECE            : 0.0580

Per-class F1:
  NORM  : F1=0.9150  ROC-AUC=0.9829  PR-AUC=0.9626
  MI    : F1=0.8851  ROC-AUC=0.9636  PR-AUC=0.9493
  AFIB  : F1=0.9298  ROC-AUC=0.9924  PR-AUC=0.9827
  TACHY : F1=0.8136  ROC-AUC=0.9859  PR-AUC=0.8989

Outputs: C:\Users\taimo\OneDrive\Documents 1\work\ecg-synthetic-research\outputs\results\expv_C_ptbxl_imagen_neurokit2_img512_bs32_e25_s2_sc500_fold2
============================================================

Launching GRAD-CAM...

============================================================
GRAD-CAM — expv_C_ptbxl_imagen_neurokit2_img512_bs32_e25_s2_sc500_fold2
============================================================

Generating GRAD-CAM for 1485 test images...
Output: C:\Users\taimo\OneDrive\Documents 1\work\ecg-synthetic-research\outputs\results\expv_C_ptbxl_imagen_neurokit2_img512_bs32_e25_s2_sc500_fold2\gradcam

  Class: NORM
  Saved: gradcam_NORM.png
  Class: MI
  Saved: gradcam_MI.png
  Class: AFIB
  Saved: gradcam_AFIB.png
  Class: TACHY
  Saved: gradcam_TACHY.png

Overview saved: C:\Users\taimo\OneDrive\Documents 1\work\ecg-synthetic-research\outputs\results\expv_C_ptbxl_imagen_neurokit2_img512_bs32_e25_s2_sc500_fold2\gradcam\gradcam_overview.png

============================================================
GRAD-CAM complete — 4 classes visualized
Output folder: C:\Users\taimo\OneDrive\Documents 1\work\ecg-synthetic-research\outputs\results\expv_C_ptbxl_imagen_neurokit2_img512_bs32_e25_s2_sc500_fold2\gradcam
============================================================

FINISH RUNS COMPLETE
