Waiting for the variant job to release the GPU...
GPU free — starting follow-up arms.

Total follow-up runs queued: 9


============================================================
[1/9] H13_twostage  --experiment C --finetune-real-epochs 8 --fold 0
============================================================

============================================================
Experiment C: PTB-XL + Imagen + NeuroKit2 augmentation
Cross-validation mode: FOLD 0/2 (3-fold CV)
Run name:  expv_C_ptbxl_imagen_neurokit2_img512_bs32_e25_ft8_fold0
Device:    cuda
Img size:  512px | Batch: 32 | Epochs: 25
============================================================

Total images: 11094
Per source:
  ptbxl: 4456
  imagen: 638
  neurokit2: 6000
Per class:
  NORM: 3160
  MI: 3160
  AFIB: 2690
  TACHY: 2084
[cache] all 11094 images already cached at 512px

LEAKAGE VERIFICATION REPORT
============================================================
Fold: 0

Train PTB-XL records: 2523 | Unique patients: 2325
Val   PTB-XL records: 447 | Unique patients: 411
Test  PTB-XL records: 1486 | Unique patients: 1368

Patient Overlap:
  Train x Val:  0 patients (0.0% of train)
  Train x Test: 0 patients (0.0% of train)
  Val x Test:   0 patients (0.0% of val)

Leakage Status: [PASSED] No patient overlap
============================================================


[OK] Fold 0: No patient-level leakage

============================================================
FOLD 0 — CLASS DISTRIBUTION
============================================================

Train:
  NORM  :  2518 ( 27.5%)
  MI    :  2484 ( 27.1%)
  AFIB  :  2248 ( 24.5%)
  TACHY :  1911 ( 20.9%)

Val:
  NORM  :   151 ( 33.8%)
  MI    :   144 ( 32.2%)
  AFIB  :   107 ( 23.9%)
  TACHY :    45 ( 10.1%)

Test:
  NORM  :   491 ( 33.0%)
  MI    :   532 ( 35.8%)
  AFIB  :   335 ( 22.5%)
  TACHY :   128 (  8.6%)
Train class distribution:
  NORM  :  2518 (27.5%)
  MI    :  2484 (27.1%)
  AFIB  :  2248 (24.5%)
  TACHY :  1911 (20.9%)
Class weights (train counts): NORM=0.899, MI=0.911, AFIB=1.007, TACHY=1.184

Training 25 epochs...

Epoch 01/25 | TLoss:0.2907 TAcc:0.708 | VLoss:0.2777 VAcc:0.732 VF1:0.6924 [BEST]
Epoch 02/25 | TLoss:0.1155 TAcc:0.889 | VLoss:0.1687 VAcc:0.792 VF1:0.7910 [BEST]
Epoch 03/25 | TLoss:0.0804 TAcc:0.925 | VLoss:0.1193 VAcc:0.848 VF1:0.8425 [BEST]
Epoch 04/25 | TLoss:0.0614 TAcc:0.939 | VLoss:0.1118 VAcc:0.875 VF1:0.8667 [BEST]
Epoch 05/25 | TLoss:0.0534 TAcc:0.946 | VLoss:0.0976 VAcc:0.879 VF1:0.8723 [BEST]
Epoch 06/25 | TLoss:0.0437 TAcc:0.954 | VLoss:0.1057 VAcc:0.877 VF1:0.8737 [BEST]
Epoch 07/25 | TLoss:0.0361 TAcc:0.962 | VLoss:0.0872 VAcc:0.888 VF1:0.8900 [BEST]
Epoch 08/25 | TLoss:0.0325 TAcc:0.963 | VLoss:0.0918 VAcc:0.879 VF1:0.8732
Epoch 09/25 | TLoss:0.0311 TAcc:0.965 | VLoss:0.0852 VAcc:0.890 VF1:0.8893
Epoch 10/25 | TLoss:0.0264 TAcc:0.968 | VLoss:0.0793 VAcc:0.886 VF1:0.8908 [BEST]
Epoch 11/25 | TLoss:0.0226 TAcc:0.974 | VLoss:0.0896 VAcc:0.904 VF1:0.8980 [BEST]
Epoch 12/25 | TLoss:0.0205 TAcc:0.974 | VLoss:0.1025 VAcc:0.890 VF1:0.8858
Epoch 13/25 | TLoss:0.0189 TAcc:0.977 | VLoss:0.1036 VAcc:0.881 VF1:0.8827
Epoch 14/25 | TLoss:0.0155 TAcc:0.980 | VLoss:0.0883 VAcc:0.913 VF1:0.9147 [BEST]
Epoch 15/25 | TLoss:0.0134 TAcc:0.982 | VLoss:0.1013 VAcc:0.888 VF1:0.8987
Epoch 16/25 | TLoss:0.0129 TAcc:0.983 | VLoss:0.0962 VAcc:0.899 VF1:0.9046
Epoch 17/25 | TLoss:0.0126 TAcc:0.984 | VLoss:0.0975 VAcc:0.906 VF1:0.9108
  [two-stage] epoch 18: switching to REAL-only fine-tune
Epoch 18/25 | TLoss:0.0650 TAcc:0.923 | VLoss:0.0951 VAcc:0.913 VF1:0.9169 [BEST]
Epoch 19/25 | TLoss:0.0523 TAcc:0.935 | VLoss:0.0935 VAcc:0.917 VF1:0.9224 [BEST]
Epoch 20/25 | TLoss:0.0428 TAcc:0.943 | VLoss:0.0897 VAcc:0.917 VF1:0.9210
Epoch 21/25 | TLoss:0.0467 TAcc:0.941 | VLoss:0.0898 VAcc:0.908 VF1:0.9116
Epoch 22/25 | TLoss:0.0410 TAcc:0.951 | VLoss:0.0903 VAcc:0.899 VF1:0.9061
Epoch 23/25 | TLoss:0.0399 TAcc:0.943 | VLoss:0.0933 VAcc:0.897 VF1:0.9066
Epoch 24/25 | TLoss:0.0318 TAcc:0.961 | VLoss:0.0821 VAcc:0.913 VF1:0.9196
Epoch 25/25 | TLoss:0.0409 TAcc:0.948 | VLoss:0.0785 VAcc:0.917 VF1:0.9205

Best: epoch 19, val F1 = 0.9224
Model saved: expv_C_ptbxl_imagen_neurokit2_img512_bs32_e25_ft8_fold0.pth

Evaluating test set...

============================================================
EXPERIMENT C RESULTS
============================================================
  Test Accuracy  : 0.8930
  Macro F1       : 0.8811
  Weighted F1    : 0.8922
  Macro ROC-AUC  : 0.9826
  Macro PR-AUC   : 0.9419
  Cohen Kappa    : 0.8487
  MCC            : 0.8508
  ECE            : 0.0285

Per-class F1:
  NORM  : F1=0.9043  ROC-AUC=0.9839  PR-AUC=0.9599
  MI    : F1=0.8724  ROC-AUC=0.9659  PR-AUC=0.9573
  AFIB  : F1=0.9370  ROC-AUC=0.9938  PR-AUC=0.9794
  TACHY : F1=0.8108  ROC-AUC=0.9867  PR-AUC=0.8710

Outputs: C:\Users\taimo\OneDrive\Documents 1\work\ecg-synthetic-research\outputs\results\expv_C_ptbxl_imagen_neurokit2_img512_bs32_e25_ft8_fold0
============================================================

Launching GRAD-CAM...

============================================================
GRAD-CAM — expv_C_ptbxl_imagen_neurokit2_img512_bs32_e25_ft8_fold0
============================================================

Generating GRAD-CAM for 1486 test images...
Output: C:\Users\taimo\OneDrive\Documents 1\work\ecg-synthetic-research\outputs\results\expv_C_ptbxl_imagen_neurokit2_img512_bs32_e25_ft8_fold0\gradcam

  Class: NORM
  Saved: gradcam_NORM.png
  Class: MI
  Saved: gradcam_MI.png
  Class: AFIB
  Saved: gradcam_AFIB.png
  Class: TACHY
  Saved: gradcam_TACHY.png

Overview saved: C:\Users\taimo\OneDrive\Documents 1\work\ecg-synthetic-research\outputs\results\expv_C_ptbxl_imagen_neurokit2_img512_bs32_e25_ft8_fold0\gradcam\gradcam_overview.png

============================================================
GRAD-CAM complete — 4 classes visualized
Output folder: C:\Users\taimo\OneDrive\Documents 1\work\ecg-synthetic-research\outputs\results\expv_C_ptbxl_imagen_neurokit2_img512_bs32_e25_ft8_fold0\gradcam
============================================================

============================================================
[2/9] H16_synthlw  --experiment C --synth-loss-weight 0.3 --fold 0
============================================================

============================================================
Experiment C: PTB-XL + Imagen + NeuroKit2 augmentation
Cross-validation mode: FOLD 0/2 (3-fold CV)
Run name:  expv_C_ptbxl_imagen_neurokit2_img512_bs32_e25_slw30_fold0
Device:    cuda
Img size:  512px | Batch: 32 | Epochs: 25
============================================================

Total images: 11094
Per source:
  ptbxl: 4456
  imagen: 638
  neurokit2: 6000
Per class:
  NORM: 3160
  MI: 3160
  AFIB: 2690
  TACHY: 2084
[cache] all 11094 images already cached at 512px

LEAKAGE VERIFICATION REPORT
============================================================
Fold: 0

Train PTB-XL records: 2523 | Unique patients: 2325
Val   PTB-XL records: 447 | Unique patients: 411
Test  PTB-XL records: 1486 | Unique patients: 1368

Patient Overlap:
  Train x Val:  0 patients (0.0% of train)
  Train x Test: 0 patients (0.0% of train)
  Val x Test:   0 patients (0.0% of val)

Leakage Status: [PASSED] No patient overlap
============================================================


[OK] Fold 0: No patient-level leakage

============================================================
FOLD 0 — CLASS DISTRIBUTION
============================================================

Train:
  NORM  :  2518 ( 27.5%)
  MI    :  2484 ( 27.1%)
  AFIB  :  2248 ( 24.5%)
  TACHY :  1911 ( 20.9%)

Val:
  NORM  :   151 ( 33.8%)
  MI    :   144 ( 32.2%)
  AFIB  :   107 ( 23.9%)
  TACHY :    45 ( 10.1%)

Test:
  NORM  :   491 ( 33.0%)
  MI    :   532 ( 35.8%)
  AFIB  :   335 ( 22.5%)
  TACHY :   128 (  8.6%)
Train class distribution:
  NORM  :  2518 (27.5%)
  MI    :  2484 (27.1%)
  AFIB  :  2248 (24.5%)
  TACHY :  1911 (20.9%)
Class weights (train counts): NORM=0.899, MI=0.911, AFIB=1.007, TACHY=1.184

Training 25 epochs...

Epoch 01/25 | TLoss:0.3870 TAcc:0.665 | VLoss:0.2479 VAcc:0.752 VF1:0.7099 [BEST]
Epoch 02/25 | TLoss:0.1842 TAcc:0.866 | VLoss:0.1402 VAcc:0.848 VF1:0.8386 [BEST]
Epoch 03/25 | TLoss:0.1251 TAcc:0.916 | VLoss:0.1081 VAcc:0.881 VF1:0.8859 [BEST]
Epoch 04/25 | TLoss:0.0989 TAcc:0.931 | VLoss:0.0992 VAcc:0.870 VF1:0.8686
Epoch 05/25 | TLoss:0.0860 TAcc:0.940 | VLoss:0.0860 VAcc:0.888 VF1:0.8788
Epoch 06/25 | TLoss:0.0707 TAcc:0.953 | VLoss:0.0928 VAcc:0.895 VF1:0.8890 [BEST]
Epoch 07/25 | TLoss:0.0604 TAcc:0.957 | VLoss:0.0807 VAcc:0.899 VF1:0.8986 [BEST]
Epoch 08/25 | TLoss:0.0537 TAcc:0.962 | VLoss:0.0824 VAcc:0.888 VF1:0.8886
Epoch 09/25 | TLoss:0.0509 TAcc:0.963 | VLoss:0.0972 VAcc:0.890 VF1:0.8926
