Waiting for variant + follow-up jobs to release the GPU...
GPU free — starting repeated-seed runs.

Total seed runs queued: 18


============================================================
[1/18] A_s1  --experiment A --seed 1 --fold 0
============================================================

============================================================
Experiment A: Baseline — PTB-XL real only
Cross-validation mode: FOLD 0/2 (3-fold CV)
Run name:  expv_A_ptbxl_only_img512_bs32_e25_s1_fold0
Device:    cuda
Img size:  512px | Batch: 32 | Epochs: 25
============================================================

Total images: 4456
Per source:
  ptbxl: 4456
Per class:
  NORM: 1500
  MI: 1500
  AFIB: 1030
  TACHY: 426
[cache] all 4456 images already cached at 512px

LEAKAGE VERIFICATION REPORT
============================================================
Fold: 0

Train PTB-XL records: 2531 | Unique patients: 2324
Val   PTB-XL records: 439 | Unique patients: 411
Test  PTB-XL records: 1486 | Unique patients: 1369

Patient Overlap:
  Train x Val:  0 patients (0.0% of train)
  Train x Test: 0 patients (0.0% of train)
  Val x Test:   0 patients (0.0% of val)

Leakage Status: [PASSED] No patient overlap
============================================================


[OK] Fold 0: No patient-level leakage

============================================================
FOLD 0 — CLASS DISTRIBUTION
============================================================

Train:
  NORM  :   850 ( 33.6%)
  MI    :   854 ( 33.7%)
  AFIB  :   585 ( 23.1%)
  TACHY :   242 (  9.6%)

Val:
  NORM  :   150 ( 34.2%)
  MI    :   146 ( 33.3%)
  AFIB  :   101 ( 23.0%)
  TACHY :    42 (  9.6%)

Test:
  NORM  :   500 ( 33.6%)
  MI    :   500 ( 33.6%)
  AFIB  :   344 ( 23.1%)
  TACHY :   142 (  9.6%)
Train class distribution:
  NORM  :   850 (33.6%)
  MI    :   854 (33.7%)
  AFIB  :   585 (23.1%)
  TACHY :   242 (9.6%)
Class weights (train counts): NORM=0.575, MI=0.572, AFIB=0.835, TACHY=2.018

Training 25 epochs...

Epoch 01/25 | TLoss:0.4406 TAcc:0.350 | VLoss:0.2955 VAcc:0.576 VF1:0.5377 [BEST]
Epoch 02/25 | TLoss:0.3009 TAcc:0.535 | VLoss:0.2122 VAcc:0.670 VF1:0.6436 [BEST]
Epoch 03/25 | TLoss:0.2173 TAcc:0.652 | VLoss:0.1358 VAcc:0.772 VF1:0.7460 [BEST]
Epoch 04/25 | TLoss:0.1703 TAcc:0.736 | VLoss:0.1113 VAcc:0.815 VF1:0.7996 [BEST]
Epoch 05/25 | TLoss:0.1383 TAcc:0.774 | VLoss:0.1197 VAcc:0.841 VF1:0.8298 [BEST]
Epoch 06/25 | TLoss:0.1237 TAcc:0.791 | VLoss:0.1266 VAcc:0.838 VF1:0.8261
Epoch 07/25 | TLoss:0.1010 TAcc:0.823 | VLoss:0.0880 VAcc:0.877 VF1:0.8672 [BEST]
Epoch 08/25 | TLoss:0.0950 TAcc:0.830 | VLoss:0.1042 VAcc:0.875 VF1:0.8637
Epoch 09/25 | TLoss:0.0875 TAcc:0.831 | VLoss:0.0837 VAcc:0.872 VF1:0.8584
Epoch 10/25 | TLoss:0.0846 TAcc:0.847 | VLoss:0.0782 VAcc:0.877 VF1:0.8616
Epoch 11/25 | TLoss:0.0765 TAcc:0.862 | VLoss:0.0761 VAcc:0.875 VF1:0.8594
Epoch 12/25 | TLoss:0.0653 TAcc:0.864 | VLoss:0.0777 VAcc:0.879 VF1:0.8628
Epoch 13/25 | TLoss:0.0659 TAcc:0.865 | VLoss:0.0765 VAcc:0.884 VF1:0.8635
Epoch 14/25 | TLoss:0.0564 TAcc:0.871 | VLoss:0.0711 VAcc:0.886 VF1:0.8706 [BEST]
Epoch 15/25 | TLoss:0.0578 TAcc:0.883 | VLoss:0.0688 VAcc:0.884 VF1:0.8694
Epoch 16/25 | TLoss:0.0573 TAcc:0.882 | VLoss:0.0719 VAcc:0.884 VF1:0.8659
Epoch 17/25 | TLoss:0.0472 TAcc:0.883 | VLoss:0.0685 VAcc:0.888 VF1:0.8721 [BEST]
Epoch 18/25 | TLoss:0.0437 TAcc:0.891 | VLoss:0.0703 VAcc:0.884 VF1:0.8683
Epoch 19/25 | TLoss:0.0503 TAcc:0.881 | VLoss:0.0724 VAcc:0.884 VF1:0.8671
Epoch 20/25 | TLoss:0.0459 TAcc:0.888 | VLoss:0.0656 VAcc:0.893 VF1:0.8808 [BEST]
Epoch 21/25 | TLoss:0.0422 TAcc:0.905 | VLoss:0.0685 VAcc:0.888 VF1:0.8772
Epoch 22/25 | TLoss:0.0429 TAcc:0.888 | VLoss:0.0726 VAcc:0.888 VF1:0.8788
Epoch 23/25 | TLoss:0.0455 TAcc:0.893 | VLoss:0.0731 VAcc:0.893 VF1:0.8783
Epoch 24/25 | TLoss:0.0502 TAcc:0.896 | VLoss:0.0738 VAcc:0.893 VF1:0.8814 [BEST]
Epoch 25/25 | TLoss:0.0462 TAcc:0.899 | VLoss:0.0736 VAcc:0.897 VF1:0.8875 [BEST]

Best: epoch 25, val F1 = 0.8875
Model saved: expv_A_ptbxl_only_img512_bs32_e25_s1_fold0.pth

Evaluating test set...

============================================================
EXPERIMENT A RESULTS
============================================================
  Test Accuracy  : 0.8843
  Macro F1       : 0.8743
  Weighted F1    : 0.8837
  Macro ROC-AUC  : 0.9765
  Macro PR-AUC   : 0.9292
  Cohen Kappa    : 0.8380
  MCC            : 0.8394
  ECE            : 0.1042

Per-class F1:
  NORM  : F1=0.9079  ROC-AUC=0.9827  PR-AUC=0.9551
  MI    : F1=0.8605  ROC-AUC=0.9500  PR-AUC=0.9360
  AFIB  : F1=0.9088  ROC-AUC=0.9862  PR-AUC=0.9638
  TACHY : F1=0.8200  ROC-AUC=0.9870  PR-AUC=0.8618

Outputs: C:\Users\taimo\OneDrive\Documents 1\work\ecg-synthetic-research\outputs\results\expv_A_ptbxl_only_img512_bs32_e25_s1_fold0
============================================================

Launching GRAD-CAM...

============================================================
GRAD-CAM — expv_A_ptbxl_only_img512_bs32_e25_s1_fold0
============================================================

Generating GRAD-CAM for 1486 test images...
Output: C:\Users\taimo\OneDrive\Documents 1\work\ecg-synthetic-research\outputs\results\expv_A_ptbxl_only_img512_bs32_e25_s1_fold0\gradcam

  Class: NORM
  Saved: gradcam_NORM.png
  Class: MI
  Saved: gradcam_MI.png
  Class: AFIB
  Saved: gradcam_AFIB.png
  Class: TACHY
  Saved: gradcam_TACHY.png

Overview saved: C:\Users\taimo\OneDrive\Documents 1\work\ecg-synthetic-research\outputs\results\expv_A_ptbxl_only_img512_bs32_e25_s1_fold0\gradcam\gradcam_overview.png

============================================================
GRAD-CAM complete — 4 classes visualized
Output folder: C:\Users\taimo\OneDrive\Documents 1\work\ecg-synthetic-research\outputs\results\expv_A_ptbxl_only_img512_bs32_e25_s1_fold0\gradcam
============================================================

============================================================
[2/18] A_s1  --experiment A --seed 1 --fold 1
============================================================

============================================================
Experiment A: Baseline — PTB-XL real only
Cross-validation mode: FOLD 1/2 (3-fold CV)
Run name:  expv_A_ptbxl_only_img512_bs32_e25_s1_fold1
Device:    cuda
Img size:  512px | Batch: 32 | Epochs: 25
============================================================

Total images: 4456
Per source:
  ptbxl: 4456
Per class:
  NORM: 1500
  MI: 1500
  AFIB: 1030
  TACHY: 426
[cache] all 4456 images already cached at 512px

LEAKAGE VERIFICATION REPORT
============================================================
Fold: 1

Train PTB-XL records: 2525 | Unique patients: 2324
Val   PTB-XL records: 446 | Unique patients: 411
Test  PTB-XL records: 1485 | Unique patients: 1369

Patient Overlap:
  Train x Val:  0 patients (0.0% of train)
  Train x Test: 0 patients (0.0% of train)
  Val x Test:   0 patients (0.0% of val)

Leakage Status: [PASSED] No patient overlap
============================================================


[OK] Fold 1: No patient-level leakage

============================================================
FOLD 1 — CLASS DISTRIBUTION
============================================================

Train:
  NORM  :   851 ( 33.7%)
  MI    :   853 ( 33.8%)
  AFIB  :   584 ( 23.1%)
  TACHY :   237 (  9.4%)

Val:
  NORM  :   149 ( 33.4%)
  MI    :   147 ( 33.0%)
  AFIB  :   103 ( 23.1%)
  TACHY :    47 ( 10.5%)

Test:
  NORM  :   500 ( 33.7%)
  MI    :   500 ( 33.7%)
  AFIB  :   343 ( 23.1%)
  TACHY :   142 (  9.6%)
Train class distribution:
  NORM  :   851 (33.7%)
  MI    :   853 (33.8%)
  AFIB  :   584 (23.1%)
  TACHY :   237 (9.4%)
Class weights (train counts): NORM=0.568, MI=0.566, AFIB=0.827, TACHY=2.039

Training 25 epochs...

Epoch 01/25 | TLoss:0.4272 TAcc:0.354 | VLoss:0.3308 VAcc:0.484 VF1:0.4872 [BEST]
Epoch 02/25 | TLoss:0.2792 TAcc:0.557 | VLoss:0.2006 VAcc:0.702 VF1:0.7117 [BEST]
Epoch 03/25 | TLoss:0.2065 TAcc:0.655 | VLoss:0.1552 VAcc:0.789 VF1:0.7941 [BEST]
Epoch 04/25 | TLoss:0.1609 TAcc:0.730 | VLoss:0.1310 VAcc:0.823 VF1:0.8268 [BEST]
Epoch 05/25 | TLoss:0.1330 TAcc:0.788 | VLoss:0.1021 VAcc:0.818 VF1:0.8169
Epoch 06/25 | TLoss:0.1179 TAcc:0.788 | VLoss:0.0931 VAcc:0.845 VF1:0.8431 [BEST]
Epoch 07/25 | TLoss:0.1070 TAcc:0.810 | VLoss:0.0875 VAcc:0.859 VF1:0.8547 [BEST]
Epoch 08/25 | TLoss:0.0994 TAcc:0.815 | VLoss:0.0848 VAcc:0.850 VF1:0.8481
Epoch 09/25 | TLoss:0.0860 TAcc:0.840 | VLoss:0.0944 VAcc:0.865 VF1:0.8646 [BEST]
Epoch 10/25 | TLoss:0.0850 TAcc:0.836 | VLoss:0.0892 VAcc:0.848 VF1:0.8491
Epoch 11/25 | TLoss:0.0806 TAcc:0.846 | VLoss:0.0911 VAcc:0.861 VF1:0.8604
Epoch 12/25 | TLoss:0.0751 TAcc:0.861 | VLoss:0.0821 VAcc:0.863 VF1:0.8628
Epoch 13/25 | TLoss:0.0678 TAcc:0.859 | VLoss:0.0813 VAcc:0.857 VF1:0.8570
Epoch 14/25 | TLoss:0.0576 TAcc:0.883 | VLoss:0.0819 VAcc:0.861 VF1:0.8615
Epoch 15/25 | TLoss:0.0638 TAcc:0.873 | VLoss:0.0758 VAcc:0.870 VF1:0.8701 [BEST]
Epoch 16/25 | TLoss:0.0538 TAcc:0.885 | VLoss:0.0749 VAcc:0.868 VF1:0.8669
Epoch 17/25 | TLoss:0.0559 TAcc:0.884 | VLoss:0.0781 VAcc:0.872 VF1:0.8714 [BEST]
Epoch 18/25 | TLoss:0.0594 TAcc:0.884 | VLoss:0.0749 VAcc:0.872 VF1:0.8719 [BEST]
Epoch 19/25 | TLoss:0.0530 TAcc:0.881 | VLoss:0.0808 VAcc:0.870 VF1:0.8647
Epoch 20/25 | TLoss:0.0490 TAcc:0.884 | VLoss:0.0771 VAcc:0.868 VF1:0.8634
Epoch 21/25 | TLoss:0.0472 TAcc:0.887 | VLoss:0.0800 VAcc:0.863 VF1:0.8557
Epoch 22/25 | TLoss:0.0450 TAcc:0.901 | VLoss:0.0786 VAcc:0.872 VF1:0.8704
Epoch 23/25 | TLoss:0.0432 TAcc:0.901 | VLoss:0.0763 VAcc:0.874 VF1:0.8727 [BEST]
Epoch 24/25 | TLoss:0.0464 TAcc:0.895 | VLoss:0.0774 VAcc:0.874 VF1:0.8715
Epoch 25/25 | TLoss:0.0516 TAcc:0.882 | VLoss:0.0765 VAcc:0.874 VF1:0.8727

Best: epoch 23, val F1 = 0.8727
Model saved: expv_A_ptbxl_only_img512_bs32_e25_s1_fold1.pth

Evaluating test set...

============================================================
EXPERIMENT A RESULTS
============================================================
  Test Accuracy  : 0.8707
  Macro F1       : 0.8575
  Weighted F1    : 0.8709
  Macro ROC-AUC  : 0.9768
  Macro PR-AUC   : 0.9281
  Cohen Kappa    : 0.8199
  MCC            : 0.8232
  ECE            : 0.1005

Per-class F1:
  NORM  : F1=0.9011  ROC-AUC=0.9832  PR-AUC=0.9683
  MI    : F1=0.8346  ROC-AUC=0.9533  PR-AUC=0.9390
  AFIB  : F1=0.9196  ROC-AUC=0.9903  PR-AUC=0.9734
  TACHY : F1=0.7748  ROC-AUC=0.9803  PR-AUC=0.8316

Outputs: C:\Users\taimo\OneDrive\Documents 1\work\ecg-synthetic-research\outputs\results\expv_A_ptbxl_only_img512_bs32_e25_s1_fold1
============================================================

Launching GRAD-CAM...

============================================================
GRAD-CAM — expv_A_ptbxl_only_img512_bs32_e25_s1_fold1
============================================================

Generating GRAD-CAM for 1485 test images...
Output: C:\Users\taimo\OneDrive\Documents 1\work\ecg-synthetic-research\outputs\results\expv_A_ptbxl_only_img512_bs32_e25_s1_fold1\gradcam

  Class: NORM
  Saved: gradcam_NORM.png
  Class: MI
  Saved: gradcam_MI.png
  Class: AFIB
  Saved: gradcam_AFIB.png
  Class: TACHY
  Saved: gradcam_TACHY.png

Overview saved: C:\Users\taimo\OneDrive\Documents 1\work\ecg-synthetic-research\outputs\results\expv_A_ptbxl_only_img512_bs32_e25_s1_fold1\gradcam\gradcam_overview.png

============================================================
GRAD-CAM complete — 4 classes visualized
Output folder: C:\Users\taimo\OneDrive\Documents 1\work\ecg-synthetic-research\outputs\results\expv_A_ptbxl_only_img512_bs32_e25_s1_fold1\gradcam
============================================================

============================================================
[3/18] A_s1  --experiment A --seed 1 --fold 2
============================================================

============================================================
Experiment A: Baseline — PTB-XL real only
Cross-validation mode: FOLD 2/2 (3-fold CV)
Run name:  expv_A_ptbxl_only_img512_bs32_e25_s1_fold2
Device:    cuda
Img size:  512px | Batch: 32 | Epochs: 25
============================================================

Total images: 4456
Per source:
  ptbxl: 4456
Per class:
  NORM: 1500
  MI: 1500
  AFIB: 1030
  TACHY: 426
[cache] all 4456 images already cached at 512px

LEAKAGE VERIFICATION REPORT
============================================================
Fold: 2

Train PTB-XL records: 2524 | Unique patients: 2327
Val   PTB-XL records: 447 | Unique patients: 411
Test  PTB-XL records: 1485 | Unique patients: 1366

Patient Overlap:
  Train x Val:  0 patients (0.0% of train)
  Train x Test: 0 patients (0.0% of train)
  Val x Test:   0 patients (0.0% of val)

Leakage Status: [PASSED] No patient overlap
============================================================


[OK] Fold 2: No patient-level leakage

============================================================
FOLD 2 — CLASS DISTRIBUTION
============================================================

Train:
  NORM  :   849 ( 33.6%)
  MI    :   851 ( 33.7%)
  AFIB  :   583 ( 23.1%)
  TACHY :   241 (  9.5%)

Val:
  NORM  :   151 ( 33.8%)
  MI    :   149 ( 33.3%)
  AFIB  :   104 ( 23.3%)
  TACHY :    43 (  9.6%)

Test:
  NORM  :   500 ( 33.7%)
  MI    :   500 ( 33.7%)
  AFIB  :   343 ( 23.1%)
  TACHY :   142 (  9.6%)
Train class distribution:
  NORM  :   849 (33.6%)
  MI    :   851 (33.7%)
  AFIB  :   583 (23.1%)
  TACHY :   241 (9.5%)
Class weights (train counts): NORM=0.573, MI=0.572, AFIB=0.835, TACHY=2.020

Training 25 epochs...

Epoch 01/25 | TLoss:0.4471 TAcc:0.352 | VLoss:0.2811 VAcc:0.557 VF1:0.5284 [BEST]
Epoch 02/25 | TLoss:0.3008 TAcc:0.540 | VLoss:0.1845 VAcc:0.667 VF1:0.6469 [BEST]
Epoch 03/25 | TLoss:0.2183 TAcc:0.651 | VLoss:0.1403 VAcc:0.765 VF1:0.7511 [BEST]
Epoch 04/25 | TLoss:0.1766 TAcc:0.726 | VLoss:0.1178 VAcc:0.805 VF1:0.7912 [BEST]
Epoch 05/25 | TLoss:0.1409 TAcc:0.778 | VLoss:0.1127 VAcc:0.823 VF1:0.8119 [BEST]
Epoch 06/25 | TLoss:0.1142 TAcc:0.794 | VLoss:0.1123 VAcc:0.839 VF1:0.8243 [BEST]
Epoch 07/25 | TLoss:0.1115 TAcc:0.809 | VLoss:0.0986 VAcc:0.868 VF1:0.8541 [BEST]
Epoch 08/25 | TLoss:0.0953 TAcc:0.815 | VLoss:0.0894 VAcc:0.841 VF1:0.8224
Epoch 09/25 | TLoss:0.0940 TAcc:0.824 | VLoss:0.0945 VAcc:0.839 VF1:0.8232
Epoch 10/25 | TLoss:0.0810 TAcc:0.836 | VLoss:0.1079 VAcc:0.857 VF1:0.8340
Epoch 11/25 | TLoss:0.0715 TAcc:0.860 | VLoss:0.0916 VAcc:0.852 VF1:0.8348
Epoch 12/25 | TLoss:0.0689 TAcc:0.870 | VLoss:0.0811 VAcc:0.848 VF1:0.8321
Epoch 13/25 | TLoss:0.0627 TAcc:0.870 | VLoss:0.0935 VAcc:0.852 VF1:0.8347
Epoch 14/25 | TLoss:0.0600 TAcc:0.873 | VLoss:0.0800 VAcc:0.866 VF1:0.8484
Epoch 15/25 | TLoss:0.0587 TAcc:0.874 | VLoss:0.0833 VAcc:0.864 VF1:0.8439
Epoch 16/25 | TLoss:0.0502 TAcc:0.879 | VLoss:0.0868 VAcc:0.855 VF1:0.8417
Epoch 17/25 | TLoss:0.0535 TAcc:0.872 | VLoss:0.0839 VAcc:0.857 VF1:0.8399
Epoch 18/25 | TLoss:0.0465 TAcc:0.891 | VLoss:0.0826 VAcc:0.855 VF1:0.8359
Epoch 19/25 | TLoss:0.0483 TAcc:0.883 | VLoss:0.0869 VAcc:0.872 VF1:0.8529
Epoch 20/25 | TLoss:0.0442 TAcc:0.889 | VLoss:0.0886 VAcc:0.870 VF1:0.8513
Epoch 21/25 | TLoss:0.0459 TAcc:0.887 | VLoss:0.0811 VAcc:0.857 VF1:0.8408
Epoch 22/25 | TLoss:0.0459 TAcc:0.895 | VLoss:0.0785 VAcc:0.864 VF1:0.8474
Epoch 23/25 | TLoss:0.0373 TAcc:0.902 | VLoss:0.0802 VAcc:0.855 VF1:0.8363
Epoch 24/25 | TLoss:0.0471 TAcc:0.891 | VLoss:0.0804 VAcc:0.861 VF1:0.8439
Epoch 25/25 | TLoss:0.0470 TAcc:0.889 | VLoss:0.0804 VAcc:0.866 VF1:0.8451

Best: epoch 7, val F1 = 0.8541
Model saved: expv_A_ptbxl_only_img512_bs32_e25_s1_fold2.pth

Evaluating test set...

============================================================
EXPERIMENT A RESULTS
============================================================
  Test Accuracy  : 0.8626
  Macro F1       : 0.8519
  Weighted F1    : 0.8618
  Macro ROC-AUC  : 0.9675
  Macro PR-AUC   : 0.9217
  Cohen Kappa    : 0.8085
  MCC            : 0.8108
  ECE            : 0.1389

Per-class F1:
  NORM  : F1=0.8949  ROC-AUC=0.9728  PR-AUC=0.9418
  MI    : F1=0.8217  ROC-AUC=0.9341  PR-AUC=0.9052
  AFIB  : F1=0.9021  ROC-AUC=0.9878  PR-AUC=0.9674
  TACHY : F1=0.7886  ROC-AUC=0.9753  PR-AUC=0.8725

Outputs: C:\Users\taimo\OneDrive\Documents 1\work\ecg-synthetic-research\outputs\results\expv_A_ptbxl_only_img512_bs32_e25_s1_fold2
============================================================

Launching GRAD-CAM...

============================================================
GRAD-CAM — expv_A_ptbxl_only_img512_bs32_e25_s1_fold2
============================================================

Generating GRAD-CAM for 1485 test images...
Output: C:\Users\taimo\OneDrive\Documents 1\work\ecg-synthetic-research\outputs\results\expv_A_ptbxl_only_img512_bs32_e25_s1_fold2\gradcam

  Class: NORM
  Saved: gradcam_NORM.png
  Class: MI
  Saved: gradcam_MI.png
  Class: AFIB
  Saved: gradcam_AFIB.png
  Class: TACHY
  Saved: gradcam_TACHY.png

Overview saved: C:\Users\taimo\OneDrive\Documents 1\work\ecg-synthetic-research\outputs\results\expv_A_ptbxl_only_img512_bs32_e25_s1_fold2\gradcam\gradcam_overview.png

============================================================
GRAD-CAM complete — 4 classes visualized
Output folder: C:\Users\taimo\OneDrive\Documents 1\work\ecg-synthetic-research\outputs\results\expv_A_ptbxl_only_img512_bs32_e25_s1_fold2\gradcam
============================================================

============================================================
[4/18] B_s1  --experiment B --seed 1 --fold 0
============================================================

============================================================
Experiment B: PTB-XL + Imagen augmentation
Cross-validation mode: FOLD 0/2 (3-fold CV)
Run name:  expv_B_ptbxl_imagen_img512_bs32_e25_s1_fold0
Device:    cuda
Img size:  512px | Batch: 32 | Epochs: 25
============================================================

Total images: 5094
Per source:
  ptbxl: 4456
  imagen: 638
Per class:
  NORM: 1660
  MI: 1660
  AFIB: 1190
  TACHY: 584
[cache] all 5094 images already cached at 512px

LEAKAGE VERIFICATION REPORT
============================================================
Fold: 0

Train PTB-XL records: 2531 | Unique patients: 2324
Val   PTB-XL records: 439 | Unique patients: 411
Test  PTB-XL records: 1486 | Unique patients: 1369

Patient Overlap:
  Train x Val:  0 patients (0.0% of train)
  Train x Test: 0 patients (0.0% of train)
  Val x Test:   0 patients (0.0% of val)

Leakage Status: [PASSED] No patient overlap
============================================================


[OK] Fold 0: No patient-level leakage

============================================================
FOLD 0 — CLASS DISTRIBUTION
============================================================

Train:
  NORM  :  1010 ( 31.9%)
  MI    :  1014 ( 32.0%)
  AFIB  :   745 ( 23.5%)
  TACHY :   400 ( 12.6%)

Val:
  NORM  :   150 ( 34.2%)
  MI    :   146 ( 33.3%)
  AFIB  :   101 ( 23.0%)
  TACHY :    42 (  9.6%)

Test:
  NORM  :   500 ( 33.6%)
  MI    :   500 ( 33.6%)
  AFIB  :   344 ( 23.1%)
  TACHY :   142 (  9.6%)
Train class distribution:
  NORM  :  1010 (31.9%)
  MI    :  1014 (32.0%)
  AFIB  :   745 (23.5%)
  TACHY :   400 (12.6%)
Class weights (train counts): NORM=0.681, MI=0.678, AFIB=0.923, TACHY=1.719

Training 25 epochs...

Epoch 01/25 | TLoss:0.4895 TAcc:0.415 | VLoss:0.3220 VAcc:0.617 VF1:0.5809 [BEST]
Epoch 02/25 | TLoss:0.3180 TAcc:0.608 | VLoss:0.2057 VAcc:0.765 VF1:0.7516 [BEST]
Epoch 03/25 | TLoss:0.2297 TAcc:0.704 | VLoss:0.1485 VAcc:0.795 VF1:0.7755 [BEST]
Epoch 04/25 | TLoss:0.1720 TAcc:0.773 | VLoss:0.1293 VAcc:0.829 VF1:0.8120 [BEST]
Epoch 05/25 | TLoss:0.1584 TAcc:0.781 | VLoss:0.1064 VAcc:0.854 VF1:0.8379 [BEST]
Epoch 06/25 | TLoss:0.1310 TAcc:0.825 | VLoss:0.0921 VAcc:0.863 VF1:0.8495 [BEST]
Epoch 07/25 | TLoss:0.1149 TAcc:0.831 | VLoss:0.1033 VAcc:0.872 VF1:0.8591 [BEST]
Epoch 08/25 | TLoss:0.1047 TAcc:0.841 | VLoss:0.1106 VAcc:0.868 VF1:0.8595 [BEST]
Epoch 09/25 | TLoss:0.1085 TAcc:0.847 | VLoss:0.1014 VAcc:0.900 VF1:0.8897 [BEST]
Epoch 10/25 | TLoss:0.0850 TAcc:0.871 | VLoss:0.1044 VAcc:0.888 VF1:0.8851
Epoch 11/25 | TLoss:0.0777 TAcc:0.879 | VLoss:0.0875 VAcc:0.895 VF1:0.8828
Epoch 12/25 | TLoss:0.0721 TAcc:0.887 | VLoss:0.1148 VAcc:0.888 VF1:0.8768
Epoch 13/25 | TLoss:0.0677 TAcc:0.889 | VLoss:0.0964 VAcc:0.900 VF1:0.8862
Epoch 14/25 | TLoss:0.0741 TAcc:0.883 | VLoss:0.0900 VAcc:0.897 VF1:0.8873
Epoch 15/25 | TLoss:0.0583 TAcc:0.899 | VLoss:0.0883 VAcc:0.870 VF1:0.8756
Epoch 16/25 | TLoss:0.0588 TAcc:0.901 | VLoss:0.0897 VAcc:0.897 VF1:0.8909 [BEST]
Epoch 17/25 | TLoss:0.0524 TAcc:0.909 | VLoss:0.0987 VAcc:0.911 VF1:0.9001 [BEST]
Epoch 18/25 | TLoss:0.0469 TAcc:0.918 | VLoss:0.0805 VAcc:0.907 VF1:0.9013 [BEST]
Epoch 19/25 | TLoss:0.0503 TAcc:0.909 | VLoss:0.1128 VAcc:0.916 VF1:0.9012
Epoch 20/25 | TLoss:0.0425 TAcc:0.928 | VLoss:0.0868 VAcc:0.902 VF1:0.8922
Epoch 21/25 | TLoss:0.0453 TAcc:0.914 | VLoss:0.0891 VAcc:0.907 VF1:0.9002
Epoch 22/25 | TLoss:0.0458 TAcc:0.915 | VLoss:0.0821 VAcc:0.907 VF1:0.8969
Epoch 23/25 | TLoss:0.0492 TAcc:0.912 | VLoss:0.1138 VAcc:0.904 VF1:0.8946
Epoch 24/25 | TLoss:0.0461 TAcc:0.912 | VLoss:0.0927 VAcc:0.916 VF1:0.9090 [BEST]
Epoch 25/25 | TLoss:0.0443 TAcc:0.916 | VLoss:0.0850 VAcc:0.909 VF1:0.9024

Best: epoch 24, val F1 = 0.9090
Model saved: expv_B_ptbxl_imagen_img512_bs32_e25_s1_fold0.pth

Evaluating test set...

============================================================
EXPERIMENT B RESULTS
============================================================
  Test Accuracy  : 0.8849
  Macro F1       : 0.8787
  Weighted F1    : 0.8840
  Macro ROC-AUC  : 0.9781
  Macro PR-AUC   : 0.9327
  Cohen Kappa    : 0.8382
  MCC            : 0.8400
  ECE            : 0.1012

Per-class F1:
  NORM  : F1=0.8994  ROC-AUC=0.9821  PR-AUC=0.9554
  MI    : F1=0.8553  ROC-AUC=0.9542  PR-AUC=0.9383
  AFIB  : F1=0.9222  ROC-AUC=0.9872  PR-AUC=0.9681
  TACHY : F1=0.8380  ROC-AUC=0.9888  PR-AUC=0.8689

Outputs: C:\Users\taimo\OneDrive\Documents 1\work\ecg-synthetic-research\outputs\results\expv_B_ptbxl_imagen_img512_bs32_e25_s1_fold0
============================================================

Launching GRAD-CAM...

============================================================
GRAD-CAM — expv_B_ptbxl_imagen_img512_bs32_e25_s1_fold0
============================================================

Generating GRAD-CAM for 1486 test images...
Output: C:\Users\taimo\OneDrive\Documents 1\work\ecg-synthetic-research\outputs\results\expv_B_ptbxl_imagen_img512_bs32_e25_s1_fold0\gradcam

  Class: NORM
  Saved: gradcam_NORM.png
  Class: MI
  Saved: gradcam_MI.png
  Class: AFIB
  Saved: gradcam_AFIB.png
  Class: TACHY
  Saved: gradcam_TACHY.png

Overview saved: C:\Users\taimo\OneDrive\Documents 1\work\ecg-synthetic-research\outputs\results\expv_B_ptbxl_imagen_img512_bs32_e25_s1_fold0\gradcam\gradcam_overview.png

============================================================
GRAD-CAM complete — 4 classes visualized
Output folder: C:\Users\taimo\OneDrive\Documents 1\work\ecg-synthetic-research\outputs\results\expv_B_ptbxl_imagen_img512_bs32_e25_s1_fold0\gradcam
============================================================

============================================================
[5/18] B_s1  --experiment B --seed 1 --fold 1
============================================================

============================================================
Experiment B: PTB-XL + Imagen augmentation
Cross-validation mode: FOLD 1/2 (3-fold CV)
Run name:  expv_B_ptbxl_imagen_img512_bs32_e25_s1_fold1
Device:    cuda
Img size:  512px | Batch: 32 | Epochs: 25
============================================================

Total images: 5094
Per source:
  ptbxl: 4456
  imagen: 638
Per class:
  NORM: 1660
  MI: 1660
  AFIB: 1190
  TACHY: 584
[cache] all 5094 images already cached at 512px

LEAKAGE VERIFICATION REPORT
============================================================
Fold: 1

Train PTB-XL records: 2525 | Unique patients: 2324
Val   PTB-XL records: 446 | Unique patients: 411
Test  PTB-XL records: 1485 | Unique patients: 1369

Patient Overlap:
  Train x Val:  0 patients (0.0% of train)
  Train x Test: 0 patients (0.0% of train)
  Val x Test:   0 patients (0.0% of val)

Leakage Status: [PASSED] No patient overlap
============================================================


[OK] Fold 1: No patient-level leakage

============================================================
FOLD 1 — CLASS DISTRIBUTION
============================================================

Train:
  NORM  :  1011 ( 32.0%)
  MI    :  1013 ( 32.0%)
  AFIB  :   744 ( 23.5%)
  TACHY :   395 ( 12.5%)

Val:
  NORM  :   149 ( 33.4%)
  MI    :   147 ( 33.0%)
  AFIB  :   103 ( 23.1%)
  TACHY :    47 ( 10.5%)

Test:
  NORM  :   500 ( 33.7%)
  MI    :   500 ( 33.7%)
  AFIB  :   343 ( 23.1%)
  TACHY :   142 (  9.6%)
Train class distribution:
  NORM  :  1011 (32.0%)
  MI    :  1013 (32.0%)
  AFIB  :   744 (23.5%)
  TACHY :   395 (12.5%)
Class weights (train counts): NORM=0.676, MI=0.675, AFIB=0.919, TACHY=1.730

Training 25 epochs...

Epoch 01/25 | TLoss:0.4796 TAcc:0.415 | VLoss:0.3271 VAcc:0.599 VF1:0.5725 [BEST]
Epoch 02/25 | TLoss:0.2995 TAcc:0.617 | VLoss:0.1933 VAcc:0.742 VF1:0.7374 [BEST]
Epoch 03/25 | TLoss:0.2137 TAcc:0.717 | VLoss:0.1576 VAcc:0.800 VF1:0.8035 [BEST]
Epoch 04/25 | TLoss:0.1654 TAcc:0.780 | VLoss:0.1291 VAcc:0.818 VF1:0.8185 [BEST]
Epoch 05/25 | TLoss:0.1492 TAcc:0.795 | VLoss:0.1093 VAcc:0.827 VF1:0.8269 [BEST]
Epoch 06/25 | TLoss:0.1281 TAcc:0.824 | VLoss:0.1004 VAcc:0.825 VF1:0.8258
Epoch 07/25 | TLoss:0.1238 TAcc:0.825 | VLoss:0.1123 VAcc:0.825 VF1:0.8247
Epoch 08/25 | TLoss:0.1119 TAcc:0.836 | VLoss:0.1040 VAcc:0.861 VF1:0.8646 [BEST]
Epoch 09/25 | TLoss:0.0972 TAcc:0.851 | VLoss:0.0921 VAcc:0.868 VF1:0.8696 [BEST]
Epoch 10/25 | TLoss:0.0909 TAcc:0.862 | VLoss:0.1075 VAcc:0.852 VF1:0.8453
Epoch 11/25 | TLoss:0.0781 TAcc:0.878 | VLoss:0.0996 VAcc:0.870 VF1:0.8726 [BEST]
Epoch 12/25 | TLoss:0.0725 TAcc:0.880 | VLoss:0.1000 VAcc:0.859 VF1:0.8604
Epoch 13/25 | TLoss:0.0660 TAcc:0.891 | VLoss:0.0941 VAcc:0.872 VF1:0.8707
Epoch 14/25 | TLoss:0.0670 TAcc:0.888 | VLoss:0.0904 VAcc:0.868 VF1:0.8711
Epoch 15/25 | TLoss:0.0653 TAcc:0.893 | VLoss:0.1003 VAcc:0.863 VF1:0.8636
Epoch 16/25 | TLoss:0.0637 TAcc:0.896 | VLoss:0.0870 VAcc:0.872 VF1:0.8705
Epoch 17/25 | TLoss:0.0560 TAcc:0.900 | VLoss:0.0896 VAcc:0.868 VF1:0.8645
Epoch 18/25 | TLoss:0.0556 TAcc:0.907 | VLoss:0.0904 VAcc:0.872 VF1:0.8716
Epoch 19/25 | TLoss:0.0522 TAcc:0.913 | VLoss:0.0863 VAcc:0.872 VF1:0.8745 [BEST]
Epoch 20/25 | TLoss:0.0479 TAcc:0.917 | VLoss:0.0877 VAcc:0.870 VF1:0.8723
Epoch 21/25 | TLoss:0.0500 TAcc:0.916 | VLoss:0.0878 VAcc:0.865 VF1:0.8671
Epoch 22/25 | TLoss:0.0501 TAcc:0.910 | VLoss:0.0939 VAcc:0.865 VF1:0.8636
Epoch 23/25 | TLoss:0.0447 TAcc:0.917 | VLoss:0.0952 VAcc:0.868 VF1:0.8665
Epoch 24/25 | TLoss:0.0471 TAcc:0.912 | VLoss:0.0960 VAcc:0.868 VF1:0.8636
Epoch 25/25 | TLoss:0.0477 TAcc:0.911 | VLoss:0.0988 VAcc:0.870 VF1:0.8685

Best: epoch 19, val F1 = 0.8745
Model saved: expv_B_ptbxl_imagen_img512_bs32_e25_s1_fold1.pth

Evaluating test set...

============================================================
EXPERIMENT B RESULTS
============================================================
  Test Accuracy  : 0.8875
  Macro F1       : 0.8744
  Weighted F1    : 0.8885
  Macro ROC-AUC  : 0.9769
  Macro PR-AUC   : 0.9376
  Cohen Kappa    : 0.8432
  MCC            : 0.8445
  ECE            : 0.1174

Per-class F1:
  NORM  : F1=0.9125  ROC-AUC=0.9837  PR-AUC=0.9672
  MI    : F1=0.8611  ROC-AUC=0.9481  PR-AUC=0.9344
  AFIB  : F1=0.9349  ROC-AUC=0.9933  PR-AUC=0.9814
  TACHY : F1=0.7890  ROC-AUC=0.9824  PR-AUC=0.8671

Outputs: C:\Users\taimo\OneDrive\Documents 1\work\ecg-synthetic-research\outputs\results\expv_B_ptbxl_imagen_img512_bs32_e25_s1_fold1
============================================================

Launching GRAD-CAM...

============================================================
GRAD-CAM — expv_B_ptbxl_imagen_img512_bs32_e25_s1_fold1
============================================================

Generating GRAD-CAM for 1485 test images...
Output: C:\Users\taimo\OneDrive\Documents 1\work\ecg-synthetic-research\outputs\results\expv_B_ptbxl_imagen_img512_bs32_e25_s1_fold1\gradcam

  Class: NORM
  Saved: gradcam_NORM.png
  Class: MI
  Saved: gradcam_MI.png
  Class: AFIB
  Saved: gradcam_AFIB.png
  Class: TACHY
  Saved: gradcam_TACHY.png

Overview saved: C:\Users\taimo\OneDrive\Documents 1\work\ecg-synthetic-research\outputs\results\expv_B_ptbxl_imagen_img512_bs32_e25_s1_fold1\gradcam\gradcam_overview.png

============================================================
GRAD-CAM complete — 4 classes visualized
Output folder: C:\Users\taimo\OneDrive\Documents 1\work\ecg-synthetic-research\outputs\results\expv_B_ptbxl_imagen_img512_bs32_e25_s1_fold1\gradcam
============================================================

============================================================
[6/18] B_s1  --experiment B --seed 1 --fold 2
============================================================

============================================================
Experiment B: PTB-XL + Imagen augmentation
Cross-validation mode: FOLD 2/2 (3-fold CV)
Run name:  expv_B_ptbxl_imagen_img512_bs32_e25_s1_fold2
Device:    cuda
Img size:  512px | Batch: 32 | Epochs: 25
============================================================

Total images: 5094
Per source:
  ptbxl: 4456
  imagen: 638
Per class:
  NORM: 1660
  MI: 1660
  AFIB: 1190
  TACHY: 584
[cache] all 5094 images already cached at 512px

LEAKAGE VERIFICATION REPORT
============================================================
Fold: 2

Train PTB-XL records: 2524 | Unique patients: 2327
Val   PTB-XL records: 447 | Unique patients: 411
Test  PTB-XL records: 1485 | Unique patients: 1366

Patient Overlap:
  Train x Val:  0 patients (0.0% of train)
  Train x Test: 0 patients (0.0% of train)
  Val x Test:   0 patients (0.0% of val)

Leakage Status: [PASSED] No patient overlap
============================================================


[OK] Fold 2: No patient-level leakage

============================================================
FOLD 2 — CLASS DISTRIBUTION
============================================================

Train:
  NORM  :  1009 ( 31.9%)
  MI    :  1011 ( 32.0%)
  AFIB  :   743 ( 23.5%)
  TACHY :   399 ( 12.6%)

Val:
  NORM  :   151 ( 33.8%)
  MI    :   149 ( 33.3%)
  AFIB  :   104 ( 23.3%)
  TACHY :    43 (  9.6%)

Test:
  NORM  :   500 ( 33.7%)
  MI    :   500 ( 33.7%)
  AFIB  :   343 ( 23.1%)
  TACHY :   142 (  9.6%)
Train class distribution:
  NORM  :  1009 (31.9%)
  MI    :  1011 (32.0%)
  AFIB  :   743 (23.5%)
  TACHY :   399 (12.6%)
Class weights (train counts): NORM=0.680, MI=0.678, AFIB=0.923, TACHY=1.719

Training 25 epochs...

Epoch 01/25 | TLoss:0.5062 TAcc:0.376 | VLoss:0.3083 VAcc:0.593 VF1:0.5472 [BEST]
Epoch 02/25 | TLoss:0.3174 TAcc:0.597 | VLoss:0.1758 VAcc:0.743 VF1:0.7256 [BEST]
Epoch 03/25 | TLoss:0.2319 TAcc:0.700 | VLoss:0.1465 VAcc:0.770 VF1:0.7426 [BEST]
Epoch 04/25 | TLoss:0.1790 TAcc:0.763 | VLoss:0.1102 VAcc:0.846 VF1:0.8297 [BEST]
Epoch 05/25 | TLoss:0.1521 TAcc:0.792 | VLoss:0.0981 VAcc:0.848 VF1:0.8343 [BEST]
Epoch 06/25 | TLoss:0.1304 TAcc:0.819 | VLoss:0.0983 VAcc:0.870 VF1:0.8614 [BEST]
Epoch 07/25 | TLoss:0.1197 TAcc:0.830 | VLoss:0.0901 VAcc:0.861 VF1:0.8521
Epoch 08/25 | TLoss:0.1094 TAcc:0.843 | VLoss:0.0891 VAcc:0.868 VF1:0.8591
Epoch 09/25 | TLoss:0.0944 TAcc:0.861 | VLoss:0.0902 VAcc:0.864 VF1:0.8490
Epoch 10/25 | TLoss:0.0852 TAcc:0.873 | VLoss:0.0928 VAcc:0.861 VF1:0.8479
Epoch 11/25 | TLoss:0.0804 TAcc:0.874 | VLoss:0.1142 VAcc:0.861 VF1:0.8444
Epoch 12/25 | TLoss:0.0764 TAcc:0.881 | VLoss:0.0934 VAcc:0.875 VF1:0.8663 [BEST]
Epoch 13/25 | TLoss:0.0690 TAcc:0.884 | VLoss:0.0900 VAcc:0.893 VF1:0.8815 [BEST]
Epoch 14/25 | TLoss:0.0639 TAcc:0.885 | VLoss:0.0900 VAcc:0.870 VF1:0.8621
Epoch 15/25 | TLoss:0.0566 TAcc:0.897 | VLoss:0.0846 VAcc:0.884 VF1:0.8760
Epoch 16/25 | TLoss:0.0523 TAcc:0.905 | VLoss:0.0884 VAcc:0.890 VF1:0.8807
Epoch 17/25 | TLoss:0.0477 TAcc:0.915 | VLoss:0.0908 VAcc:0.895 VF1:0.8899 [BEST]
Epoch 18/25 | TLoss:0.0513 TAcc:0.904 | VLoss:0.0823 VAcc:0.895 VF1:0.8818
Epoch 19/25 | TLoss:0.0464 TAcc:0.910 | VLoss:0.0850 VAcc:0.881 VF1:0.8750
Epoch 20/25 | TLoss:0.0445 TAcc:0.920 | VLoss:0.0943 VAcc:0.899 VF1:0.8936 [BEST]
Epoch 21/25 | TLoss:0.0455 TAcc:0.919 | VLoss:0.0883 VAcc:0.890 VF1:0.8819
Epoch 22/25 | TLoss:0.0396 TAcc:0.923 | VLoss:0.0872 VAcc:0.888 VF1:0.8759
Epoch 23/25 | TLoss:0.0436 TAcc:0.915 | VLoss:0.0865 VAcc:0.893 VF1:0.8793
Epoch 24/25 | TLoss:0.0423 TAcc:0.928 | VLoss:0.0859 VAcc:0.881 VF1:0.8714
Epoch 25/25 | TLoss:0.0439 TAcc:0.919 | VLoss:0.0813 VAcc:0.893 VF1:0.8810

Best: epoch 20, val F1 = 0.8936
Model saved: expv_B_ptbxl_imagen_img512_bs32_e25_s1_fold2.pth

Evaluating test set...

============================================================
EXPERIMENT B RESULTS
============================================================
  Test Accuracy  : 0.9037
  Macro F1       : 0.8963
  Weighted F1    : 0.9036
  Macro ROC-AUC  : 0.9783
  Macro PR-AUC   : 0.9441
  Cohen Kappa    : 0.8649
  MCC            : 0.8656
  ECE            : 0.1127

Per-class F1:
  NORM  : F1=0.9252  ROC-AUC=0.9822  PR-AUC=0.9564
  MI    : F1=0.8778  ROC-AUC=0.9616  PR-AUC=0.9429
  AFIB  : F1=0.9318  ROC-AUC=0.9931  PR-AUC=0.9828
  TACHY : F1=0.8505  ROC-AUC=0.9762  PR-AUC=0.8941

Outputs: C:\Users\taimo\OneDrive\Documents 1\work\ecg-synthetic-research\outputs\results\expv_B_ptbxl_imagen_img512_bs32_e25_s1_fold2
============================================================

Launching GRAD-CAM...

============================================================
GRAD-CAM — expv_B_ptbxl_imagen_img512_bs32_e25_s1_fold2
============================================================

Generating GRAD-CAM for 1485 test images...
Output: C:\Users\taimo\OneDrive\Documents 1\work\ecg-synthetic-research\outputs\results\expv_B_ptbxl_imagen_img512_bs32_e25_s1_fold2\gradcam

  Class: NORM
  Saved: gradcam_NORM.png
  Class: MI
  Saved: gradcam_MI.png
  Class: AFIB
  Saved: gradcam_AFIB.png
  Class: TACHY
  Saved: gradcam_TACHY.png

Overview saved: C:\Users\taimo\OneDrive\Documents 1\work\ecg-synthetic-research\outputs\results\expv_B_ptbxl_imagen_img512_bs32_e25_s1_fold2\gradcam\gradcam_overview.png

============================================================
GRAD-CAM complete — 4 classes visualized
Output folder: C:\Users\taimo\OneDrive\Documents 1\work\ecg-synthetic-research\outputs\results\expv_B_ptbxl_imagen_img512_bs32_e25_s1_fold2\gradcam
============================================================

============================================================
[7/18] V4_s1  --experiment C --synth-cap 500 --seed 1 --fold 0
============================================================

============================================================
Experiment C: PTB-XL + Imagen + NeuroKit2 augmentation
Cross-validation mode: FOLD 0/2 (3-fold CV)
Run name:  expv_C_ptbxl_imagen_neurokit2_img512_bs32_e25_s1_sc500_fold0
Device:    cuda
Img size:  512px | Batch: 32 | Epochs: 25
============================================================

Total images: 7094
Per source:
  ptbxl: 4456
  imagen: 638
  neurokit2: 2000
Per class:
  NORM: 2160
  MI: 2160
  AFIB: 1690
  TACHY: 1084
[cache] all 7094 images already cached at 512px

LEAKAGE VERIFICATION REPORT
============================================================
Fold: 0

Train PTB-XL records: 2531 | Unique patients: 2324
Val   PTB-XL records: 439 | Unique patients: 411
Test  PTB-XL records: 1486 | Unique patients: 1369

Patient Overlap:
  Train x Val:  0 patients (0.0% of train)
  Train x Test: 0 patients (0.0% of train)
  Val x Test:   0 patients (0.0% of val)

Leakage Status: [PASSED] No patient overlap
============================================================


[OK] Fold 0: No patient-level leakage

============================================================
FOLD 0 — CLASS DISTRIBUTION
============================================================

Train:
  NORM  :  1510 ( 29.2%)
  MI    :  1514 ( 29.3%)
  AFIB  :  1245 ( 24.1%)
  TACHY :   900 ( 17.4%)

Val:
  NORM  :   150 ( 34.2%)
  MI    :   146 ( 33.3%)
  AFIB  :   101 ( 23.0%)
  TACHY :    42 (  9.6%)

Test:
  NORM  :   500 ( 33.6%)
  MI    :   500 ( 33.6%)
  AFIB  :   344 ( 23.1%)
  TACHY :   142 (  9.6%)
Train class distribution:
  NORM  :  1510 (29.2%)
  MI    :  1514 (29.3%)
  AFIB  :  1245 (24.1%)
  TACHY :   900 (17.4%)
Class weights (train counts): NORM=0.818, MI=0.816, AFIB=0.993, TACHY=1.373

Training 25 epochs...

Epoch 01/25 | TLoss:0.4408 TAcc:0.529 | VLoss:0.3241 VAcc:0.674 VF1:0.6392 [BEST]
Epoch 02/25 | TLoss:0.2308 TAcc:0.735 | VLoss:0.2004 VAcc:0.806 VF1:0.7831 [BEST]
Epoch 03/25 | TLoss:0.1681 TAcc:0.822 | VLoss:0.1788 VAcc:0.827 VF1:0.8106 [BEST]
Epoch 04/25 | TLoss:0.1256 TAcc:0.861 | VLoss:0.1696 VAcc:0.815 VF1:0.8059
Epoch 05/25 | TLoss:0.1016 TAcc:0.884 | VLoss:0.1436 VAcc:0.856 VF1:0.8376 [BEST]
Epoch 06/25 | TLoss:0.0843 TAcc:0.896 | VLoss:0.1165 VAcc:0.893 VF1:0.8799 [BEST]
Epoch 07/25 | TLoss:0.0768 TAcc:0.915 | VLoss:0.1292 VAcc:0.888 VF1:0.8740
Epoch 08/25 | TLoss:0.0692 TAcc:0.913 | VLoss:0.1047 VAcc:0.904 VF1:0.8921 [BEST]
Epoch 09/25 | TLoss:0.0652 TAcc:0.922 | VLoss:0.1095 VAcc:0.897 VF1:0.8867
Epoch 10/25 | TLoss:0.0540 TAcc:0.934 | VLoss:0.1199 VAcc:0.893 VF1:0.8961 [BEST]
Epoch 11/25 | TLoss:0.0481 TAcc:0.936 | VLoss:0.1029 VAcc:0.904 VF1:0.9013 [BEST]
Epoch 12/25 | TLoss:0.0380 TAcc:0.948 | VLoss:0.0934 VAcc:0.909 VF1:0.9058 [BEST]
Epoch 13/25 | TLoss:0.0432 TAcc:0.947 | VLoss:0.1021 VAcc:0.897 VF1:0.8936
Epoch 14/25 | TLoss:0.0364 TAcc:0.952 | VLoss:0.1053 VAcc:0.904 VF1:0.8987
Epoch 15/25 | TLoss:0.0376 TAcc:0.947 | VLoss:0.0980 VAcc:0.904 VF1:0.8990
Epoch 16/25 | TLoss:0.0306 TAcc:0.957 | VLoss:0.0980 VAcc:0.913 VF1:0.9095 [BEST]
Epoch 17/25 | TLoss:0.0317 TAcc:0.960 | VLoss:0.1033 VAcc:0.884 VF1:0.8788
Epoch 18/25 | TLoss:0.0293 TAcc:0.960 | VLoss:0.1084 VAcc:0.909 VF1:0.8981
Epoch 19/25 | TLoss:0.0271 TAcc:0.960 | VLoss:0.0988 VAcc:0.907 VF1:0.8983
Epoch 20/25 | TLoss:0.0242 TAcc:0.965 | VLoss:0.1121 VAcc:0.918 VF1:0.9110 [BEST]
Epoch 21/25 | TLoss:0.0230 TAcc:0.963 | VLoss:0.1029 VAcc:0.904 VF1:0.8984
Epoch 22/25 | TLoss:0.0244 TAcc:0.964 | VLoss:0.0978 VAcc:0.911 VF1:0.9005
Epoch 23/25 | TLoss:0.0234 TAcc:0.968 | VLoss:0.0987 VAcc:0.909 VF1:0.9037
Epoch 24/25 | TLoss:0.0219 TAcc:0.969 | VLoss:0.0974 VAcc:0.900 VF1:0.8895
Epoch 25/25 | TLoss:0.0202 TAcc:0.970 | VLoss:0.1127 VAcc:0.911 VF1:0.9033

Best: epoch 20, val F1 = 0.9110
Model saved: expv_C_ptbxl_imagen_neurokit2_img512_bs32_e25_s1_sc500_fold0.pth

Evaluating test set...

============================================================
EXPERIMENT C RESULTS
============================================================
  Test Accuracy  : 0.8903
  Macro F1       : 0.8804
  Weighted F1    : 0.8893
  Macro ROC-AUC  : 0.9796
  Macro PR-AUC   : 0.9328
  Cohen Kappa    : 0.8454
  MCC            : 0.8461
  ECE            : 0.0747

Per-class F1:
  NORM  : F1=0.9122  ROC-AUC=0.9848  PR-AUC=0.9627
  MI    : F1=0.8604  ROC-AUC=0.9567  PR-AUC=0.9410
  AFIB  : F1=0.9253  ROC-AUC=0.9892  PR-AUC=0.9700
  TACHY : F1=0.8235  ROC-AUC=0.9879  PR-AUC=0.8575

Outputs: C:\Users\taimo\OneDrive\Documents 1\work\ecg-synthetic-research\outputs\results\expv_C_ptbxl_imagen_neurokit2_img512_bs32_e25_s1_sc500_fold0
============================================================

Launching GRAD-CAM...

============================================================
GRAD-CAM — expv_C_ptbxl_imagen_neurokit2_img512_bs32_e25_s1_sc500_fold0
============================================================

Generating GRAD-CAM for 1486 test images...
Output: C:\Users\taimo\OneDrive\Documents 1\work\ecg-synthetic-research\outputs\results\expv_C_ptbxl_imagen_neurokit2_img512_bs32_e25_s1_sc500_fold0\gradcam

  Class: NORM
  Saved: gradcam_NORM.png
  Class: MI
  Saved: gradcam_MI.png
  Class: AFIB
  Saved: gradcam_AFIB.png
  Class: TACHY
  Saved: gradcam_TACHY.png

Overview saved: C:\Users\taimo\OneDrive\Documents 1\work\ecg-synthetic-research\outputs\results\expv_C_ptbxl_imagen_neurokit2_img512_bs32_e25_s1_sc500_fold0\gradcam\gradcam_overview.png

============================================================
GRAD-CAM complete — 4 classes visualized
Output folder: C:\Users\taimo\OneDrive\Documents 1\work\ecg-synthetic-research\outputs\results\expv_C_ptbxl_imagen_neurokit2_img512_bs32_e25_s1_sc500_fold0\gradcam
============================================================

============================================================
[8/18] V4_s1  --experiment C --synth-cap 500 --seed 1 --fold 1
============================================================

============================================================
Experiment C: PTB-XL + Imagen + NeuroKit2 augmentation
Cross-validation mode: FOLD 1/2 (3-fold CV)
Run name:  expv_C_ptbxl_imagen_neurokit2_img512_bs32_e25_s1_sc500_fold1
Device:    cuda
Img size:  512px | Batch: 32 | Epochs: 25
============================================================

Total images: 7094
Per source:
  ptbxl: 4456
  imagen: 638
  neurokit2: 2000
Per class:
  NORM: 2160
  MI: 2160
  AFIB: 1690
  TACHY: 1084
[cache] all 7094 images already cached at 512px

LEAKAGE VERIFICATION REPORT
============================================================
Fold: 1

Train PTB-XL records: 2525 | Unique patients: 2324
Val   PTB-XL records: 446 | Unique patients: 411
Test  PTB-XL records: 1485 | Unique patients: 1369

Patient Overlap:
  Train x Val:  0 patients (0.0% of train)
  Train x Test: 0 patients (0.0% of train)
  Val x Test:   0 patients (0.0% of val)

Leakage Status: [PASSED] No patient overlap
============================================================


[OK] Fold 1: No patient-level leakage

============================================================
FOLD 1 — CLASS DISTRIBUTION
============================================================

Train:
  NORM  :  1511 ( 29.3%)
  MI    :  1513 ( 29.3%)
  AFIB  :  1244 ( 24.1%)
  TACHY :   895 ( 17.3%)

Val:
  NORM  :   149 ( 33.4%)
  MI    :   147 ( 33.0%)
  AFIB  :   103 ( 23.1%)
  TACHY :    47 ( 10.5%)

Test:
  NORM  :   500 ( 33.7%)
  MI    :   500 ( 33.7%)
  AFIB  :   343 ( 23.1%)
  TACHY :   142 (  9.6%)
Train class distribution:
  NORM  :  1511 (29.3%)
  MI    :  1513 (29.3%)
  AFIB  :  1244 (24.1%)
  TACHY :   895 (17.3%)
Class weights (train counts): NORM=0.816, MI=0.815, AFIB=0.991, TACHY=1.378

Training 25 epochs...

Epoch 01/25 | TLoss:0.4408 TAcc:0.521 | VLoss:0.3313 VAcc:0.661 VF1:0.6697 [BEST]
Epoch 02/25 | TLoss:0.2275 TAcc:0.742 | VLoss:0.2110 VAcc:0.800 VF1:0.7860 [BEST]
Epoch 03/25 | TLoss:0.1567 TAcc:0.826 | VLoss:0.1548 VAcc:0.841 VF1:0.8351 [BEST]
Epoch 04/25 | TLoss:0.1190 TAcc:0.867 | VLoss:0.1367 VAcc:0.834 VF1:0.8290
Epoch 05/25 | TLoss:0.0980 TAcc:0.888 | VLoss:0.1384 VAcc:0.852 VF1:0.8370 [BEST]
Epoch 06/25 | TLoss:0.0833 TAcc:0.902 | VLoss:0.1373 VAcc:0.850 VF1:0.8425 [BEST]
Epoch 07/25 | TLoss:0.0732 TAcc:0.908 | VLoss:0.1142 VAcc:0.854 VF1:0.8531 [BEST]
Epoch 08/25 | TLoss:0.0731 TAcc:0.912 | VLoss:0.1273 VAcc:0.841 VF1:0.8273
Epoch 09/25 | TLoss:0.0619 TAcc:0.924 | VLoss:0.1152 VAcc:0.863 VF1:0.8588 [BEST]
Epoch 10/25 | TLoss:0.0519 TAcc:0.938 | VLoss:0.1078 VAcc:0.865 VF1:0.8628 [BEST]
Epoch 11/25 | TLoss:0.0501 TAcc:0.936 | VLoss:0.1068 VAcc:0.859 VF1:0.8592
Epoch 12/25 | TLoss:0.0462 TAcc:0.936 | VLoss:0.1020 VAcc:0.877 VF1:0.8774 [BEST]
Epoch 13/25 | TLoss:0.0437 TAcc:0.944 | VLoss:0.0999 VAcc:0.879 VF1:0.8799 [BEST]
Epoch 14/25 | TLoss:0.0392 TAcc:0.947 | VLoss:0.1067 VAcc:0.874 VF1:0.8745
Epoch 15/25 | TLoss:0.0349 TAcc:0.954 | VLoss:0.1015 VAcc:0.890 VF1:0.8891 [BEST]
Epoch 16/25 | TLoss:0.0336 TAcc:0.956 | VLoss:0.0993 VAcc:0.883 VF1:0.8833
Epoch 17/25 | TLoss:0.0315 TAcc:0.955 | VLoss:0.1009 VAcc:0.890 VF1:0.8893 [BEST]
Epoch 18/25 | TLoss:0.0301 TAcc:0.959 | VLoss:0.1049 VAcc:0.883 VF1:0.8868
Epoch 19/25 | TLoss:0.0293 TAcc:0.960 | VLoss:0.1072 VAcc:0.890 VF1:0.8943 [BEST]
Epoch 20/25 | TLoss:0.0256 TAcc:0.962 | VLoss:0.1097 VAcc:0.881 VF1:0.8795
Epoch 21/25 | TLoss:0.0233 TAcc:0.966 | VLoss:0.1059 VAcc:0.881 VF1:0.8801
Epoch 22/25 | TLoss:0.0276 TAcc:0.964 | VLoss:0.1056 VAcc:0.877 VF1:0.8755
Epoch 23/25 | TLoss:0.0241 TAcc:0.966 | VLoss:0.1033 VAcc:0.883 VF1:0.8795
Epoch 24/25 | TLoss:0.0231 TAcc:0.968 | VLoss:0.1035 VAcc:0.881 VF1:0.8761
Epoch 25/25 | TLoss:0.0226 TAcc:0.965 | VLoss:0.1051 VAcc:0.881 VF1:0.8827

Best: epoch 19, val F1 = 0.8943
Model saved: expv_C_ptbxl_imagen_neurokit2_img512_bs32_e25_s1_sc500_fold1.pth

Evaluating test set...

============================================================
EXPERIMENT C RESULTS
============================================================
  Test Accuracy  : 0.8902
  Macro F1       : 0.8790
  Weighted F1    : 0.8904
  Macro ROC-AUC  : 0.9799
  Macro PR-AUC   : 0.9352
  Cohen Kappa    : 0.8466
  MCC            : 0.8482
  ECE            : 0.0817

Per-class F1:
  NORM  : F1=0.9089  ROC-AUC=0.9833  PR-AUC=0.9661
  MI    : F1=0.8605  ROC-AUC=0.9579  PR-AUC=0.9432
  AFIB  : F1=0.9429  ROC-AUC=0.9951  PR-AUC=0.9827
  TACHY : F1=0.8038  ROC-AUC=0.9834  PR-AUC=0.8490

Outputs: C:\Users\taimo\OneDrive\Documents 1\work\ecg-synthetic-research\outputs\results\expv_C_ptbxl_imagen_neurokit2_img512_bs32_e25_s1_sc500_fold1
============================================================

Launching GRAD-CAM...

============================================================
GRAD-CAM — expv_C_ptbxl_imagen_neurokit2_img512_bs32_e25_s1_sc500_fold1
============================================================

Generating GRAD-CAM for 1485 test images...
Output: C:\Users\taimo\OneDrive\Documents 1\work\ecg-synthetic-research\outputs\results\expv_C_ptbxl_imagen_neurokit2_img512_bs32_e25_s1_sc500_fold1\gradcam

  Class: NORM
  Saved: gradcam_NORM.png
  Class: MI
  Saved: gradcam_MI.png
  Class: AFIB
  Saved: gradcam_AFIB.png
  Class: TACHY
  Saved: gradcam_TACHY.png

Overview saved: C:\Users\taimo\OneDrive\Documents 1\work\ecg-synthetic-research\outputs\results\expv_C_ptbxl_imagen_neurokit2_img512_bs32_e25_s1_sc500_fold1\gradcam\gradcam_overview.png

============================================================
GRAD-CAM complete — 4 classes visualized
Output folder: C:\Users\taimo\OneDrive\Documents 1\work\ecg-synthetic-research\outputs\results\expv_C_ptbxl_imagen_neurokit2_img512_bs32_e25_s1_sc500_fold1\gradcam
============================================================

============================================================
[9/18] V4_s1  --experiment C --synth-cap 500 --seed 1 --fold 2
============================================================

============================================================
Experiment C: PTB-XL + Imagen + NeuroKit2 augmentation
Cross-validation mode: FOLD 2/2 (3-fold CV)
Run name:  expv_C_ptbxl_imagen_neurokit2_img512_bs32_e25_s1_sc500_fold2
Device:    cuda
Img size:  512px | Batch: 32 | Epochs: 25
============================================================

Total images: 7094
Per source:
  ptbxl: 4456
  imagen: 638
  neurokit2: 2000
Per class:
  NORM: 2160
  MI: 2160
  AFIB: 1690
  TACHY: 1084
[cache] all 7094 images already cached at 512px

LEAKAGE VERIFICATION REPORT
============================================================
Fold: 2

Train PTB-XL records: 2524 | Unique patients: 2327
Val   PTB-XL records: 447 | Unique patients: 411
Test  PTB-XL records: 1485 | Unique patients: 1366

Patient Overlap:
  Train x Val:  0 patients (0.0% of train)
  Train x Test: 0 patients (0.0% of train)
  Val x Test:   0 patients (0.0% of val)

Leakage Status: [PASSED] No patient overlap
============================================================


[OK] Fold 2: No patient-level leakage

============================================================
FOLD 2 — CLASS DISTRIBUTION
============================================================

Train:
  NORM  :  1509 ( 29.2%)
  MI    :  1511 ( 29.3%)
  AFIB  :  1243 ( 24.1%)
  TACHY :   899 ( 17.4%)

Val:
  NORM  :   151 ( 33.8%)
  MI    :   149 ( 33.3%)
  AFIB  :   104 ( 23.3%)
  TACHY :    43 (  9.6%)

Test:
  NORM  :   500 ( 33.7%)
  MI    :   500 ( 33.7%)
  AFIB  :   343 ( 23.1%)
  TACHY :   142 (  9.6%)
Train class distribution:
  NORM  :  1509 (29.2%)
  MI    :  1511 (29.3%)
  AFIB  :  1243 (24.1%)
  TACHY :   899 (17.4%)
Class weights (train counts): NORM=0.818, MI=0.817, AFIB=0.993, TACHY=1.373

Training 25 epochs...

Epoch 01/25 | TLoss:0.4374 TAcc:0.530 | VLoss:0.3303 VAcc:0.671 VF1:0.6441 [BEST]
Epoch 02/25 | TLoss:0.2366 TAcc:0.735 | VLoss:0.1967 VAcc:0.738 VF1:0.7427 [BEST]
Epoch 03/25 | TLoss:0.1653 TAcc:0.817 | VLoss:0.1615 VAcc:0.828 VF1:0.8157 [BEST]
Epoch 04/25 | TLoss:0.1286 TAcc:0.856 | VLoss:0.1242 VAcc:0.841 VF1:0.8226 [BEST]
Epoch 05/25 | TLoss:0.1014 TAcc:0.884 | VLoss:0.1064 VAcc:0.879 VF1:0.8627 [BEST]
Epoch 06/25 | TLoss:0.0868 TAcc:0.904 | VLoss:0.1155 VAcc:0.888 VF1:0.8736 [BEST]
Epoch 07/25 | TLoss:0.0741 TAcc:0.912 | VLoss:0.1074 VAcc:0.875 VF1:0.8585
Epoch 08/25 | TLoss:0.0663 TAcc:0.917 | VLoss:0.1055 VAcc:0.879 VF1:0.8647
Epoch 09/25 | TLoss:0.0585 TAcc:0.927 | VLoss:0.0987 VAcc:0.906 VF1:0.8908 [BEST]
Epoch 10/25 | TLoss:0.0533 TAcc:0.937 | VLoss:0.1040 VAcc:0.881 VF1:0.8645
Epoch 11/25 | TLoss:0.0485 TAcc:0.941 | VLoss:0.1060 VAcc:0.886 VF1:0.8655
Epoch 12/25 | TLoss:0.0430 TAcc:0.941 | VLoss:0.1156 VAcc:0.886 VF1:0.8643
Epoch 13/25 | TLoss:0.0387 TAcc:0.950 | VLoss:0.1003 VAcc:0.890 VF1:0.8733
Epoch 14/25 | TLoss:0.0380 TAcc:0.950 | VLoss:0.0967 VAcc:0.884 VF1:0.8738
Epoch 15/25 | TLoss:0.0333 TAcc:0.952 | VLoss:0.1140 VAcc:0.877 VF1:0.8547
Epoch 16/25 | TLoss:0.0306 TAcc:0.955 | VLoss:0.1180 VAcc:0.879 VF1:0.8594
Epoch 17/25 | TLoss:0.0272 TAcc:0.959 | VLoss:0.1103 VAcc:0.893 VF1:0.8807
Epoch 18/25 | TLoss:0.0258 TAcc:0.963 | VLoss:0.1110 VAcc:0.884 VF1:0.8668
Epoch 19/25 | TLoss:0.0282 TAcc:0.961 | VLoss:0.1226 VAcc:0.888 VF1:0.8706
Epoch 20/25 | TLoss:0.0253 TAcc:0.964 | VLoss:0.1164 VAcc:0.884 VF1:0.8623
Epoch 21/25 | TLoss:0.0247 TAcc:0.964 | VLoss:0.1159 VAcc:0.886 VF1:0.8691
Epoch 22/25 | TLoss:0.0211 TAcc:0.969 | VLoss:0.1212 VAcc:0.886 VF1:0.8666
Epoch 23/25 | TLoss:0.0224 TAcc:0.967 | VLoss:0.1121 VAcc:0.890 VF1:0.8704
Epoch 24/25 | TLoss:0.0209 TAcc:0.968 | VLoss:0.1172 VAcc:0.895 VF1:0.8801
Epoch 25/25 | TLoss:0.0230 TAcc:0.965 | VLoss:0.1157 VAcc:0.884 VF1:0.8664

Best: epoch 9, val F1 = 0.8908
Model saved: expv_C_ptbxl_imagen_neurokit2_img512_bs32_e25_s1_sc500_fold2.pth

Evaluating test set...

============================================================
EXPERIMENT C RESULTS
============================================================
  Test Accuracy  : 0.8896
  Macro F1       : 0.8784
  Weighted F1    : 0.8900
  Macro ROC-AUC  : 0.9777
  Macro PR-AUC   : 0.9367
  Cohen Kappa    : 0.8457
  MCC            : 0.8468
  ECE            : 0.0952

Per-class F1:
  NORM  : F1=0.9171  ROC-AUC=0.9839  PR-AUC=0.9631
  MI    : F1=0.8604  ROC-AUC=0.9554  PR-AUC=0.9370
  AFIB  : F1=0.9272  ROC-AUC=0.9920  PR-AUC=0.9793
  TACHY : F1=0.8088  ROC-AUC=0.9794  PR-AUC=0.8676

Outputs: C:\Users\taimo\OneDrive\Documents 1\work\ecg-synthetic-research\outputs\results\expv_C_ptbxl_imagen_neurokit2_img512_bs32_e25_s1_sc500_fold2
============================================================

Launching GRAD-CAM...

============================================================
GRAD-CAM — expv_C_ptbxl_imagen_neurokit2_img512_bs32_e25_s1_sc500_fold2
============================================================

Generating GRAD-CAM for 1485 test images...
Output: C:\Users\taimo\OneDrive\Documents 1\work\ecg-synthetic-research\outputs\results\expv_C_ptbxl_imagen_neurokit2_img512_bs32_e25_s1_sc500_fold2\gradcam

  Class: NORM
  Saved: gradcam_NORM.png
  Class: MI
  Saved: gradcam_MI.png
  Class: AFIB
  Saved: gradcam_AFIB.png
  Class: TACHY
  Saved: gradcam_TACHY.png

Overview saved: C:\Users\taimo\OneDrive\Documents 1\work\ecg-synthetic-research\outputs\results\expv_C_ptbxl_imagen_neurokit2_img512_bs32_e25_s1_sc500_fold2\gradcam\gradcam_overview.png

============================================================
GRAD-CAM complete — 4 classes visualized
Output folder: C:\Users\taimo\OneDrive\Documents 1\work\ecg-synthetic-research\outputs\results\expv_C_ptbxl_imagen_neurokit2_img512_bs32_e25_s1_sc500_fold2\gradcam
============================================================

============================================================
[10/18] A_s2  --experiment A --seed 2 --fold 0
============================================================

============================================================
Experiment A: Baseline — PTB-XL real only
Cross-validation mode: FOLD 0/2 (3-fold CV)
Run name:  expv_A_ptbxl_only_img512_bs32_e25_s2_fold0
Device:    cuda
Img size:  512px | Batch: 32 | Epochs: 25
============================================================

Total images: 4456
Per source:
  ptbxl: 4456
Per class:
  NORM: 1500
  MI: 1500
  AFIB: 1030
  TACHY: 426
[cache] all 4456 images already cached at 512px

LEAKAGE VERIFICATION REPORT
============================================================
Fold: 0

Train PTB-XL records: 2534 | Unique patients: 2325
Val   PTB-XL records: 437 | Unique patients: 411
Test  PTB-XL records: 1485 | Unique patients: 1368

Patient Overlap:
  Train x Val:  0 patients (0.0% of train)
  Train x Test: 0 patients (0.0% of train)
  Val x Test:   0 patients (0.0% of val)

Leakage Status: [PASSED] No patient overlap
============================================================


[OK] Fold 0: No patient-level leakage

============================================================
FOLD 0 — CLASS DISTRIBUTION
============================================================

Train:
  NORM  :   851 ( 33.6%)
  MI    :   850 ( 33.5%)
  AFIB  :   593 ( 23.4%)
  TACHY :   240 (  9.5%)

Val:
  NORM  :   149 ( 34.1%)
  MI    :   150 ( 34.3%)
  AFIB  :    94 ( 21.5%)
  TACHY :    44 ( 10.1%)

Test:
  NORM  :   500 ( 33.7%)
  MI    :   500 ( 33.7%)
  AFIB  :   343 ( 23.1%)
  TACHY :   142 (  9.6%)
Train class distribution:
  NORM  :   851 (33.6%)
  MI    :   850 (33.5%)
  AFIB  :   593 (23.4%)
  TACHY :   240 (9.5%)
Class weights (train counts): NORM=0.573, MI=0.574, AFIB=0.822, TACHY=2.031

Training 25 epochs...

Epoch 01/25 | TLoss:0.4266 TAcc:0.359 | VLoss:0.3156 VAcc:0.490 VF1:0.4197 [BEST]
Epoch 02/25 | TLoss:0.2778 TAcc:0.576 | VLoss:0.2024 VAcc:0.689 VF1:0.6670 [BEST]
Epoch 03/25 | TLoss:0.1990 TAcc:0.682 | VLoss:0.1505 VAcc:0.789 VF1:0.7802 [BEST]
Epoch 04/25 | TLoss:0.1532 TAcc:0.742 | VLoss:0.1232 VAcc:0.773 VF1:0.7603
Epoch 05/25 | TLoss:0.1367 TAcc:0.770 | VLoss:0.1171 VAcc:0.778 VF1:0.7613
Epoch 06/25 | TLoss:0.1189 TAcc:0.794 | VLoss:0.0994 VAcc:0.854 VF1:0.8453 [BEST]
Epoch 07/25 | TLoss:0.1082 TAcc:0.811 | VLoss:0.0898 VAcc:0.863 VF1:0.8607 [BEST]
Epoch 08/25 | TLoss:0.0922 TAcc:0.826 | VLoss:0.0885 VAcc:0.863 VF1:0.8594
Epoch 09/25 | TLoss:0.0888 TAcc:0.835 | VLoss:0.0852 VAcc:0.874 VF1:0.8703 [BEST]
Epoch 10/25 | TLoss:0.0852 TAcc:0.840 | VLoss:0.0825 VAcc:0.872 VF1:0.8673
Epoch 11/25 | TLoss:0.0849 TAcc:0.848 | VLoss:0.0876 VAcc:0.842 VF1:0.8329
Epoch 12/25 | TLoss:0.0650 TAcc:0.863 | VLoss:0.0775 VAcc:0.872 VF1:0.8648
Epoch 13/25 | TLoss:0.0696 TAcc:0.857 | VLoss:0.0815 VAcc:0.865 VF1:0.8530
Epoch 14/25 | TLoss:0.0563 TAcc:0.869 | VLoss:0.0975 VAcc:0.876 VF1:0.8737 [BEST]
Epoch 15/25 | TLoss:0.0610 TAcc:0.877 | VLoss:0.0816 VAcc:0.865 VF1:0.8578
Epoch 16/25 | TLoss:0.0563 TAcc:0.876 | VLoss:0.0891 VAcc:0.863 VF1:0.8543
Epoch 17/25 | TLoss:0.0488 TAcc:0.878 | VLoss:0.0831 VAcc:0.870 VF1:0.8637
Epoch 18/25 | TLoss:0.0483 TAcc:0.878 | VLoss:0.0827 VAcc:0.881 VF1:0.8795 [BEST]
Epoch 19/25 | TLoss:0.0491 TAcc:0.888 | VLoss:0.0805 VAcc:0.874 VF1:0.8688
Epoch 20/25 | TLoss:0.0442 TAcc:0.889 | VLoss:0.0774 VAcc:0.886 VF1:0.8799 [BEST]
Epoch 21/25 | TLoss:0.0467 TAcc:0.892 | VLoss:0.0839 VAcc:0.860 VF1:0.8498
Epoch 22/25 | TLoss:0.0478 TAcc:0.888 | VLoss:0.0822 VAcc:0.865 VF1:0.8576
Epoch 23/25 | TLoss:0.0485 TAcc:0.886 | VLoss:0.0829 VAcc:0.860 VF1:0.8540
Epoch 24/25 | TLoss:0.0468 TAcc:0.885 | VLoss:0.0800 VAcc:0.867 VF1:0.8556
Epoch 25/25 | TLoss:0.0449 TAcc:0.888 | VLoss:0.0836 VAcc:0.863 VF1:0.8536

Best: epoch 20, val F1 = 0.8799
Model saved: expv_A_ptbxl_only_img512_bs32_e25_s2_fold0.pth

Evaluating test set...

============================================================
EXPERIMENT A RESULTS
============================================================
  Test Accuracy  : 0.8788
  Macro F1       : 0.8685
  Weighted F1    : 0.8786
  Macro ROC-AUC  : 0.9753
  Macro PR-AUC   : 0.9373
  Cohen Kappa    : 0.8308
  MCC            : 0.8348
  ECE            : 0.1130

Per-class F1:
  NORM  : F1=0.8995  ROC-AUC=0.9790  PR-AUC=0.9549
  MI    : F1=0.8423  ROC-AUC=0.9452  PR-AUC=0.9257
  AFIB  : F1=0.9345  ROC-AUC=0.9936  PR-AUC=0.9826
  TACHY : F1=0.7975  ROC-AUC=0.9834  PR-AUC=0.8859

Outputs: C:\Users\taimo\OneDrive\Documents 1\work\ecg-synthetic-research\outputs\results\expv_A_ptbxl_only_img512_bs32_e25_s2_fold0
============================================================

Launching GRAD-CAM...

============================================================
GRAD-CAM — expv_A_ptbxl_only_img512_bs32_e25_s2_fold0
============================================================

Generating GRAD-CAM for 1485 test images...
Output: C:\Users\taimo\OneDrive\Documents 1\work\ecg-synthetic-research\outputs\results\expv_A_ptbxl_only_img512_bs32_e25_s2_fold0\gradcam

  Class: NORM
  Saved: gradcam_NORM.png
  Class: MI
  Saved: gradcam_MI.png
  Class: AFIB
  Saved: gradcam_AFIB.png
  Class: TACHY
  Saved: gradcam_TACHY.png

Overview saved: C:\Users\taimo\OneDrive\Documents 1\work\ecg-synthetic-research\outputs\results\expv_A_ptbxl_only_img512_bs32_e25_s2_fold0\gradcam\gradcam_overview.png

============================================================
GRAD-CAM complete — 4 classes visualized
Output folder: C:\Users\taimo\OneDrive\Documents 1\work\ecg-synthetic-research\outputs\results\expv_A_ptbxl_only_img512_bs32_e25_s2_fold0\gradcam
============================================================

============================================================
[11/18] A_s2  --experiment A --seed 2 --fold 1
============================================================

============================================================
Experiment A: Baseline — PTB-XL real only
Cross-validation mode: FOLD 1/2 (3-fold CV)
Run name:  expv_A_ptbxl_only_img512_bs32_e25_s2_fold1
Device:    cuda
Img size:  512px | Batch: 32 | Epochs: 25
============================================================

Total images: 4456
Per source:
  ptbxl: 4456
Per class:
  NORM: 1500
  MI: 1500
  AFIB: 1030
  TACHY: 426
[cache] all 4456 images already cached at 512px

LEAKAGE VERIFICATION REPORT
============================================================
Fold: 1

Train PTB-XL records: 2523 | Unique patients: 2324
Val   PTB-XL records: 447 | Unique patients: 411
Test  PTB-XL records: 1486 | Unique patients: 1369

Patient Overlap:
  Train x Val:  0 patients (0.0% of train)
  Train x Test: 0 patients (0.0% of train)
  Val x Test:   0 patients (0.0% of val)

Leakage Status: [PASSED] No patient overlap
============================================================


[OK] Fold 1: No patient-level leakage

============================================================
FOLD 1 — CLASS DISTRIBUTION
============================================================

Train:
  NORM  :   848 ( 33.6%)
  MI    :   847 ( 33.6%)
  AFIB  :   589 ( 23.3%)
  TACHY :   239 (  9.5%)

Val:
  NORM  :   152 ( 34.0%)
  MI    :   153 ( 34.2%)
  AFIB  :    97 ( 21.7%)
  TACHY :    45 ( 10.1%)

Test:
  NORM  :   500 ( 33.6%)
  MI    :   500 ( 33.6%)
  AFIB  :   344 ( 23.1%)
  TACHY :   142 (  9.6%)
Train class distribution:
  NORM  :   848 (33.6%)
  MI    :   847 (33.6%)
  AFIB  :   589 (23.3%)
  TACHY :   239 (9.5%)
Class weights (train counts): NORM=0.572, MI=0.573, AFIB=0.824, TACHY=2.031

Training 25 epochs...

Epoch 01/25 | TLoss:0.4250 TAcc:0.343 | VLoss:0.2940 VAcc:0.626 VF1:0.5986 [BEST]
Epoch 02/25 | TLoss:0.2864 TAcc:0.553 | VLoss:0.2084 VAcc:0.698 VF1:0.6783 [BEST]
Epoch 03/25 | TLoss:0.2027 TAcc:0.677 | VLoss:0.1589 VAcc:0.709 VF1:0.6781
Epoch 04/25 | TLoss:0.1560 TAcc:0.737 | VLoss:0.1435 VAcc:0.828 VF1:0.8177 [BEST]
Epoch 05/25 | TLoss:0.1373 TAcc:0.772 | VLoss:0.1291 VAcc:0.855 VF1:0.8422 [BEST]
Epoch 06/25 | TLoss:0.1146 TAcc:0.792 | VLoss:0.1022 VAcc:0.846 VF1:0.8339
Epoch 07/25 | TLoss:0.1079 TAcc:0.809 | VLoss:0.1148 VAcc:0.848 VF1:0.8355
Epoch 08/25 | TLoss:0.0933 TAcc:0.818 | VLoss:0.1091 VAcc:0.870 VF1:0.8565 [BEST]
Epoch 09/25 | TLoss:0.0825 TAcc:0.841 | VLoss:0.1038 VAcc:0.857 VF1:0.8443
Epoch 10/25 | TLoss:0.0766 TAcc:0.842 | VLoss:0.1025 VAcc:0.859 VF1:0.8396
Epoch 11/25 | TLoss:0.0813 TAcc:0.857 | VLoss:0.0916 VAcc:0.859 VF1:0.8425
Epoch 12/25 | TLoss:0.0772 TAcc:0.851 | VLoss:0.0892 VAcc:0.850 VF1:0.8297
Epoch 13/25 | TLoss:0.0643 TAcc:0.862 | VLoss:0.0873 VAcc:0.864 VF1:0.8482
Epoch 14/25 | TLoss:0.0566 TAcc:0.874 | VLoss:0.0902 VAcc:0.859 VF1:0.8429
Epoch 15/25 | TLoss:0.0526 TAcc:0.882 | VLoss:0.0951 VAcc:0.868 VF1:0.8542
Epoch 16/25 | TLoss:0.0594 TAcc:0.873 | VLoss:0.0933 VAcc:0.866 VF1:0.8475
Epoch 17/25 | TLoss:0.0575 TAcc:0.880 | VLoss:0.0987 VAcc:0.855 VF1:0.8392
Epoch 18/25 | TLoss:0.0507 TAcc:0.869 | VLoss:0.0896 VAcc:0.868 VF1:0.8509
Epoch 19/25 | TLoss:0.0525 TAcc:0.881 | VLoss:0.0910 VAcc:0.866 VF1:0.8473
Epoch 20/25 | TLoss:0.0463 TAcc:0.890 | VLoss:0.0940 VAcc:0.870 VF1:0.8539
Epoch 21/25 | TLoss:0.0464 TAcc:0.885 | VLoss:0.0919 VAcc:0.857 VF1:0.8403
Epoch 22/25 | TLoss:0.0482 TAcc:0.891 | VLoss:0.0937 VAcc:0.852 VF1:0.8355
Epoch 23/25 | TLoss:0.0402 TAcc:0.896 | VLoss:0.0900 VAcc:0.868 VF1:0.8531
Epoch 24/25 | TLoss:0.0423 TAcc:0.904 | VLoss:0.0921 VAcc:0.872 VF1:0.8605 [BEST]
Epoch 25/25 | TLoss:0.0428 TAcc:0.894 | VLoss:0.0900 VAcc:0.879 VF1:0.8657 [BEST]

Best: epoch 25, val F1 = 0.8657
Model saved: expv_A_ptbxl_only_img512_bs32_e25_s2_fold1.pth

Evaluating test set...

============================================================
EXPERIMENT A RESULTS
============================================================
  Test Accuracy  : 0.8836
  Macro F1       : 0.8698
  Weighted F1    : 0.8838
  Macro ROC-AUC  : 0.9754
  Macro PR-AUC   : 0.9318
  Cohen Kappa    : 0.8374
  MCC            : 0.8388
  ECE            : 0.1090

Per-class F1:
  NORM  : F1=0.9193  ROC-AUC=0.9851  PR-AUC=0.9669
  MI    : F1=0.8620  ROC-AUC=0.9481  PR-AUC=0.9288
  AFIB  : F1=0.8990  ROC-AUC=0.9869  PR-AUC=0.9641
  TACHY : F1=0.7987  ROC-AUC=0.9815  PR-AUC=0.8673

Outputs: C:\Users\taimo\OneDrive\Documents 1\work\ecg-synthetic-research\outputs\results\expv_A_ptbxl_only_img512_bs32_e25_s2_fold1
============================================================

Launching GRAD-CAM...

============================================================
GRAD-CAM — expv_A_ptbxl_only_img512_bs32_e25_s2_fold1
============================================================

Generating GRAD-CAM for 1486 test images...
Output: C:\Users\taimo\OneDrive\Documents 1\work\ecg-synthetic-research\outputs\results\expv_A_ptbxl_only_img512_bs32_e25_s2_fold1\gradcam

  Class: NORM
  Saved: gradcam_NORM.png
  Class: MI
  Saved: gradcam_MI.png
  Class: AFIB
  Saved: gradcam_AFIB.png
  Class: TACHY
  Saved: gradcam_TACHY.png

Overview saved: C:\Users\taimo\OneDrive\Documents 1\work\ecg-synthetic-research\outputs\results\expv_A_ptbxl_only_img512_bs32_e25_s2_fold1\gradcam\gradcam_overview.png

============================================================
GRAD-CAM complete — 4 classes visualized
Output folder: C:\Users\taimo\OneDrive\Documents 1\work\ecg-synthetic-research\outputs\results\expv_A_ptbxl_only_img512_bs32_e25_s2_fold1\gradcam
============================================================

============================================================
[12/18] A_s2  --experiment A --seed 2 --fold 2
============================================================

============================================================
Experiment A: Baseline — PTB-XL real only
Cross-validation mode: FOLD 2/2 (3-fold CV)
Run name:  expv_A_ptbxl_only_img512_bs32_e25_s2_fold2
Device:    cuda
Img size:  512px | Batch: 32 | Epochs: 25
============================================================

Total images: 4456
Per source:
  ptbxl: 4456
Per class:
  NORM: 1500
  MI: 1500
  AFIB: 1030
  TACHY: 426
[cache] all 4456 images already cached at 512px

LEAKAGE VERIFICATION REPORT
============================================================
Fold: 2

Train PTB-XL records: 2526 | Unique patients: 2326
Val   PTB-XL records: 445 | Unique patients: 411
Test  PTB-XL records: 1485 | Unique patients: 1367

Patient Overlap:
  Train x Val:  0 patients (0.0% of train)
  Train x Test: 0 patients (0.0% of train)
  Val x Test:   0 patients (0.0% of val)

Leakage Status: [PASSED] No patient overlap
============================================================


[OK] Fold 2: No patient-level leakage

============================================================
FOLD 2 — CLASS DISTRIBUTION
============================================================

Train:
  NORM  :   849 ( 33.6%)
  MI    :   852 ( 33.7%)
  AFIB  :   582 ( 23.0%)
  TACHY :   243 (  9.6%)

Val:
  NORM  :   151 ( 33.9%)
  MI    :   148 ( 33.3%)
  AFIB  :   105 ( 23.6%)
  TACHY :    41 (  9.2%)

Test:
  NORM  :   500 ( 33.7%)
  MI    :   500 ( 33.7%)
  AFIB  :   343 ( 23.1%)
  TACHY :   142 (  9.6%)
Train class distribution:
  NORM  :   849 (33.6%)
  MI    :   852 (33.7%)
  AFIB  :   582 (23.0%)
  TACHY :   243 (9.6%)
Class weights (train counts): NORM=0.576, MI=0.574, AFIB=0.840, TACHY=2.011

Training 25 epochs...

Epoch 01/25 | TLoss:0.4394 TAcc:0.336 | VLoss:0.3312 VAcc:0.537 VF1:0.4920 [BEST]
Epoch 02/25 | TLoss:0.2958 TAcc:0.544 | VLoss:0.2178 VAcc:0.618 VF1:0.5745 [BEST]
Epoch 03/25 | TLoss:0.2104 TAcc:0.671 | VLoss:0.1880 VAcc:0.771 VF1:0.7603 [BEST]
Epoch 04/25 | TLoss:0.1672 TAcc:0.737 | VLoss:0.1689 VAcc:0.688 VF1:0.6795
Epoch 05/25 | TLoss:0.1291 TAcc:0.784 | VLoss:0.1501 VAcc:0.796 VF1:0.7776 [BEST]
Epoch 06/25 | TLoss:0.1202 TAcc:0.797 | VLoss:0.1369 VAcc:0.789 VF1:0.7664
Epoch 07/25 | TLoss:0.1085 TAcc:0.817 | VLoss:0.1216 VAcc:0.818 VF1:0.7975 [BEST]
Epoch 08/25 | TLoss:0.0951 TAcc:0.823 | VLoss:0.0999 VAcc:0.849 VF1:0.8338 [BEST]
Epoch 09/25 | TLoss:0.0977 TAcc:0.829 | VLoss:0.1051 VAcc:0.834 VF1:0.8186
Epoch 10/25 | TLoss:0.0838 TAcc:0.842 | VLoss:0.1123 VAcc:0.827 VF1:0.8046
Epoch 11/25 | TLoss:0.0778 TAcc:0.854 | VLoss:0.1119 VAcc:0.807 VF1:0.7848
Epoch 12/25 | TLoss:0.0707 TAcc:0.866 | VLoss:0.1120 VAcc:0.825 VF1:0.8023
Epoch 13/25 | TLoss:0.0732 TAcc:0.861 | VLoss:0.0840 VAcc:0.843 VF1:0.8268
Epoch 14/25 | TLoss:0.0655 TAcc:0.875 | VLoss:0.0904 VAcc:0.840 VF1:0.8229
Epoch 15/25 | TLoss:0.0643 TAcc:0.875 | VLoss:0.0951 VAcc:0.847 VF1:0.8265
Epoch 16/25 | TLoss:0.0576 TAcc:0.876 | VLoss:0.0974 VAcc:0.836 VF1:0.8135
Epoch 17/25 | TLoss:0.0520 TAcc:0.884 | VLoss:0.0868 VAcc:0.858 VF1:0.8454 [BEST]
Epoch 18/25 | TLoss:0.0540 TAcc:0.884 | VLoss:0.0835 VAcc:0.863 VF1:0.8517 [BEST]
Epoch 19/25 | TLoss:0.0555 TAcc:0.886 | VLoss:0.0885 VAcc:0.872 VF1:0.8539 [BEST]
Epoch 20/25 | TLoss:0.0462 TAcc:0.897 | VLoss:0.0809 VAcc:0.854 VF1:0.8412
Epoch 21/25 | TLoss:0.0470 TAcc:0.889 | VLoss:0.0804 VAcc:0.854 VF1:0.8388
Epoch 22/25 | TLoss:0.0506 TAcc:0.895 | VLoss:0.0851 VAcc:0.856 VF1:0.8437
Epoch 23/25 | TLoss:0.0430 TAcc:0.895 | VLoss:0.0874 VAcc:0.840 VF1:0.8239
Epoch 24/25 | TLoss:0.0413 TAcc:0.896 | VLoss:0.0819 VAcc:0.870 VF1:0.8573 [BEST]
Epoch 25/25 | TLoss:0.0430 TAcc:0.901 | VLoss:0.0842 VAcc:0.867 VF1:0.8542

Best: epoch 24, val F1 = 0.8573
Model saved: expv_A_ptbxl_only_img512_bs32_e25_s2_fold2.pth

Evaluating test set...

============================================================
EXPERIMENT A RESULTS
============================================================
  Test Accuracy  : 0.8754
  Macro F1       : 0.8688
  Weighted F1    : 0.8745
  Macro ROC-AUC  : 0.9744
  Macro PR-AUC   : 0.9335
  Cohen Kappa    : 0.8263
  MCC            : 0.8306
  ECE            : 0.0977

Per-class F1:
  NORM  : F1=0.8901  ROC-AUC=0.9752  PR-AUC=0.9451
  MI    : F1=0.8393  ROC-AUC=0.9486  PR-AUC=0.9308
  AFIB  : F1=0.9258  ROC-AUC=0.9910  PR-AUC=0.9759
  TACHY : F1=0.8199  ROC-AUC=0.9827  PR-AUC=0.8823

Outputs: C:\Users\taimo\OneDrive\Documents 1\work\ecg-synthetic-research\outputs\results\expv_A_ptbxl_only_img512_bs32_e25_s2_fold2
============================================================

Launching GRAD-CAM...

============================================================
GRAD-CAM — expv_A_ptbxl_only_img512_bs32_e25_s2_fold2
============================================================

Generating GRAD-CAM for 1485 test images...
Output: C:\Users\taimo\OneDrive\Documents 1\work\ecg-synthetic-research\outputs\results\expv_A_ptbxl_only_img512_bs32_e25_s2_fold2\gradcam

  Class: NORM
  Saved: gradcam_NORM.png
  Class: MI
  Saved: gradcam_MI.png
  Class: AFIB
  Saved: gradcam_AFIB.png
  Class: TACHY
  Saved: gradcam_TACHY.png

Overview saved: C:\Users\taimo\OneDrive\Documents 1\work\ecg-synthetic-research\outputs\results\expv_A_ptbxl_only_img512_bs32_e25_s2_fold2\gradcam\gradcam_overview.png

============================================================
GRAD-CAM complete — 4 classes visualized
Output folder: C:\Users\taimo\OneDrive\Documents 1\work\ecg-synthetic-research\outputs\results\expv_A_ptbxl_only_img512_bs32_e25_s2_fold2\gradcam
============================================================

============================================================
[13/18] B_s2  --experiment B --seed 2 --fold 0
============================================================

============================================================
Experiment B: PTB-XL + Imagen augmentation
Cross-validation mode: FOLD 0/2 (3-fold CV)
Run name:  expv_B_ptbxl_imagen_img512_bs32_e25_s2_fold0
Device:    cuda
Img size:  512px | Batch: 32 | Epochs: 25
============================================================

Total images: 5094
Per source:
  ptbxl: 4456
  imagen: 638
Per class:
  NORM: 1660
  MI: 1660
  AFIB: 1190
  TACHY: 584
[cache] all 5094 images already cached at 512px

LEAKAGE VERIFICATION REPORT
============================================================
Fold: 0

Train PTB-XL records: 2534 | Unique patients: 2325
Val   PTB-XL records: 437 | Unique patients: 411
Test  PTB-XL records: 1485 | Unique patients: 1368

Patient Overlap:
  Train x Val:  0 patients (0.0% of train)
  Train x Test: 0 patients (0.0% of train)
  Val x Test:   0 patients (0.0% of val)

Leakage Status: [PASSED] No patient overlap
============================================================


[OK] Fold 0: No patient-level leakage

============================================================
FOLD 0 — CLASS DISTRIBUTION
============================================================

Train:
  NORM  :  1011 ( 31.9%)
  MI    :  1010 ( 31.8%)
  AFIB  :   753 ( 23.7%)
  TACHY :   398 ( 12.5%)

Val:
  NORM  :   149 ( 34.1%)
  MI    :   150 ( 34.3%)
  AFIB  :    94 ( 21.5%)
  TACHY :    44 ( 10.1%)

Test:
  NORM  :   500 ( 33.7%)
  MI    :   500 ( 33.7%)
  AFIB  :   343 ( 23.1%)
  TACHY :   142 (  9.6%)
Train class distribution:
  NORM  :  1011 (31.9%)
  MI    :  1010 (31.8%)
  AFIB  :   753 (23.7%)
  TACHY :   398 (12.5%)
Class weights (train counts): NORM=0.680, MI=0.681, AFIB=0.913, TACHY=1.727

Training 25 epochs...

Epoch 01/25 | TLoss:0.4816 TAcc:0.430 | VLoss:0.3240 VAcc:0.650 VF1:0.6251 [BEST]
Epoch 02/25 | TLoss:0.3024 TAcc:0.622 | VLoss:0.2249 VAcc:0.691 VF1:0.6593 [BEST]
Epoch 03/25 | TLoss:0.2229 TAcc:0.705 | VLoss:0.1630 VAcc:0.794 VF1:0.7867 [BEST]
Epoch 04/25 | TLoss:0.1809 TAcc:0.763 | VLoss:0.1239 VAcc:0.815 VF1:0.8072 [BEST]
Epoch 05/25 | TLoss:0.1433 TAcc:0.802 | VLoss:0.1217 VAcc:0.835 VF1:0.8213 [BEST]
Epoch 06/25 | TLoss:0.1262 TAcc:0.820 | VLoss:0.0991 VAcc:0.863 VF1:0.8530 [BEST]
Epoch 07/25 | TLoss:0.1163 TAcc:0.831 | VLoss:0.0884 VAcc:0.872 VF1:0.8631 [BEST]
Epoch 08/25 | TLoss:0.0944 TAcc:0.846 | VLoss:0.0889 VAcc:0.881 VF1:0.8684 [BEST]
Epoch 09/25 | TLoss:0.0976 TAcc:0.853 | VLoss:0.0925 VAcc:0.870 VF1:0.8531
Epoch 10/25 | TLoss:0.0895 TAcc:0.861 | VLoss:0.0885 VAcc:0.895 VF1:0.8873 [BEST]
Epoch 11/25 | TLoss:0.0798 TAcc:0.881 | VLoss:0.0820 VAcc:0.892 VF1:0.8890 [BEST]
Epoch 12/25 | TLoss:0.0799 TAcc:0.881 | VLoss:0.0954 VAcc:0.895 VF1:0.8847
Epoch 13/25 | TLoss:0.0665 TAcc:0.891 | VLoss:0.0846 VAcc:0.899 VF1:0.8945 [BEST]
Epoch 14/25 | TLoss:0.0654 TAcc:0.884 | VLoss:0.0822 VAcc:0.906 VF1:0.8998 [BEST]
Epoch 15/25 | TLoss:0.0672 TAcc:0.894 | VLoss:0.0893 VAcc:0.892 VF1:0.8889
Epoch 16/25 | TLoss:0.0558 TAcc:0.900 | VLoss:0.0809 VAcc:0.899 VF1:0.8936
Epoch 17/25 | TLoss:0.0568 TAcc:0.902 | VLoss:0.0869 VAcc:0.904 VF1:0.8978
Epoch 18/25 | TLoss:0.0510 TAcc:0.909 | VLoss:0.0912 VAcc:0.895 VF1:0.8879
Epoch 19/25 | TLoss:0.0464 TAcc:0.913 | VLoss:0.0831 VAcc:0.902 VF1:0.8944
Epoch 20/25 | TLoss:0.0492 TAcc:0.911 | VLoss:0.0793 VAcc:0.904 VF1:0.8984
Epoch 21/25 | TLoss:0.0480 TAcc:0.916 | VLoss:0.0840 VAcc:0.904 VF1:0.9003 [BEST]
Epoch 22/25 | TLoss:0.0498 TAcc:0.909 | VLoss:0.0823 VAcc:0.899 VF1:0.8939
Epoch 23/25 | TLoss:0.0475 TAcc:0.914 | VLoss:0.0806 VAcc:0.911 VF1:0.9063 [BEST]
Epoch 24/25 | TLoss:0.0457 TAcc:0.914 | VLoss:0.0769 VAcc:0.911 VF1:0.9053
Epoch 25/25 | TLoss:0.0431 TAcc:0.925 | VLoss:0.0865 VAcc:0.906 VF1:0.9032

Best: epoch 23, val F1 = 0.9063
Model saved: expv_B_ptbxl_imagen_img512_bs32_e25_s2_fold0.pth

Evaluating test set...

============================================================
EXPERIMENT B RESULTS
============================================================
  Test Accuracy  : 0.8815
  Macro F1       : 0.8768
  Weighted F1    : 0.8811
  Macro ROC-AUC  : 0.9791
  Macro PR-AUC   : 0.9410
  Cohen Kappa    : 0.8339
  MCC            : 0.8354
  ECE            : 0.1110

Per-class F1:
  NORM  : F1=0.8946  ROC-AUC=0.9804  PR-AUC=0.9561
  MI    : F1=0.8402  ROC-AUC=0.9559  PR-AUC=0.9355
  AFIB  : F1=0.9422  ROC-AUC=0.9943  PR-AUC=0.9852
  TACHY : F1=0.8301  ROC-AUC=0.9856  PR-AUC=0.8873

Outputs: C:\Users\taimo\OneDrive\Documents 1\work\ecg-synthetic-research\outputs\results\expv_B_ptbxl_imagen_img512_bs32_e25_s2_fold0
============================================================

Launching GRAD-CAM...

============================================================
GRAD-CAM — expv_B_ptbxl_imagen_img512_bs32_e25_s2_fold0
============================================================

Generating GRAD-CAM for 1485 test images...
Output: C:\Users\taimo\OneDrive\Documents 1\work\ecg-synthetic-research\outputs\results\expv_B_ptbxl_imagen_img512_bs32_e25_s2_fold0\gradcam

  Class: NORM
  Saved: gradcam_NORM.png
  Class: MI
  Saved: gradcam_MI.png
  Class: AFIB
  Saved: gradcam_AFIB.png
  Class: TACHY
  Saved: gradcam_TACHY.png

Overview saved: C:\Users\taimo\OneDrive\Documents 1\work\ecg-synthetic-research\outputs\results\expv_B_ptbxl_imagen_img512_bs32_e25_s2_fold0\gradcam\gradcam_overview.png

============================================================
GRAD-CAM complete — 4 classes visualized
Output folder: C:\Users\taimo\OneDrive\Documents 1\work\ecg-synthetic-research\outputs\results\expv_B_ptbxl_imagen_img512_bs32_e25_s2_fold0\gradcam
============================================================

============================================================
[14/18] B_s2  --experiment B --seed 2 --fold 1
============================================================

============================================================
Experiment B: PTB-XL + Imagen augmentation
Cross-validation mode: FOLD 1/2 (3-fold CV)
Run name:  expv_B_ptbxl_imagen_img512_bs32_e25_s2_fold1
Device:    cuda
Img size:  512px | Batch: 32 | Epochs: 25
============================================================

Total images: 5094
Per source:
  ptbxl: 4456
  imagen: 638
Per class:
  NORM: 1660
  MI: 1660
  AFIB: 1190
  TACHY: 584
[cache] all 5094 images already cached at 512px

LEAKAGE VERIFICATION REPORT
============================================================
Fold: 1

Train PTB-XL records: 2523 | Unique patients: 2324
Val   PTB-XL records: 447 | Unique patients: 411
Test  PTB-XL records: 1486 | Unique patients: 1369

Patient Overlap:
  Train x Val:  0 patients (0.0% of train)
  Train x Test: 0 patients (0.0% of train)
  Val x Test:   0 patients (0.0% of val)

Leakage Status: [PASSED] No patient overlap
============================================================


[OK] Fold 1: No patient-level leakage

============================================================
FOLD 1 — CLASS DISTRIBUTION
============================================================

Train:
  NORM  :  1008 ( 31.9%)
  MI    :  1007 ( 31.9%)
  AFIB  :   749 ( 23.7%)
  TACHY :   397 ( 12.6%)

Val:
  NORM  :   152 ( 34.0%)
  MI    :   153 ( 34.2%)
  AFIB  :    97 ( 21.7%)
  TACHY :    45 ( 10.1%)

Test:
  NORM  :   500 ( 33.6%)
  MI    :   500 ( 33.6%)
  AFIB  :   344 ( 23.1%)
  TACHY :   142 (  9.6%)
Train class distribution:
  NORM  :  1008 (31.9%)
  MI    :  1007 (31.9%)
  AFIB  :   749 (23.7%)
  TACHY :   397 (12.6%)
Class weights (train counts): NORM=0.680, MI=0.680, AFIB=0.915, TACHY=1.726

Training 25 epochs...

Epoch 01/25 | TLoss:0.4711 TAcc:0.424 | VLoss:0.3585 VAcc:0.501 VF1:0.4368 [BEST]
Epoch 02/25 | TLoss:0.3052 TAcc:0.628 | VLoss:0.2466 VAcc:0.642 VF1:0.5963 [BEST]
Epoch 03/25 | TLoss:0.2205 TAcc:0.720 | VLoss:0.1838 VAcc:0.749 VF1:0.7246 [BEST]
Epoch 04/25 | TLoss:0.1730 TAcc:0.771 | VLoss:0.1313 VAcc:0.832 VF1:0.8068 [BEST]
Epoch 05/25 | TLoss:0.1439 TAcc:0.801 | VLoss:0.1136 VAcc:0.857 VF1:0.8376 [BEST]
Epoch 06/25 | TLoss:0.1384 TAcc:0.812 | VLoss:0.1002 VAcc:0.866 VF1:0.8487 [BEST]
Epoch 07/25 | TLoss:0.1147 TAcc:0.833 | VLoss:0.1011 VAcc:0.875 VF1:0.8573 [BEST]
Epoch 08/25 | TLoss:0.1115 TAcc:0.837 | VLoss:0.0991 VAcc:0.866 VF1:0.8510
Epoch 09/25 | TLoss:0.1030 TAcc:0.854 | VLoss:0.1033 VAcc:0.864 VF1:0.8478
Epoch 10/25 | TLoss:0.0930 TAcc:0.862 | VLoss:0.1020 VAcc:0.877 VF1:0.8688 [BEST]
Epoch 11/25 | TLoss:0.0775 TAcc:0.880 | VLoss:0.1042 VAcc:0.861 VF1:0.8408
Epoch 12/25 | TLoss:0.0773 TAcc:0.874 | VLoss:0.1072 VAcc:0.866 VF1:0.8475
Epoch 13/25 | TLoss:0.0650 TAcc:0.893 | VLoss:0.1157 VAcc:0.861 VF1:0.8426
Epoch 14/25 | TLoss:0.0639 TAcc:0.893 | VLoss:0.1001 VAcc:0.881 VF1:0.8658
Epoch 15/25 | TLoss:0.0631 TAcc:0.892 | VLoss:0.1042 VAcc:0.870 VF1:0.8581
Epoch 16/25 | TLoss:0.0603 TAcc:0.895 | VLoss:0.1024 VAcc:0.877 VF1:0.8619
Epoch 17/25 | TLoss:0.0510 TAcc:0.909 | VLoss:0.0986 VAcc:0.886 VF1:0.8727 [BEST]
Epoch 18/25 | TLoss:0.0497 TAcc:0.898 | VLoss:0.1155 VAcc:0.881 VF1:0.8680
Epoch 19/25 | TLoss:0.0491 TAcc:0.906 | VLoss:0.1193 VAcc:0.879 VF1:0.8649
Epoch 20/25 | TLoss:0.0500 TAcc:0.909 | VLoss:0.1079 VAcc:0.868 VF1:0.8551
Epoch 21/25 | TLoss:0.0502 TAcc:0.910 | VLoss:0.1124 VAcc:0.872 VF1:0.8572
Epoch 22/25 | TLoss:0.0459 TAcc:0.916 | VLoss:0.1113 VAcc:0.881 VF1:0.8647
Epoch 23/25 | TLoss:0.0453 TAcc:0.918 | VLoss:0.1103 VAcc:0.879 VF1:0.8682
Epoch 24/25 | TLoss:0.0445 TAcc:0.914 | VLoss:0.1136 VAcc:0.884 VF1:0.8650
Epoch 25/25 | TLoss:0.0451 TAcc:0.921 | VLoss:0.1086 VAcc:0.884 VF1:0.8740 [BEST]

Best: epoch 25, val F1 = 0.8740
Model saved: expv_B_ptbxl_imagen_img512_bs32_e25_s2_fold1.pth

Evaluating test set...

============================================================
EXPERIMENT B RESULTS
============================================================
  Test Accuracy  : 0.8910
  Macro F1       : 0.8803
  Weighted F1    : 0.8912
  Macro ROC-AUC  : 0.9766
  Macro PR-AUC   : 0.9351
  Cohen Kappa    : 0.8475
  MCC            : 0.8482
  ECE            : 0.1039

Per-class F1:
  NORM  : F1=0.9157  ROC-AUC=0.9861  PR-AUC=0.9684
  MI    : F1=0.8697  ROC-AUC=0.9503  PR-AUC=0.9323
  AFIB  : F1=0.9165  ROC-AUC=0.9887  PR-AUC=0.9653
  TACHY : F1=0.8194  ROC-AUC=0.9814  PR-AUC=0.8743

Outputs: C:\Users\taimo\OneDrive\Documents 1\work\ecg-synthetic-research\outputs\results\expv_B_ptbxl_imagen_img512_bs32_e25_s2_fold1
============================================================

Launching GRAD-CAM...

============================================================
GRAD-CAM — expv_B_ptbxl_imagen_img512_bs32_e25_s2_fold1
============================================================

Generating GRAD-CAM for 1486 test images...
Output: C:\Users\taimo\OneDrive\Documents 1\work\ecg-synthetic-research\outputs\results\expv_B_ptbxl_imagen_img512_bs32_e25_s2_fold1\gradcam

  Class: NORM
  Saved: gradcam_NORM.png
  Class: MI
  Saved: gradcam_MI.png
  Class: AFIB
  Saved: gradcam_AFIB.png
  Class: TACHY
  Saved: gradcam_TACHY.png

Overview saved: C:\Users\taimo\OneDrive\Documents 1\work\ecg-synthetic-research\outputs\results\expv_B_ptbxl_imagen_img512_bs32_e25_s2_fold1\gradcam\gradcam_overview.png

============================================================
GRAD-CAM complete — 4 classes visualized
Output folder: C:\Users\taimo\OneDrive\Documents 1\work\ecg-synthetic-research\outputs\results\expv_B_ptbxl_imagen_img512_bs32_e25_s2_fold1\gradcam
============================================================

============================================================
[15/18] B_s2  --experiment B --seed 2 --fold 2
============================================================

============================================================
Experiment B: PTB-XL + Imagen augmentation
Cross-validation mode: FOLD 2/2 (3-fold CV)
Run name:  expv_B_ptbxl_imagen_img512_bs32_e25_s2_fold2
Device:    cuda
Img size:  512px | Batch: 32 | Epochs: 25
============================================================

Total images: 5094
Per source:
  ptbxl: 4456
  imagen: 638
Per class:
  NORM: 1660
  MI: 1660
  AFIB: 1190
  TACHY: 584
[cache] all 5094 images already cached at 512px

LEAKAGE VERIFICATION REPORT
============================================================
Fold: 2

Train PTB-XL records: 2526 | Unique patients: 2326
Val   PTB-XL records: 445 | Unique patients: 411
Test  PTB-XL records: 1485 | Unique patients: 1367

Patient Overlap:
  Train x Val:  0 patients (0.0% of train)
  Train x Test: 0 patients (0.0% of train)
  Val x Test:   0 patients (0.0% of val)

Leakage Status: [PASSED] No patient overlap
============================================================


[OK] Fold 2: No patient-level leakage

============================================================
FOLD 2 — CLASS DISTRIBUTION
============================================================

Train:
  NORM  :  1009 ( 31.9%)
  MI    :  1012 ( 32.0%)
  AFIB  :   742 ( 23.5%)
  TACHY :   401 ( 12.7%)

Val:
  NORM  :   151 ( 33.9%)
  MI    :   148 ( 33.3%)
  AFIB  :   105 ( 23.6%)
  TACHY :    41 (  9.2%)

Test:
  NORM  :   500 ( 33.7%)
  MI    :   500 ( 33.7%)
  AFIB  :   343 ( 23.1%)
  TACHY :   142 (  9.6%)
Train class distribution:
  NORM  :  1009 (31.9%)
  MI    :  1012 (32.0%)
  AFIB  :   742 (23.5%)
  TACHY :   401 (12.7%)
Class weights (train counts): NORM=0.681, MI=0.679, AFIB=0.926, TACHY=1.714

Training 25 epochs...

Epoch 01/25 | TLoss:0.4797 TAcc:0.396 | VLoss:0.3217 VAcc:0.607 VF1:0.5745 [BEST]
Epoch 02/25 | TLoss:0.3053 TAcc:0.627 | VLoss:0.2363 VAcc:0.649 VF1:0.6258 [BEST]
Epoch 03/25 | TLoss:0.2321 TAcc:0.714 | VLoss:0.1829 VAcc:0.780 VF1:0.7569 [BEST]
Epoch 04/25 | TLoss:0.1810 TAcc:0.768 | VLoss:0.1325 VAcc:0.834 VF1:0.8176 [BEST]
Epoch 05/25 | TLoss:0.1587 TAcc:0.802 | VLoss:0.1432 VAcc:0.813 VF1:0.8026
Epoch 06/25 | TLoss:0.1387 TAcc:0.824 | VLoss:0.1199 VAcc:0.809 VF1:0.7951
Epoch 07/25 | TLoss:0.1203 TAcc:0.829 | VLoss:0.1149 VAcc:0.852 VF1:0.8321 [BEST]
Epoch 08/25 | TLoss:0.1049 TAcc:0.856 | VLoss:0.1275 VAcc:0.847 VF1:0.8211
Epoch 09/25 | TLoss:0.0983 TAcc:0.856 | VLoss:0.1218 VAcc:0.856 VF1:0.8406 [BEST]
Epoch 10/25 | TLoss:0.0863 TAcc:0.882 | VLoss:0.1054 VAcc:0.867 VF1:0.8501 [BEST]
Epoch 11/25 | TLoss:0.0828 TAcc:0.868 | VLoss:0.1186 VAcc:0.849 VF1:0.8304
Epoch 12/25 | TLoss:0.0801 TAcc:0.876 | VLoss:0.1176 VAcc:0.865 VF1:0.8474
Epoch 13/25 | TLoss:0.0640 TAcc:0.894 | VLoss:0.1099 VAcc:0.865 VF1:0.8489
Epoch 14/25 | TLoss:0.0607 TAcc:0.893 | VLoss:0.1252 VAcc:0.865 VF1:0.8460
Epoch 15/25 | TLoss:0.0586 TAcc:0.902 | VLoss:0.1113 VAcc:0.867 VF1:0.8534 [BEST]
Epoch 16/25 | TLoss:0.0587 TAcc:0.905 | VLoss:0.1224 VAcc:0.876 VF1:0.8621 [BEST]
Epoch 17/25 | TLoss:0.0526 TAcc:0.906 | VLoss:0.1312 VAcc:0.856 VF1:0.8362
Epoch 18/25 | TLoss:0.0490 TAcc:0.921 | VLoss:0.1212 VAcc:0.876 VF1:0.8593
Epoch 19/25 | TLoss:0.0509 TAcc:0.915 | VLoss:0.1077 VAcc:0.874 VF1:0.8623 [BEST]
Epoch 20/25 | TLoss:0.0441 TAcc:0.922 | VLoss:0.1110 VAcc:0.872 VF1:0.8565
Epoch 21/25 | TLoss:0.0447 TAcc:0.918 | VLoss:0.1149 VAcc:0.854 VF1:0.8422
Epoch 22/25 | TLoss:0.0430 TAcc:0.918 | VLoss:0.1123 VAcc:0.883 VF1:0.8729 [BEST]
Epoch 23/25 | TLoss:0.0453 TAcc:0.914 | VLoss:0.1133 VAcc:0.867 VF1:0.8557
Epoch 24/25 | TLoss:0.0428 TAcc:0.922 | VLoss:0.1118 VAcc:0.872 VF1:0.8562
Epoch 25/25 | TLoss:0.0421 TAcc:0.923 | VLoss:0.1121 VAcc:0.874 VF1:0.8622

Best: epoch 22, val F1 = 0.8729
Model saved: expv_B_ptbxl_imagen_img512_bs32_e25_s2_fold2.pth

Evaluating test set...

============================================================
EXPERIMENT B RESULTS
============================================================
  Test Accuracy  : 0.8902
  Macro F1       : 0.8815
  Weighted F1    : 0.8900
  Macro ROC-AUC  : 0.9786
  Macro PR-AUC   : 0.9382
  Cohen Kappa    : 0.8461
  MCC            : 0.8468
  ECE            : 0.0844

Per-class F1:
  NORM  : F1=0.9022  ROC-AUC=0.9797  PR-AUC=0.9559
  MI    : F1=0.8673  ROC-AUC=0.9558  PR-AUC=0.9394
  AFIB  : F1=0.9324  ROC-AUC=0.9917  PR-AUC=0.9803
  TACHY : F1=0.8243  ROC-AUC=0.9870  PR-AUC=0.8774

Outputs: C:\Users\taimo\OneDrive\Documents 1\work\ecg-synthetic-research\outputs\results\expv_B_ptbxl_imagen_img512_bs32_e25_s2_fold2
============================================================

Launching GRAD-CAM...

============================================================
GRAD-CAM — expv_B_ptbxl_imagen_img512_bs32_e25_s2_fold2
============================================================

Generating GRAD-CAM for 1485 test images...
Output: C:\Users\taimo\OneDrive\Documents 1\work\ecg-synthetic-research\outputs\results\expv_B_ptbxl_imagen_img512_bs32_e25_s2_fold2\gradcam

  Class: NORM
  Saved: gradcam_NORM.png
  Class: MI
  Saved: gradcam_MI.png
  Class: AFIB
  Saved: gradcam_AFIB.png
  Class: TACHY
  Saved: gradcam_TACHY.png

Overview saved: C:\Users\taimo\OneDrive\Documents 1\work\ecg-synthetic-research\outputs\results\expv_B_ptbxl_imagen_img512_bs32_e25_s2_fold2\gradcam\gradcam_overview.png

============================================================
GRAD-CAM complete — 4 classes visualized
Output folder: C:\Users\taimo\OneDrive\Documents 1\work\ecg-synthetic-research\outputs\results\expv_B_ptbxl_imagen_img512_bs32_e25_s2_fold2\gradcam
============================================================

============================================================
[16/18] V4_s2  --experiment C --synth-cap 500 --seed 2 --fold 0
============================================================

============================================================
Experiment C: PTB-XL + Imagen + NeuroKit2 augmentation
Cross-validation mode: FOLD 0/2 (3-fold CV)
Run name:  expv_C_ptbxl_imagen_neurokit2_img512_bs32_e25_s2_sc500_fold0
Device:    cuda
Img size:  512px | Batch: 32 | Epochs: 25
============================================================

Total images: 7094
Per source:
  ptbxl: 4456
  imagen: 638
  neurokit2: 2000
Per class:
  NORM: 2160
  MI: 2160
  AFIB: 1690
  TACHY: 1084
[cache] all 7094 images already cached at 512px

LEAKAGE VERIFICATION REPORT
============================================================
Fold: 0

Train PTB-XL records: 2534 | Unique patients: 2325
Val   PTB-XL records: 437 | Unique patients: 411
Test  PTB-XL records: 1485 | Unique patients: 1368

Patient Overlap:
  Train x Val:  0 patients (0.0% of train)
  Train x Test: 0 patients (0.0% of train)
  Val x Test:   0 patients (0.0% of val)

Leakage Status: [PASSED] No patient overlap
============================================================


[OK] Fold 0: No patient-level leakage

============================================================
FOLD 0 — CLASS DISTRIBUTION
============================================================

Train:
  NORM  :  1511 ( 29.2%)
  MI    :  1510 ( 29.2%)
  AFIB  :  1253 ( 24.2%)
  TACHY :   898 ( 17.4%)

Val:
  NORM  :   149 ( 34.1%)
  MI    :   150 ( 34.3%)
  AFIB  :    94 ( 21.5%)
  TACHY :    44 ( 10.1%)

Test:
  NORM  :   500 ( 33.7%)
  MI    :   500 ( 33.7%)
  AFIB  :   343 ( 23.1%)
  TACHY :   142 (  9.6%)
Train class distribution:
  NORM  :  1511 (29.2%)
  MI    :  1510 (29.2%)
  AFIB  :  1253 (24.2%)
  TACHY :   898 (17.4%)
Class weights (train counts): NORM=0.818, MI=0.819, AFIB=0.987, TACHY=1.377

Training 25 epochs...

Epoch 01/25 | TLoss:0.4163 TAcc:0.549 | VLoss:0.2801 VAcc:0.680 VF1:0.6577 [BEST]
Epoch 02/25 | TLoss:0.2224 TAcc:0.746 | VLoss:0.2050 VAcc:0.769 VF1:0.7459 [BEST]
Epoch 03/25 | TLoss:0.1628 TAcc:0.820 | VLoss:0.1364 VAcc:0.824 VF1:0.8220 [BEST]
Epoch 04/25 | TLoss:0.1210 TAcc:0.862 | VLoss:0.1946 VAcc:0.803 VF1:0.7952
Epoch 05/25 | TLoss:0.0962 TAcc:0.888 | VLoss:0.2126 VAcc:0.792 VF1:0.7671
Epoch 06/25 | TLoss:0.0926 TAcc:0.892 | VLoss:0.1187 VAcc:0.872 VF1:0.8653 [BEST]
Epoch 07/25 | TLoss:0.0780 TAcc:0.909 | VLoss:0.0921 VAcc:0.886 VF1:0.8810 [BEST]
Epoch 08/25 | TLoss:0.0674 TAcc:0.919 | VLoss:0.1019 VAcc:0.876 VF1:0.8660
Epoch 09/25 | TLoss:0.0593 TAcc:0.922 | VLoss:0.0919 VAcc:0.883 VF1:0.8732
Epoch 10/25 | TLoss:0.0579 TAcc:0.931 | VLoss:0.1439 VAcc:0.865 VF1:0.8654
Epoch 11/25 | TLoss:0.0494 TAcc:0.935 | VLoss:0.0922 VAcc:0.906 VF1:0.9016 [BEST]
Epoch 12/25 | TLoss:0.0432 TAcc:0.940 | VLoss:0.1166 VAcc:0.886 VF1:0.8761
Epoch 13/25 | TLoss:0.0448 TAcc:0.939 | VLoss:0.1043 VAcc:0.902 VF1:0.8920
Epoch 14/25 | TLoss:0.0365 TAcc:0.951 | VLoss:0.0914 VAcc:0.886 VF1:0.8762
Epoch 15/25 | TLoss:0.0329 TAcc:0.951 | VLoss:0.0969 VAcc:0.895 VF1:0.8831
Epoch 16/25 | TLoss:0.0329 TAcc:0.952 | VLoss:0.0984 VAcc:0.895 VF1:0.8837
Epoch 17/25 | TLoss:0.0279 TAcc:0.958 | VLoss:0.1044 VAcc:0.897 VF1:0.8909
Epoch 18/25 | TLoss:0.0263 TAcc:0.958 | VLoss:0.1061 VAcc:0.892 VF1:0.8831
Epoch 19/25 | TLoss:0.0298 TAcc:0.959 | VLoss:0.0965 VAcc:0.902 VF1:0.8878
Epoch 20/25 | TLoss:0.0271 TAcc:0.957 | VLoss:0.0951 VAcc:0.908 VF1:0.8986
Epoch 21/25 | TLoss:0.0257 TAcc:0.962 | VLoss:0.0956 VAcc:0.892 VF1:0.8799
Epoch 22/25 | TLoss:0.0252 TAcc:0.963 | VLoss:0.0966 VAcc:0.904 VF1:0.8962
Epoch 23/25 | TLoss:0.0251 TAcc:0.964 | VLoss:0.1088 VAcc:0.897 VF1:0.8909
Epoch 24/25 | TLoss:0.0220 TAcc:0.967 | VLoss:0.1053 VAcc:0.899 VF1:0.8938
Epoch 25/25 | TLoss:0.0234 TAcc:0.965 | VLoss:0.1105 VAcc:0.899 VF1:0.8938

Best: epoch 11, val F1 = 0.9016
Model saved: expv_C_ptbxl_imagen_neurokit2_img512_bs32_e25_s2_sc500_fold0.pth

Evaluating test set...

============================================================
EXPERIMENT C RESULTS
============================================================
  Test Accuracy  : 0.8976
  Macro F1       : 0.8896
  Weighted F1    : 0.8971
  Macro ROC-AUC  : 0.9790
  Macro PR-AUC   : 0.9371
  Cohen Kappa    : 0.8566
  MCC            : 0.8583
  ECE            : 0.1089

Per-class F1:
  NORM  : F1=0.9136  ROC-AUC=0.9818  PR-AUC=0.9586
  MI    : F1=0.8697  ROC-AUC=0.9583  PR-AUC=0.9398
  AFIB  : F1=0.9378  ROC-AUC=0.9930  PR-AUC=0.9802
  TACHY : F1=0.8372  ROC-AUC=0.9830  PR-AUC=0.8699

Outputs: C:\Users\taimo\OneDrive\Documents 1\work\ecg-synthetic-research\outputs\results\expv_C_ptbxl_imagen_neurokit2_img512_bs32_e25_s2_sc500_fold0
============================================================

Launching GRAD-CAM...

============================================================
GRAD-CAM — expv_C_ptbxl_imagen_neurokit2_img512_bs32_e25_s2_sc500_fold0
============================================================

Generating GRAD-CAM for 1485 test images...
Output: C:\Users\taimo\OneDrive\Documents 1\work\ecg-synthetic-research\outputs\results\expv_C_ptbxl_imagen_neurokit2_img512_bs32_e25_s2_sc500_fold0\gradcam

  Class: NORM
  Saved: gradcam_NORM.png
  Class: MI
  Saved: gradcam_MI.png
  Class: AFIB
  Saved: gradcam_AFIB.png
  Class: TACHY
  Saved: gradcam_TACHY.png

Overview saved: C:\Users\taimo\OneDrive\Documents 1\work\ecg-synthetic-research\outputs\results\expv_C_ptbxl_imagen_neurokit2_img512_bs32_e25_s2_sc500_fold0\gradcam\gradcam_overview.png

============================================================
GRAD-CAM complete — 4 classes visualized
Output folder: C:\Users\taimo\OneDrive\Documents 1\work\ecg-synthetic-research\outputs\results\expv_C_ptbxl_imagen_neurokit2_img512_bs32_e25_s2_sc500_fold0\gradcam
============================================================

============================================================
[17/18] V4_s2  --experiment C --synth-cap 500 --seed 2 --fold 1
============================================================

============================================================
Experiment C: PTB-XL + Imagen + NeuroKit2 augmentation
Cross-validation mode: FOLD 1/2 (3-fold CV)
Run name:  expv_C_ptbxl_imagen_neurokit2_img512_bs32_e25_s2_sc500_fold1
Device:    cuda
Img size:  512px | Batch: 32 | Epochs: 25
============================================================

Total images: 7094
Per source:
  ptbxl: 4456
  imagen: 638
  neurokit2: 2000
Per class:
  NORM: 2160
  MI: 2160
  AFIB: 1690
  TACHY: 1084
[cache] all 7094 images already cached at 512px

LEAKAGE VERIFICATION REPORT
============================================================
Fold: 1

Train PTB-XL records: 2523 | Unique patients: 2324
Val   PTB-XL records: 447 | Unique patients: 411
Test  PTB-XL records: 1486 | Unique patients: 1369

Patient Overlap:
  Train x Val:  0 patients (0.0% of train)
  Train x Test: 0 patients (0.0% of train)
  Val x Test:   0 patients (0.0% of val)

Leakage Status: [PASSED] No patient overlap
============================================================


[OK] Fold 1: No patient-level leakage

============================================================
FOLD 1 — CLASS DISTRIBUTION
============================================================

Train:
  NORM  :  1508 ( 29.2%)
  MI    :  1507 ( 29.2%)
  AFIB  :  1249 ( 24.2%)
  TACHY :   897 ( 17.4%)

Val:
  NORM  :   152 ( 34.0%)
  MI    :   153 ( 34.2%)
  AFIB  :    97 ( 21.7%)
  TACHY :    45 ( 10.1%)

Test:
  NORM  :   500 ( 33.6%)
  MI    :   500 ( 33.6%)
  AFIB  :   344 ( 23.1%)
  TACHY :   142 (  9.6%)
Train class distribution:
  NORM  :  1508 (29.2%)
  MI    :  1507 (29.2%)
  AFIB  :  1249 (24.2%)
  TACHY :   897 (17.4%)
Class weights (train counts): NORM=0.818, MI=0.819, AFIB=0.988, TACHY=1.375

Training 25 epochs...

Epoch 01/25 | TLoss:0.4261 TAcc:0.537 | VLoss:0.3755 VAcc:0.602 VF1:0.5607 [BEST]
Epoch 02/25 | TLoss:0.2181 TAcc:0.751 | VLoss:0.2108 VAcc:0.779 VF1:0.7507 [BEST]
Epoch 03/25 | TLoss:0.1583 TAcc:0.828 | VLoss:0.1579 VAcc:0.812 VF1:0.7914 [BEST]
Epoch 04/25 | TLoss:0.1226 TAcc:0.862 | VLoss:0.1318 VAcc:0.866 VF1:0.8430 [BEST]
Epoch 05/25 | TLoss:0.0993 TAcc:0.882 | VLoss:0.1586 VAcc:0.846 VF1:0.8197
[ERROR] V4_s2 failed (code 1073807364); continuing.

============================================================
[18/18] V4_s2  --experiment C --synth-cap 500 --seed 2 --fold 2
============================================================
[ERROR] V4_s2 failed (code 3221226091); continuing.

ALL SEED RUNS COMPLETE
