Found existing installation: torch 2.12.1
Uninstalling torch-2.12.1:
  Successfully uninstalled torch-2.12.1
Found existing installation: torchvision 0.27.1
Uninstalling torchvision-0.27.1:
  Successfully uninstalled torchvision-0.27.1
Looking in indexes: https://download.pytorch.org/whl/cu130
Collecting torch==2.12.1
  Downloading torch-2.12.1%2Bcu130-cp311-cp311-win_amd64.whl.metadata (31 kB)
Collecting torchvision==0.27.1
  Downloading torchvision-0.27.1%2Bcu130-cp311-cp311-win_amd64.whl.metadata (5.6 kB)
Requirement already satisfied: filelock in .\venv\Lib\site-packages (from torch==2.12.1) (3.29.5)
Requirement already satisfied: typing-extensions>=4.10.0 in .\venv\Lib\site-packages (from torch==2.12.1) (4.16.0)
Requirement already satisfied: setuptools<82 in .\venv\Lib\site-packages (from torch==2.12.1) (65.5.0)
Requirement already satisfied: sympy>=1.13.3 in .\venv\Lib\site-packages (from torch==2.12.1) (1.14.0)
Requirement already satisfied: networkx>=2.5.1 in .\venv\Lib\site-packages (from torch==2.12.1) (3.6.1)
Requirement already satisfied: jinja2 in .\venv\Lib\site-packages (from torch==2.12.1) (3.1.6)
Requirement already satisfied: fsspec>=0.8.5 in .\venv\Lib\site-packages (from torch==2.12.1) (2026.6.0)
Requirement already satisfied: numpy in .\venv\Lib\site-packages (from torchvision==0.27.1) (2.4.6)
Requirement already satisfied: pillow!=8.3.*,>=5.3.0 in .\venv\Lib\site-packages (from torchvision==0.27.1) (12.3.0)
Requirement already satisfied: mpmath<1.4,>=1.1.0 in .\venv\Lib\site-packages (from sympy>=1.13.3->torch==2.12.1) (1.3.0)
Requirement already satisfied: MarkupSafe>=2.0 in .\venv\Lib\site-packages (from jinja2->torch==2.12.1) (3.0.3)
Downloading torch-2.12.1%2Bcu130-cp311-cp311-win_amd64.whl (1926.4 MB)
   ---------------------------------------- 1.9/1.9 GB 1.4 MB/s  0:11:44
Downloading torchvision-0.27.1%2Bcu130-cp311-cp311-win_amd64.whl (8.8 MB)
   ---------------------------------------- 8.8/8.8 MB 3.0 MB/s  0:00:02
Installing collected packages: torch, torchvision

Successfully installed torch-2.12.1+cu130 torchvision-0.27.1+cu130
INSTALL_DONE_EXIT=0
