
Total runs queued: 9
Safe to interrupt — each run saves independently on completion.

[1/9]
============================================================
STARTING: --experiment A --fold 0
============================================================


============================================================
Experiment A: Baseline — PTB-XL real only
Cross-validation mode: FOLD 0/2 (3-fold CV)
Run name:  exp_A_ptbxl_only_img512_bs32_e25_fold0
Device:    cuda
Img size:  512px | Batch: 32 | Epochs: 25
============================================================

Total images: 4456
Per source:
  ptbxl: 4456
Per class:
  NORM: 1500
  MI: 1500
  AFIB: 1030
  TACHY: 426
[cache] all 4456 images already cached at 512px

LEAKAGE VERIFICATION REPORT
============================================================
Fold: 0

Train PTB-XL records: 2523 | Unique patients: 2325
Val   PTB-XL records: 447 | Unique patients: 411
Test  PTB-XL records: 1486 | Unique patients: 1368

Patient Overlap:
  Train x Val:  0 patients (0.0% of train)
  Train x Test: 0 patients (0.0% of train)
  Val x Test:   0 patients (0.0% of val)

Leakage Status: [PASSED] No patient overlap
============================================================


[OK] Fold 0: No patient-level leakage

============================================================
FOLD 0 — CLASS DISTRIBUTION
============================================================

Train:
  NORM  :   858 ( 34.0%)
  MI    :   824 ( 32.7%)
  AFIB  :   588 ( 23.3%)
  TACHY :   253 ( 10.0%)

Val:
  NORM  :   151 ( 33.8%)
  MI    :   144 ( 32.2%)
  AFIB  :   107 ( 23.9%)
  TACHY :    45 ( 10.1%)

Test:
  NORM  :   491 ( 33.0%)
  MI    :   532 ( 35.8%)
  AFIB  :   335 ( 22.5%)
  TACHY :   128 (  8.6%)
Train class distribution:
  NORM  :   858 (34.0%)
  MI    :   824 (32.7%)
  AFIB  :   588 (23.3%)
  TACHY :   253 (10.0%)

Training 25 epochs...

Epoch 01/25 | TLoss:0.4474 TAcc:0.329 | VLoss:0.3742 VAcc:0.385 VF1:0.2727 [BEST]
Epoch 02/25 | TLoss:0.3093 TAcc:0.544 | VLoss:0.2343 VAcc:0.667 VF1:0.6587 [BEST]
Epoch 03/25 | TLoss:0.2297 TAcc:0.667 | VLoss:0.1543 VAcc:0.770 VF1:0.7595 [BEST]
Epoch 04/25 | TLoss:0.1815 TAcc:0.712 | VLoss:0.1564 VAcc:0.779 VF1:0.7620 [BEST]
Epoch 05/25 | TLoss:0.1498 TAcc:0.763 | VLoss:0.0832 VAcc:0.834 VF1:0.8247 [BEST]
Epoch 06/25 | TLoss:0.1329 TAcc:0.797 | VLoss:0.0796 VAcc:0.839 VF1:0.8308 [BEST]
Epoch 07/25 | TLoss:0.1134 TAcc:0.815 | VLoss:0.0662 VAcc:0.870 VF1:0.8714 [BEST]
Epoch 08/25 | TLoss:0.1112 TAcc:0.830 | VLoss:0.0611 VAcc:0.866 VF1:0.8581
Epoch 09/25 | TLoss:0.0879 TAcc:0.840 | VLoss:0.0566 VAcc:0.861 VF1:0.8557
Epoch 10/25 | TLoss:0.0885 TAcc:0.849 | VLoss:0.0672 VAcc:0.832 VF1:0.8198
Epoch 11/25 | TLoss:0.0849 TAcc:0.847 | VLoss:0.0553 VAcc:0.870 VF1:0.8632
Epoch 12/25 | TLoss:0.0766 TAcc:0.859 | VLoss:0.0591 VAcc:0.857 VF1:0.8483
Epoch 13/25 | TLoss:0.0689 TAcc:0.873 | VLoss:0.0543 VAcc:0.875 VF1:0.8739 [BEST]
Epoch 14/25 | TLoss:0.0687 TAcc:0.871 | VLoss:0.0527 VAcc:0.884 VF1:0.8806 [BEST]
Epoch 15/25 | TLoss:0.0625 TAcc:0.870 | VLoss:0.0506 VAcc:0.877 VF1:0.8778
Epoch 16/25 | TLoss:0.0654 TAcc:0.883 | VLoss:0.0475 VAcc:0.879 VF1:0.8745
Epoch 17/25 | TLoss:0.0623 TAcc:0.883 | VLoss:0.0501 VAcc:0.877 VF1:0.8705
Epoch 18/25 | TLoss:0.0558 TAcc:0.886 | VLoss:0.0494 VAcc:0.877 VF1:0.8733
Epoch 19/25 | TLoss:0.0580 TAcc:0.887 | VLoss:0.0490 VAcc:0.870 VF1:0.8666
Epoch 20/25 | TLoss:0.0590 TAcc:0.882 | VLoss:0.0495 VAcc:0.881 VF1:0.8798
Epoch 21/25 | TLoss:0.0480 TAcc:0.899 | VLoss:0.0488 VAcc:0.881 VF1:0.8755
Epoch 22/25 | TLoss:0.0534 TAcc:0.897 | VLoss:0.0490 VAcc:0.884 VF1:0.8836 [BEST]
Epoch 23/25 | TLoss:0.0533 TAcc:0.889 | VLoss:0.0482 VAcc:0.884 VF1:0.8861 [BEST]
Epoch 24/25 | TLoss:0.0527 TAcc:0.890 | VLoss:0.0500 VAcc:0.897 VF1:0.8968 [BEST]
Epoch 25/25 | TLoss:0.0508 TAcc:0.897 | VLoss:0.0492 VAcc:0.886 VF1:0.8881

Best: epoch 24, val F1 = 0.8968
Model saved: exp_A_ptbxl_only_img512_bs32_e25_fold0.pth

Evaluating test set...

============================================================
EXPERIMENT A RESULTS
============================================================
  Test Accuracy  : 0.8775
  Macro F1       : 0.8644
  Weighted F1    : 0.8776
  Macro ROC-AUC  : 0.9751
  Macro PR-AUC   : 0.9348
  Cohen Kappa    : 0.8287
  MCC            : 0.8320
  ECE            : 0.1003

Per-class F1:
  NORM  : F1=0.9042  ROC-AUC=0.9788  PR-AUC=0.9509
  MI    : F1=0.8495  ROC-AUC=0.9459  PR-AUC=0.9337
  AFIB  : F1=0.9184  ROC-AUC=0.9906  PR-AUC=0.9744
  TACHY : F1=0.7855  ROC-AUC=0.9852  PR-AUC=0.8803

Outputs: C:\Users\taimo\OneDrive\Documents 1\work\ecg-synthetic-research\outputs\results\exp_A_ptbxl_only_img512_bs32_e25_fold0
============================================================

Launching GRAD-CAM...

============================================================
GRAD-CAM — exp_A_ptbxl_only_img512_bs32_e25_fold0
============================================================

Generating GRAD-CAM for 1486 test images...
Output: C:\Users\taimo\OneDrive\Documents 1\work\ecg-synthetic-research\outputs\results\exp_A_ptbxl_only_img512_bs32_e25_fold0\gradcam

  Class: NORM
  Saved: gradcam_NORM.png
  Class: MI
  Saved: gradcam_MI.png
  Class: AFIB
  Saved: gradcam_AFIB.png
  Class: TACHY
  Saved: gradcam_TACHY.png

Overview saved: C:\Users\taimo\OneDrive\Documents 1\work\ecg-synthetic-research\outputs\results\exp_A_ptbxl_only_img512_bs32_e25_fold0\gradcam\gradcam_overview.png

============================================================
GRAD-CAM complete — 4 classes visualized
Output folder: C:\Users\taimo\OneDrive\Documents 1\work\ecg-synthetic-research\outputs\results\exp_A_ptbxl_only_img512_bs32_e25_fold0\gradcam
============================================================

[DONE] --experiment A --fold 0

[2/9]
============================================================
STARTING: --experiment A --fold 1
============================================================


============================================================
Experiment A: Baseline — PTB-XL real only
Cross-validation mode: FOLD 1/2 (3-fold CV)
Run name:  exp_A_ptbxl_only_img512_bs32_e25_fold1
Device:    cuda
Img size:  512px | Batch: 32 | Epochs: 25
============================================================

Total images: 4456
Per source:
  ptbxl: 4456
Per class:
  NORM: 1500
  MI: 1500
  AFIB: 1030
  TACHY: 426
[cache] all 4456 images already cached at 512px

LEAKAGE VERIFICATION REPORT
============================================================
Fold: 1

Train PTB-XL records: 2528 | Unique patients: 2325
Val   PTB-XL records: 443 | Unique patients: 411
Test  PTB-XL records: 1485 | Unique patients: 1368

Patient Overlap:
  Train x Val:  0 patients (0.0% of train)
  Train x Test: 0 patients (0.0% of train)
  Val x Test:   0 patients (0.0% of val)

Leakage Status: [PASSED] No patient overlap
============================================================


[OK] Fold 1: No patient-level leakage

============================================================
FOLD 1 — CLASS DISTRIBUTION
============================================================

Train:
  NORM  :   849 ( 33.6%)
  MI    :   856 ( 33.9%)
  AFIB  :   588 ( 23.3%)
  TACHY :   235 (  9.3%)

Val:
  NORM  :   152 ( 34.3%)
  MI    :   148 ( 33.4%)
  AFIB  :   102 ( 23.0%)
  TACHY :    41 (  9.3%)

Test:
  NORM  :   499 ( 33.6%)
  MI    :   496 ( 33.4%)
  AFIB  :   340 ( 22.9%)
  TACHY :   150 ( 10.1%)
Train class distribution:
  NORM  :   849 (33.6%)
  MI    :   856 (33.9%)
  AFIB  :   588 (23.3%)
  TACHY :   235 (9.3%)

Training 25 epochs...

Epoch 01/25 | TLoss:0.4205 TAcc:0.328 | VLoss:0.2875 VAcc:0.634 VF1:0.6104 [BEST]
Epoch 02/25 | TLoss:0.2949 TAcc:0.556 | VLoss:0.2094 VAcc:0.661 VF1:0.6243 [BEST]
Epoch 03/25 | TLoss:0.2063 TAcc:0.683 | VLoss:0.1594 VAcc:0.752 VF1:0.7202 [BEST]
Epoch 04/25 | TLoss:0.1618 TAcc:0.723 | VLoss:0.1303 VAcc:0.817 VF1:0.8003 [BEST]
Epoch 05/25 | TLoss:0.1314 TAcc:0.765 | VLoss:0.1216 VAcc:0.781 VF1:0.7568
Epoch 06/25 | TLoss:0.1140 TAcc:0.784 | VLoss:0.1080 VAcc:0.819 VF1:0.8012 [BEST]
Epoch 07/25 | TLoss:0.1058 TAcc:0.796 | VLoss:0.1039 VAcc:0.871 VF1:0.8590 [BEST]
Epoch 08/25 | TLoss:0.0947 TAcc:0.818 | VLoss:0.1223 VAcc:0.813 VF1:0.7921
Epoch 09/25 | TLoss:0.0860 TAcc:0.833 | VLoss:0.1121 VAcc:0.842 VF1:0.8254
Epoch 10/25 | TLoss:0.0742 TAcc:0.845 | VLoss:0.1083 VAcc:0.858 VF1:0.8418
Epoch 11/25 | TLoss:0.0847 TAcc:0.838 | VLoss:0.1035 VAcc:0.878 VF1:0.8632 [BEST]
Epoch 12/25 | TLoss:0.0706 TAcc:0.850 | VLoss:0.1131 VAcc:0.860 VF1:0.8461
Epoch 13/25 | TLoss:0.0679 TAcc:0.858 | VLoss:0.1095 VAcc:0.853 VF1:0.8406
Epoch 14/25 | TLoss:0.0608 TAcc:0.871 | VLoss:0.1047 VAcc:0.887 VF1:0.8745 [BEST]
Epoch 15/25 | TLoss:0.0592 TAcc:0.867 | VLoss:0.1014 VAcc:0.876 VF1:0.8633
Epoch 16/25 | TLoss:0.0633 TAcc:0.867 | VLoss:0.1142 VAcc:0.869 VF1:0.8584
Epoch 17/25 | TLoss:0.0533 TAcc:0.875 | VLoss:0.1078 VAcc:0.871 VF1:0.8530
Epoch 18/25 | TLoss:0.0496 TAcc:0.886 | VLoss:0.1047 VAcc:0.889 VF1:0.8789 [BEST]
Epoch 19/25 | TLoss:0.0521 TAcc:0.883 | VLoss:0.1086 VAcc:0.892 VF1:0.8804 [BEST]
Epoch 20/25 | TLoss:0.0453 TAcc:0.882 | VLoss:0.1059 VAcc:0.885 VF1:0.8771
Epoch 21/25 | TLoss:0.0441 TAcc:0.890 | VLoss:0.1095 VAcc:0.885 VF1:0.8753
Epoch 22/25 | TLoss:0.0466 TAcc:0.891 | VLoss:0.1080 VAcc:0.874 VF1:0.8643
Epoch 23/25 | TLoss:0.0465 TAcc:0.883 | VLoss:0.1110 VAcc:0.878 VF1:0.8682
Epoch 24/25 | TLoss:0.0412 TAcc:0.889 | VLoss:0.1079 VAcc:0.885 VF1:0.8764
Epoch 25/25 | TLoss:0.0429 TAcc:0.894 | VLoss:0.1086 VAcc:0.883 VF1:0.8748

Best: epoch 19, val F1 = 0.8804
Model saved: exp_A_ptbxl_only_img512_bs32_e25_fold1.pth

Evaluating test set...

============================================================
EXPERIMENT A RESULTS
============================================================
  Test Accuracy  : 0.8862
  Macro F1       : 0.8743
  Weighted F1    : 0.8864
  Macro ROC-AUC  : 0.9774
  Macro PR-AUC   : 0.9400
  Cohen Kappa    : 0.8419
  MCC            : 0.8446
  ECE            : 0.1219

Per-class F1:
  NORM  : F1=0.9171  ROC-AUC=0.9839  PR-AUC=0.9674
  MI    : F1=0.8596  ROC-AUC=0.9538  PR-AUC=0.9364
  AFIB  : F1=0.9169  ROC-AUC=0.9913  PR-AUC=0.9756
  TACHY : F1=0.8035  ROC-AUC=0.9804  PR-AUC=0.8806

Outputs: C:\Users\taimo\OneDrive\Documents 1\work\ecg-synthetic-research\outputs\results\exp_A_ptbxl_only_img512_bs32_e25_fold1
============================================================

Launching GRAD-CAM...

============================================================
GRAD-CAM — exp_A_ptbxl_only_img512_bs32_e25_fold1
============================================================

Generating GRAD-CAM for 1485 test images...
Output: C:\Users\taimo\OneDrive\Documents 1\work\ecg-synthetic-research\outputs\results\exp_A_ptbxl_only_img512_bs32_e25_fold1\gradcam

  Class: NORM
  Saved: gradcam_NORM.png
  Class: MI
  Saved: gradcam_MI.png
  Class: AFIB
  Saved: gradcam_AFIB.png
  Class: TACHY
  Saved: gradcam_TACHY.png

Overview saved: C:\Users\taimo\OneDrive\Documents 1\work\ecg-synthetic-research\outputs\results\exp_A_ptbxl_only_img512_bs32_e25_fold1\gradcam\gradcam_overview.png

============================================================
GRAD-CAM complete — 4 classes visualized
Output folder: C:\Users\taimo\OneDrive\Documents 1\work\ecg-synthetic-research\outputs\results\exp_A_ptbxl_only_img512_bs32_e25_fold1\gradcam
============================================================

[DONE] --experiment A --fold 1

[3/9]
============================================================
STARTING: --experiment A --fold 2
============================================================


============================================================
Experiment A: Baseline — PTB-XL real only
Cross-validation mode: FOLD 2/2 (3-fold CV)
Run name:  exp_A_ptbxl_only_img512_bs32_e25_fold2
Device:    cuda
Img size:  512px | Batch: 32 | Epochs: 25
============================================================

Total images: 4456
Per source:
  ptbxl: 4456
Per class:
  NORM: 1500
  MI: 1500
  AFIB: 1030
  TACHY: 426
[cache] all 4456 images already cached at 512px

LEAKAGE VERIFICATION REPORT
============================================================
Fold: 2

Train PTB-XL records: 2520 | Unique patients: 2325
Val   PTB-XL records: 451 | Unique patients: 411
Test  PTB-XL records: 1485 | Unique patients: 1368

Patient Overlap:
  Train x Val:  0 patients (0.0% of train)
  Train x Test: 0 patients (0.0% of train)
  Val x Test:   0 patients (0.0% of val)

Leakage Status: [PASSED] No patient overlap
============================================================


[OK] Fold 2: No patient-level leakage

============================================================
FOLD 2 — CLASS DISTRIBUTION
============================================================

Train:
  NORM  :   842 ( 33.4%)
  MI    :   877 ( 34.8%)
  AFIB  :   563 ( 22.3%)
  TACHY :   238 (  9.4%)

Val:
  NORM  :   148 ( 32.8%)
  MI    :   151 ( 33.5%)
  AFIB  :   112 ( 24.8%)
  TACHY :    40 (  8.9%)

Test:
  NORM  :   510 ( 34.3%)
  MI    :   472 ( 31.8%)
  AFIB  :   355 ( 23.9%)
  TACHY :   148 ( 10.0%)
Train class distribution:
  NORM  :   842 (33.4%)
  MI    :   877 (34.8%)
  AFIB  :   563 (22.3%)
  TACHY :   238 (9.4%)

Training 25 epochs...

Epoch 01/25 | TLoss:0.4286 TAcc:0.311 | VLoss:0.3142 VAcc:0.608 VF1:0.5720 [BEST]
Epoch 02/25 | TLoss:0.2950 TAcc:0.552 | VLoss:0.1994 VAcc:0.659 VF1:0.6390 [BEST]
Epoch 03/25 | TLoss:0.1981 TAcc:0.684 | VLoss:0.1552 VAcc:0.718 VF1:0.7013 [BEST]
Epoch 04/25 | TLoss:0.1459 TAcc:0.748 | VLoss:0.1146 VAcc:0.792 VF1:0.7785 [BEST]
Epoch 05/25 | TLoss:0.1307 TAcc:0.776 | VLoss:0.1538 VAcc:0.765 VF1:0.7511
Epoch 06/25 | TLoss:0.1119 TAcc:0.813 | VLoss:0.1451 VAcc:0.829 VF1:0.8229 [BEST]
Epoch 07/25 | TLoss:0.0939 TAcc:0.821 | VLoss:0.0989 VAcc:0.816 VF1:0.8014
Epoch 08/25 | TLoss:0.0939 TAcc:0.830 | VLoss:0.0877 VAcc:0.847 VF1:0.8340 [BEST]
Epoch 09/25 | TLoss:0.0840 TAcc:0.845 | VLoss:0.0855 VAcc:0.843 VF1:0.8275
Epoch 10/25 | TLoss:0.0753 TAcc:0.842 | VLoss:0.0955 VAcc:0.823 VF1:0.8028
Epoch 11/25 | TLoss:0.0693 TAcc:0.856 | VLoss:0.1056 VAcc:0.851 VF1:0.8363 [BEST]
Epoch 12/25 | TLoss:0.0654 TAcc:0.858 | VLoss:0.0999 VAcc:0.878 VF1:0.8623 [BEST]
Epoch 13/25 | TLoss:0.0593 TAcc:0.877 | VLoss:0.0860 VAcc:0.863 VF1:0.8434
Epoch 14/25 | TLoss:0.0593 TAcc:0.863 | VLoss:0.0839 VAcc:0.860 VF1:0.8443
Epoch 15/25 | TLoss:0.0497 TAcc:0.874 | VLoss:0.0770 VAcc:0.882 VF1:0.8695 [BEST]
Epoch 16/25 | TLoss:0.0551 TAcc:0.880 | VLoss:0.0831 VAcc:0.863 VF1:0.8490
Epoch 17/25 | TLoss:0.0463 TAcc:0.887 | VLoss:0.0785 VAcc:0.876 VF1:0.8666
Epoch 18/25 | TLoss:0.0528 TAcc:0.884 | VLoss:0.0796 VAcc:0.874 VF1:0.8612
Epoch 19/25 | TLoss:0.0484 TAcc:0.886 | VLoss:0.0799 VAcc:0.860 VF1:0.8437
Epoch 20/25 | TLoss:0.0481 TAcc:0.890 | VLoss:0.0805 VAcc:0.869 VF1:0.8573
Epoch 21/25 | TLoss:0.0438 TAcc:0.900 | VLoss:0.0853 VAcc:0.865 VF1:0.8507
Epoch 22/25 | TLoss:0.0495 TAcc:0.890 | VLoss:0.0825 VAcc:0.854 VF1:0.8385
Epoch 23/25 | TLoss:0.0394 TAcc:0.888 | VLoss:0.0824 VAcc:0.876 VF1:0.8659
Epoch 24/25 | TLoss:0.0438 TAcc:0.885 | VLoss:0.0830 VAcc:0.869 VF1:0.8569
Epoch 25/25 | TLoss:0.0363 TAcc:0.905 | VLoss:0.0799 VAcc:0.882 VF1:0.8756 [BEST]

Best: epoch 25, val F1 = 0.8756
Model saved: exp_A_ptbxl_only_img512_bs32_e25_fold2.pth

Evaluating test set...

============================================================
EXPERIMENT A RESULTS
============================================================
  Test Accuracy  : 0.8801
  Macro F1       : 0.8691
  Weighted F1    : 0.8788
  Macro ROC-AUC  : 0.9735
  Macro PR-AUC   : 0.9284
  Cohen Kappa    : 0.8327
  MCC            : 0.8358
  ECE            : 0.0939

Per-class F1:
  NORM  : F1=0.9072  ROC-AUC=0.9800  PR-AUC=0.9574
  MI    : F1=0.8388  ROC-AUC=0.9514  PR-AUC=0.9259
  AFIB  : F1=0.9192  ROC-AUC=0.9834  PR-AUC=0.9620
  TACHY : F1=0.8113  ROC-AUC=0.9792  PR-AUC=0.8685

Outputs: C:\Users\taimo\OneDrive\Documents 1\work\ecg-synthetic-research\outputs\results\exp_A_ptbxl_only_img512_bs32_e25_fold2
============================================================

Launching GRAD-CAM...

============================================================
GRAD-CAM — exp_A_ptbxl_only_img512_bs32_e25_fold2
============================================================

Generating GRAD-CAM for 1485 test images...
Output: C:\Users\taimo\OneDrive\Documents 1\work\ecg-synthetic-research\outputs\results\exp_A_ptbxl_only_img512_bs32_e25_fold2\gradcam

  Class: NORM
  Saved: gradcam_NORM.png
  Class: MI
  Saved: gradcam_MI.png
  Class: AFIB
  Saved: gradcam_AFIB.png
  Class: TACHY
  Saved: gradcam_TACHY.png

Overview saved: C:\Users\taimo\OneDrive\Documents 1\work\ecg-synthetic-research\outputs\results\exp_A_ptbxl_only_img512_bs32_e25_fold2\gradcam\gradcam_overview.png

============================================================
GRAD-CAM complete — 4 classes visualized
Output folder: C:\Users\taimo\OneDrive\Documents 1\work\ecg-synthetic-research\outputs\results\exp_A_ptbxl_only_img512_bs32_e25_fold2\gradcam
============================================================

[DONE] --experiment A --fold 2

[4/9]
============================================================
STARTING: --experiment B --fold 0
============================================================


============================================================
Experiment B: PTB-XL + Imagen augmentation
Cross-validation mode: FOLD 0/2 (3-fold CV)
Run name:  exp_B_ptbxl_imagen_img512_bs32_e25_fold0
Device:    cuda
Img size:  512px | Batch: 32 | Epochs: 25
============================================================

Total images: 5094
Per source:
  ptbxl: 4456
  imagen: 638
Per class:
  NORM: 1660
  MI: 1660
  AFIB: 1190
  TACHY: 584
[cache] building 638/5094 resized 512px images...

LEAKAGE VERIFICATION REPORT
============================================================
Fold: 0

Train PTB-XL records: 2523 | Unique patients: 2325
Val   PTB-XL records: 447 | Unique patients: 411
Test  PTB-XL records: 1486 | Unique patients: 1368

Patient Overlap:
  Train x Val:  0 patients (0.0% of train)
  Train x Test: 0 patients (0.0% of train)
  Val x Test:   0 patients (0.0% of val)

Leakage Status: [PASSED] No patient overlap
============================================================


[OK] Fold 0: No patient-level leakage

============================================================
FOLD 0 — CLASS DISTRIBUTION
============================================================

Train:
  NORM  :  1018 ( 32.2%)
  MI    :   984 ( 31.1%)
  AFIB  :   748 ( 23.7%)
  TACHY :   411 ( 13.0%)

Val:
  NORM  :   151 ( 33.8%)
  MI    :   144 ( 32.2%)
  AFIB  :   107 ( 23.9%)
  TACHY :    45 ( 10.1%)

Test:
  NORM  :   491 ( 33.0%)
  MI    :   532 ( 35.8%)
  AFIB  :   335 ( 22.5%)
  TACHY :   128 (  8.6%)
Train class distribution:
  NORM  :  1018 (32.2%)
  MI    :   984 (31.1%)
  AFIB  :   748 (23.7%)
  TACHY :   411 (13.0%)

Training 25 epochs...

Epoch 01/25 | TLoss:0.4984 TAcc:0.391 | VLoss:0.3408 VAcc:0.595 VF1:0.5748 [BEST]
Epoch 02/25 | TLoss:0.3105 TAcc:0.624 | VLoss:0.2134 VAcc:0.729 VF1:0.7125 [BEST]
Epoch 03/25 | TLoss:0.2259 TAcc:0.719 | VLoss:0.1696 VAcc:0.776 VF1:0.7638 [BEST]
Epoch 04/25 | TLoss:0.1846 TAcc:0.761 | VLoss:0.0986 VAcc:0.837 VF1:0.8403 [BEST]
Epoch 05/25 | TLoss:0.1531 TAcc:0.796 | VLoss:0.0780 VAcc:0.861 VF1:0.8609 [BEST]
Epoch 06/25 | TLoss:0.1361 TAcc:0.817 | VLoss:0.0674 VAcc:0.888 VF1:0.8870 [BEST]
Epoch 07/25 | TLoss:0.1212 TAcc:0.828 | VLoss:0.0613 VAcc:0.893 VF1:0.8971 [BEST]
Epoch 08/25 | TLoss:0.1179 TAcc:0.843 | VLoss:0.0594 VAcc:0.897 VF1:0.8942
Epoch 09/25 | TLoss:0.1042 TAcc:0.862 | VLoss:0.0627 VAcc:0.875 VF1:0.8768
Epoch 10/25 | TLoss:0.0887 TAcc:0.869 | VLoss:0.0690 VAcc:0.888 VF1:0.8846
Epoch 11/25 | TLoss:0.0848 TAcc:0.878 | VLoss:0.0608 VAcc:0.884 VF1:0.8821
Epoch 12/25 | TLoss:0.0822 TAcc:0.889 | VLoss:0.0645 VAcc:0.908 VF1:0.9086 [BEST]
Epoch 13/25 | TLoss:0.0781 TAcc:0.877 | VLoss:0.0630 VAcc:0.893 VF1:0.8931
Epoch 14/25 | TLoss:0.0695 TAcc:0.892 | VLoss:0.0719 VAcc:0.895 VF1:0.8932
Epoch 15/25 | TLoss:0.0580 TAcc:0.900 | VLoss:0.0705 VAcc:0.868 VF1:0.8660
Epoch 16/25 | TLoss:0.0642 TAcc:0.897 | VLoss:0.0733 VAcc:0.908 VF1:0.9094 [BEST]
Epoch 17/25 | TLoss:0.0608 TAcc:0.905 | VLoss:0.0631 VAcc:0.897 VF1:0.8971
Epoch 18/25 | TLoss:0.0531 TAcc:0.925 | VLoss:0.0682 VAcc:0.890 VF1:0.8905
Epoch 19/25 | TLoss:0.0477 TAcc:0.918 | VLoss:0.0649 VAcc:0.893 VF1:0.8955
Epoch 20/25 | TLoss:0.0541 TAcc:0.908 | VLoss:0.0663 VAcc:0.884 VF1:0.8837
Epoch 21/25 | TLoss:0.0529 TAcc:0.905 | VLoss:0.0640 VAcc:0.890 VF1:0.8907
Epoch 22/25 | TLoss:0.0493 TAcc:0.917 | VLoss:0.0633 VAcc:0.890 VF1:0.8886
Epoch 23/25 | TLoss:0.0508 TAcc:0.912 | VLoss:0.0632 VAcc:0.897 VF1:0.9004
Epoch 24/25 | TLoss:0.0521 TAcc:0.916 | VLoss:0.0667 VAcc:0.897 VF1:0.9017
Epoch 25/25 | TLoss:0.0486 TAcc:0.920 | VLoss:0.0640 VAcc:0.893 VF1:0.8942

Best: epoch 16, val F1 = 0.9094
Model saved: exp_B_ptbxl_imagen_img512_bs32_e25_fold0.pth

Evaluating test set...

============================================================
EXPERIMENT B RESULTS
============================================================
  Test Accuracy  : 0.8809
  Macro F1       : 0.8715
  Weighted F1    : 0.8793
  Macro ROC-AUC  : 0.9784
  Macro PR-AUC   : 0.9369
  Cohen Kappa    : 0.8321
  MCC            : 0.8357
  ECE            : 0.0866

Per-class F1:
  NORM  : F1=0.9006  ROC-AUC=0.9817  PR-AUC=0.9602
  MI    : F1=0.8483  ROC-AUC=0.9555  PR-AUC=0.9405
  AFIB  : F1=0.9220  ROC-AUC=0.9917  PR-AUC=0.9759
  TACHY : F1=0.8151  ROC-AUC=0.9847  PR-AUC=0.8711

Outputs: C:\Users\taimo\OneDrive\Documents 1\work\ecg-synthetic-research\outputs\results\exp_B_ptbxl_imagen_img512_bs32_e25_fold0
============================================================

Launching GRAD-CAM...

============================================================
GRAD-CAM — exp_B_ptbxl_imagen_img512_bs32_e25_fold0
============================================================

Generating GRAD-CAM for 1486 test images...
Output: C:\Users\taimo\OneDrive\Documents 1\work\ecg-synthetic-research\outputs\results\exp_B_ptbxl_imagen_img512_bs32_e25_fold0\gradcam

  Class: NORM
  Saved: gradcam_NORM.png
  Class: MI
  Saved: gradcam_MI.png
  Class: AFIB
  Saved: gradcam_AFIB.png
  Class: TACHY
  Saved: gradcam_TACHY.png

Overview saved: C:\Users\taimo\OneDrive\Documents 1\work\ecg-synthetic-research\outputs\results\exp_B_ptbxl_imagen_img512_bs32_e25_fold0\gradcam\gradcam_overview.png

============================================================
GRAD-CAM complete — 4 classes visualized
Output folder: C:\Users\taimo\OneDrive\Documents 1\work\ecg-synthetic-research\outputs\results\exp_B_ptbxl_imagen_img512_bs32_e25_fold0\gradcam
============================================================

[DONE] --experiment B --fold 0

[5/9]
============================================================
STARTING: --experiment B --fold 1
============================================================


============================================================
Experiment B: PTB-XL + Imagen augmentation
Cross-validation mode: FOLD 1/2 (3-fold CV)
Run name:  exp_B_ptbxl_imagen_img512_bs32_e25_fold1
Device:    cuda
Img size:  512px | Batch: 32 | Epochs: 25
============================================================

Total images: 5094
Per source:
  ptbxl: 4456
  imagen: 638
Per class:
  NORM: 1660
  MI: 1660
  AFIB: 1190
  TACHY: 584
[cache] all 5094 images already cached at 512px

LEAKAGE VERIFICATION REPORT
============================================================
Fold: 1

Train PTB-XL records: 2528 | Unique patients: 2325
Val   PTB-XL records: 443 | Unique patients: 411
Test  PTB-XL records: 1485 | Unique patients: 1368

Patient Overlap:
  Train x Val:  0 patients (0.0% of train)
  Train x Test: 0 patients (0.0% of train)
  Val x Test:   0 patients (0.0% of val)

Leakage Status: [PASSED] No patient overlap
============================================================


[OK] Fold 1: No patient-level leakage

============================================================
FOLD 1 — CLASS DISTRIBUTION
============================================================

Train:
  NORM  :  1009 ( 31.9%)
  MI    :  1016 ( 32.1%)
  AFIB  :   748 ( 23.6%)
  TACHY :   393 ( 12.4%)

Val:
  NORM  :   152 ( 34.3%)
  MI    :   148 ( 33.4%)
  AFIB  :   102 ( 23.0%)
  TACHY :    41 (  9.3%)

Test:
  NORM  :   499 ( 33.6%)
  MI    :   496 ( 33.4%)
  AFIB  :   340 ( 22.9%)
  TACHY :   150 ( 10.1%)
Train class distribution:
  NORM  :  1009 (31.9%)
  MI    :  1016 (32.1%)
  AFIB  :   748 (23.6%)
  TACHY :   393 (12.4%)

Training 25 epochs...

Epoch 01/25 | TLoss:0.4811 TAcc:0.407 | VLoss:0.3090 VAcc:0.628 VF1:0.5912 [BEST]
Epoch 02/25 | TLoss:0.3045 TAcc:0.621 | VLoss:0.2068 VAcc:0.738 VF1:0.7145 [BEST]
Epoch 03/25 | TLoss:0.2172 TAcc:0.717 | VLoss:0.1616 VAcc:0.792 VF1:0.7746 [BEST]
Epoch 04/25 | TLoss:0.1744 TAcc:0.775 | VLoss:0.1321 VAcc:0.844 VF1:0.8307 [BEST]
Epoch 05/25 | TLoss:0.1526 TAcc:0.791 | VLoss:0.1179 VAcc:0.865 VF1:0.8510 [BEST]
Epoch 06/25 | TLoss:0.1292 TAcc:0.819 | VLoss:0.1278 VAcc:0.889 VF1:0.8803 [BEST]
Epoch 07/25 | TLoss:0.1143 TAcc:0.822 | VLoss:0.1231 VAcc:0.867 VF1:0.8600
Epoch 08/25 | TLoss:0.1058 TAcc:0.844 | VLoss:0.1276 VAcc:0.894 VF1:0.8888 [BEST]
Epoch 09/25 | TLoss:0.0922 TAcc:0.854 | VLoss:0.1379 VAcc:0.867 VF1:0.8496
Epoch 10/25 | TLoss:0.0900 TAcc:0.866 | VLoss:0.1443 VAcc:0.844 VF1:0.8459
Epoch 11/25 | TLoss:0.0785 TAcc:0.865 | VLoss:0.1326 VAcc:0.860 VF1:0.8379
Epoch 12/25 | TLoss:0.0730 TAcc:0.879 | VLoss:0.1171 VAcc:0.880 VF1:0.8714
Epoch 13/25 | TLoss:0.0701 TAcc:0.883 | VLoss:0.1266 VAcc:0.878 VF1:0.8645
Epoch 14/25 | TLoss:0.0623 TAcc:0.891 | VLoss:0.1301 VAcc:0.885 VF1:0.8731
Epoch 15/25 | TLoss:0.0579 TAcc:0.900 | VLoss:0.1247 VAcc:0.894 VF1:0.8884
Epoch 16/25 | TLoss:0.0557 TAcc:0.902 | VLoss:0.1339 VAcc:0.892 VF1:0.8833
Epoch 17/25 | TLoss:0.0587 TAcc:0.901 | VLoss:0.1297 VAcc:0.910 VF1:0.9044 [BEST]
Epoch 18/25 | TLoss:0.0489 TAcc:0.911 | VLoss:0.1361 VAcc:0.898 VF1:0.8874
Epoch 19/25 | TLoss:0.0518 TAcc:0.908 | VLoss:0.1265 VAcc:0.894 VF1:0.8849
Epoch 20/25 | TLoss:0.0480 TAcc:0.910 | VLoss:0.1261 VAcc:0.907 VF1:0.8986
Epoch 21/25 | TLoss:0.0498 TAcc:0.911 | VLoss:0.1239 VAcc:0.903 VF1:0.8939
Epoch 22/25 | TLoss:0.0475 TAcc:0.922 | VLoss:0.1254 VAcc:0.905 VF1:0.9003
Epoch 23/25 | TLoss:0.0448 TAcc:0.914 | VLoss:0.1307 VAcc:0.905 VF1:0.9010
Epoch 24/25 | TLoss:0.0451 TAcc:0.909 | VLoss:0.1284 VAcc:0.898 VF1:0.8964
Epoch 25/25 | TLoss:0.0475 TAcc:0.915 | VLoss:0.1252 VAcc:0.903 VF1:0.8986

Best: epoch 17, val F1 = 0.9044
Model saved: exp_B_ptbxl_imagen_img512_bs32_e25_fold1.pth

Evaluating test set...

============================================================
EXPERIMENT B RESULTS
============================================================
  Test Accuracy  : 0.9104
  Macro F1       : 0.9043
  Weighted F1    : 0.9101
  Macro ROC-AUC  : 0.9819
  Macro PR-AUC   : 0.9513
  Cohen Kappa    : 0.8746
  MCC            : 0.8749
  ECE            : 0.1314

Per-class F1:
  NORM  : F1=0.9237  ROC-AUC=0.9857  PR-AUC=0.9724
  MI    : F1=0.8900  ROC-AUC=0.9655  PR-AUC=0.9496
  AFIB  : F1=0.9397  ROC-AUC=0.9934  PR-AUC=0.9829
  TACHY : F1=0.8638  ROC-AUC=0.9832  PR-AUC=0.9002

Outputs: C:\Users\taimo\OneDrive\Documents 1\work\ecg-synthetic-research\outputs\results\exp_B_ptbxl_imagen_img512_bs32_e25_fold1
============================================================

Launching GRAD-CAM...

============================================================
GRAD-CAM — exp_B_ptbxl_imagen_img512_bs32_e25_fold1
============================================================

Generating GRAD-CAM for 1485 test images...
Output: C:\Users\taimo\OneDrive\Documents 1\work\ecg-synthetic-research\outputs\results\exp_B_ptbxl_imagen_img512_bs32_e25_fold1\gradcam

  Class: NORM
  Saved: gradcam_NORM.png
  Class: MI
  Saved: gradcam_MI.png
  Class: AFIB
  Saved: gradcam_AFIB.png
  Class: TACHY
  Saved: gradcam_TACHY.png

Overview saved: C:\Users\taimo\OneDrive\Documents 1\work\ecg-synthetic-research\outputs\results\exp_B_ptbxl_imagen_img512_bs32_e25_fold1\gradcam\gradcam_overview.png

============================================================
GRAD-CAM complete — 4 classes visualized
Output folder: C:\Users\taimo\OneDrive\Documents 1\work\ecg-synthetic-research\outputs\results\exp_B_ptbxl_imagen_img512_bs32_e25_fold1\gradcam
============================================================

[DONE] --experiment B --fold 1

[6/9]
============================================================
STARTING: --experiment B --fold 2
============================================================


============================================================
Experiment B: PTB-XL + Imagen augmentation
Cross-validation mode: FOLD 2/2 (3-fold CV)
Run name:  exp_B_ptbxl_imagen_img512_bs32_e25_fold2
Device:    cuda
Img size:  512px | Batch: 32 | Epochs: 25
============================================================

Total images: 5094
Per source:
  ptbxl: 4456
  imagen: 638
Per class:
  NORM: 1660
  MI: 1660
  AFIB: 1190
  TACHY: 584
[cache] all 5094 images already cached at 512px

LEAKAGE VERIFICATION REPORT
============================================================
Fold: 2

Train PTB-XL records: 2520 | Unique patients: 2325
Val   PTB-XL records: 451 | Unique patients: 411
Test  PTB-XL records: 1485 | Unique patients: 1368

Patient Overlap:
  Train x Val:  0 patients (0.0% of train)
  Train x Test: 0 patients (0.0% of train)
  Val x Test:   0 patients (0.0% of val)

Leakage Status: [PASSED] No patient overlap
============================================================


[OK] Fold 2: No patient-level leakage

============================================================
FOLD 2 — CLASS DISTRIBUTION
============================================================

Train:
  NORM  :  1002 ( 31.7%)
  MI    :  1037 ( 32.8%)
  AFIB  :   723 ( 22.9%)
  TACHY :   396 ( 12.5%)

Val:
  NORM  :   148 ( 32.8%)
  MI    :   151 ( 33.5%)
  AFIB  :   112 ( 24.8%)
  TACHY :    40 (  8.9%)

Test:
  NORM  :   510 ( 34.3%)
  MI    :   472 ( 31.8%)
  AFIB  :   355 ( 23.9%)
  TACHY :   148 ( 10.0%)
Train class distribution:
  NORM  :  1002 (31.7%)
  MI    :  1037 (32.8%)
  AFIB  :   723 (22.9%)
  TACHY :   396 (12.5%)

Training 25 epochs...

Epoch 01/25 | TLoss:0.4782 TAcc:0.411 | VLoss:0.3489 VAcc:0.537 VF1:0.5094 [BEST]
Epoch 02/25 | TLoss:0.2939 TAcc:0.628 | VLoss:0.2138 VAcc:0.701 VF1:0.6767 [BEST]
Epoch 03/25 | TLoss:0.2242 TAcc:0.712 | VLoss:0.1843 VAcc:0.747 VF1:0.7298 [BEST]
Epoch 04/25 | TLoss:0.1719 TAcc:0.763 | VLoss:0.2036 VAcc:0.718 VF1:0.6957
Epoch 05/25 | TLoss:0.1447 TAcc:0.802 | VLoss:0.1278 VAcc:0.803 VF1:0.7848 [BEST]
Epoch 06/25 | TLoss:0.1250 TAcc:0.828 | VLoss:0.1266 VAcc:0.829 VF1:0.8149 [BEST]
Epoch 07/25 | TLoss:0.1180 TAcc:0.835 | VLoss:0.0994 VAcc:0.858 VF1:0.8454 [BEST]
Epoch 08/25 | TLoss:0.0985 TAcc:0.855 | VLoss:0.0986 VAcc:0.856 VF1:0.8409
Epoch 09/25 | TLoss:0.0961 TAcc:0.861 | VLoss:0.1038 VAcc:0.865 VF1:0.8472 [BEST]
Epoch 10/25 | TLoss:0.0785 TAcc:0.876 | VLoss:0.1001 VAcc:0.860 VF1:0.8363
Epoch 11/25 | TLoss:0.0736 TAcc:0.880 | VLoss:0.0995 VAcc:0.882 VF1:0.8659 [BEST]
Epoch 12/25 | TLoss:0.0679 TAcc:0.896 | VLoss:0.0913 VAcc:0.887 VF1:0.8737 [BEST]
Epoch 13/25 | TLoss:0.0671 TAcc:0.885 | VLoss:0.1039 VAcc:0.876 VF1:0.8612
Epoch 14/25 | TLoss:0.0630 TAcc:0.898 | VLoss:0.0869 VAcc:0.887 VF1:0.8684
Epoch 15/25 | TLoss:0.0569 TAcc:0.904 | VLoss:0.0932 VAcc:0.887 VF1:0.8790 [BEST]
Epoch 16/25 | TLoss:0.0567 TAcc:0.901 | VLoss:0.0838 VAcc:0.882 VF1:0.8697
Epoch 17/25 | TLoss:0.0511 TAcc:0.911 | VLoss:0.0893 VAcc:0.894 VF1:0.8786
Epoch 18/25 | TLoss:0.0458 TAcc:0.911 | VLoss:0.0909 VAcc:0.894 VF1:0.8816 [BEST]
Epoch 19/25 | TLoss:0.0496 TAcc:0.911 | VLoss:0.0851 VAcc:0.885 VF1:0.8702
Epoch 20/25 | TLoss:0.0471 TAcc:0.913 | VLoss:0.0911 VAcc:0.894 VF1:0.8793
Epoch 21/25 | TLoss:0.0450 TAcc:0.924 | VLoss:0.0824 VAcc:0.887 VF1:0.8709
Epoch 22/25 | TLoss:0.0424 TAcc:0.922 | VLoss:0.0842 VAcc:0.885 VF1:0.8686
Epoch 23/25 | TLoss:0.0430 TAcc:0.917 | VLoss:0.0862 VAcc:0.885 VF1:0.8680
Epoch 24/25 | TLoss:0.0422 TAcc:0.920 | VLoss:0.0847 VAcc:0.894 VF1:0.8789
Epoch 25/25 | TLoss:0.0426 TAcc:0.921 | VLoss:0.0885 VAcc:0.889 VF1:0.8750

Best: epoch 18, val F1 = 0.8816
Model saved: exp_B_ptbxl_imagen_img512_bs32_e25_fold2.pth

Evaluating test set...

============================================================
EXPERIMENT B RESULTS
============================================================
  Test Accuracy  : 0.8896
  Macro F1       : 0.8836
  Weighted F1    : 0.8887
  Macro ROC-AUC  : 0.9771
  Macro PR-AUC   : 0.9356
  Cohen Kappa    : 0.8458
  MCC            : 0.8478
  ECE            : 0.0762

Per-class F1:
  NORM  : F1=0.9031  ROC-AUC=0.9824  PR-AUC=0.9637
  MI    : F1=0.8535  ROC-AUC=0.9554  PR-AUC=0.9331
  AFIB  : F1=0.9331  ROC-AUC=0.9881  PR-AUC=0.9692
  TACHY : F1=0.8444  ROC-AUC=0.9824  PR-AUC=0.8763

Outputs: C:\Users\taimo\OneDrive\Documents 1\work\ecg-synthetic-research\outputs\results\exp_B_ptbxl_imagen_img512_bs32_e25_fold2
============================================================

Launching GRAD-CAM...

============================================================
GRAD-CAM — exp_B_ptbxl_imagen_img512_bs32_e25_fold2
============================================================

Generating GRAD-CAM for 1485 test images...
Output: C:\Users\taimo\OneDrive\Documents 1\work\ecg-synthetic-research\outputs\results\exp_B_ptbxl_imagen_img512_bs32_e25_fold2\gradcam

  Class: NORM
  Saved: gradcam_NORM.png
  Class: MI
  Saved: gradcam_MI.png
  Class: AFIB
  Saved: gradcam_AFIB.png
  Class: TACHY
  Saved: gradcam_TACHY.png

Overview saved: C:\Users\taimo\OneDrive\Documents 1\work\ecg-synthetic-research\outputs\results\exp_B_ptbxl_imagen_img512_bs32_e25_fold2\gradcam\gradcam_overview.png

============================================================
GRAD-CAM complete — 4 classes visualized
Output folder: C:\Users\taimo\OneDrive\Documents 1\work\ecg-synthetic-research\outputs\results\exp_B_ptbxl_imagen_img512_bs32_e25_fold2\gradcam
============================================================

[DONE] --experiment B --fold 2

[7/9]
============================================================
STARTING: --experiment C --fold 0
============================================================


============================================================
Experiment C: PTB-XL + Imagen + NeuroKit2 augmentation
Cross-validation mode: FOLD 0/2 (3-fold CV)
Run name:  exp_C_ptbxl_imagen_neurokit2_img512_bs32_e25_fold0
Device:    cuda
Img size:  512px | Batch: 32 | Epochs: 25
============================================================

Total images: 11094
Per source:
  ptbxl: 4456
  imagen: 638
  neurokit2: 6000
Per class:
  NORM: 3160
  MI: 3160
  AFIB: 2690
  TACHY: 2084
[cache] building 6000/11094 resized 512px images...

LEAKAGE VERIFICATION REPORT
============================================================
Fold: 0

Train PTB-XL records: 2523 | Unique patients: 2325
Val   PTB-XL records: 447 | Unique patients: 411
Test  PTB-XL records: 1486 | Unique patients: 1368

Patient Overlap:
  Train x Val:  0 patients (0.0% of train)
  Train x Test: 0 patients (0.0% of train)
  Val x Test:   0 patients (0.0% of val)

Leakage Status: [PASSED] No patient overlap
============================================================


[OK] Fold 0: No patient-level leakage

============================================================
FOLD 0 — CLASS DISTRIBUTION
============================================================

Train:
  NORM  :  2518 ( 27.5%)
  MI    :  2484 ( 27.1%)
  AFIB  :  2248 ( 24.5%)
  TACHY :  1911 ( 20.9%)

Val:
  NORM  :   151 ( 33.8%)
  MI    :   144 ( 32.2%)
  AFIB  :   107 ( 23.9%)
  TACHY :    45 ( 10.1%)

Test:
  NORM  :   491 ( 33.0%)
  MI    :   532 ( 35.8%)
  AFIB  :   335 ( 22.5%)
  TACHY :   128 (  8.6%)
Train class distribution:
  NORM  :  2518 (27.5%)
  MI    :  2484 (27.1%)
  AFIB  :  2248 (24.5%)
  TACHY :  1911 (20.9%)

Training 25 epochs...

Epoch 01/25 | TLoss:0.2907 TAcc:0.708 | VLoss:0.2777 VAcc:0.732 VF1:0.6924 [BEST]
Epoch 02/25 | TLoss:0.1155 TAcc:0.889 | VLoss:0.1687 VAcc:0.792 VF1:0.7910 [BEST]
Epoch 03/25 | TLoss:0.0804 TAcc:0.925 | VLoss:0.1193 VAcc:0.848 VF1:0.8425 [BEST]
Epoch 04/25 | TLoss:0.0614 TAcc:0.939 | VLoss:0.1118 VAcc:0.875 VF1:0.8667 [BEST]
Epoch 05/25 | TLoss:0.0534 TAcc:0.946 | VLoss:0.0976 VAcc:0.879 VF1:0.8723 [BEST]
Epoch 06/25 | TLoss:0.0437 TAcc:0.954 | VLoss:0.1057 VAcc:0.877 VF1:0.8737 [BEST]
Epoch 07/25 | TLoss:0.0361 TAcc:0.962 | VLoss:0.0872 VAcc:0.888 VF1:0.8900 [BEST]
Epoch 08/25 | TLoss:0.0325 TAcc:0.963 | VLoss:0.0918 VAcc:0.879 VF1:0.8732
Epoch 09/25 | TLoss:0.0311 TAcc:0.965 | VLoss:0.0852 VAcc:0.890 VF1:0.8893
Epoch 10/25 | TLoss:0.0264 TAcc:0.968 | VLoss:0.0793 VAcc:0.886 VF1:0.8908 [BEST]
Epoch 11/25 | TLoss:0.0226 TAcc:0.974 | VLoss:0.0896 VAcc:0.904 VF1:0.8980 [BEST]
Epoch 12/25 | TLoss:0.0205 TAcc:0.974 | VLoss:0.1025 VAcc:0.890 VF1:0.8858
Epoch 13/25 | TLoss:0.0189 TAcc:0.977 | VLoss:0.1036 VAcc:0.881 VF1:0.8827
Epoch 14/25 | TLoss:0.0155 TAcc:0.980 | VLoss:0.0883 VAcc:0.913 VF1:0.9147 [BEST]
Epoch 15/25 | TLoss:0.0134 TAcc:0.982 | VLoss:0.1013 VAcc:0.888 VF1:0.8987
Epoch 16/25 | TLoss:0.0129 TAcc:0.983 | VLoss:0.0962 VAcc:0.899 VF1:0.9046
Epoch 17/25 | TLoss:0.0126 TAcc:0.984 | VLoss:0.0975 VAcc:0.906 VF1:0.9108
Epoch 18/25 | TLoss:0.0112 TAcc:0.987 | VLoss:0.1107 VAcc:0.890 VF1:0.8935
Epoch 19/25 | TLoss:0.0097 TAcc:0.988 | VLoss:0.1075 VAcc:0.893 VF1:0.8985
Epoch 20/25 | TLoss:0.0101 TAcc:0.986 | VLoss:0.0933 VAcc:0.908 VF1:0.9126
Epoch 21/25 | TLoss:0.0086 TAcc:0.989 | VLoss:0.1017 VAcc:0.906 VF1:0.9089
Epoch 22/25 | TLoss:0.0090 TAcc:0.987 | VLoss:0.1040 VAcc:0.897 VF1:0.9028
Epoch 23/25 | TLoss:0.0073 TAcc:0.989 | VLoss:0.1012 VAcc:0.902 VF1:0.9068
Epoch 24/25 | TLoss:0.0092 TAcc:0.988 | VLoss:0.1045 VAcc:0.902 VF1:0.9052
Epoch 25/25 | TLoss:0.0086 TAcc:0.989 | VLoss:0.1003 VAcc:0.911 VF1:0.9163 [BEST]

Best: epoch 25, val F1 = 0.9163
Model saved: exp_C_ptbxl_imagen_neurokit2_img512_bs32_e25_fold0.pth

Evaluating test set...

============================================================
EXPERIMENT C RESULTS
============================================================
  Test Accuracy  : 0.8943
  Macro F1       : 0.8840
  Weighted F1    : 0.8933
  Macro ROC-AUC  : 0.9822
  Macro PR-AUC   : 0.9414
  Cohen Kappa    : 0.8506
  MCC            : 0.8534
  ECE            : 0.0273

Per-class F1:
  NORM  : F1=0.9060  ROC-AUC=0.9834  PR-AUC=0.9574
  MI    : F1=0.8711  ROC-AUC=0.9652  PR-AUC=0.9569
  AFIB  : F1=0.9374  ROC-AUC=0.9938  PR-AUC=0.9795
  TACHY : F1=0.8217  ROC-AUC=0.9865  PR-AUC=0.8720

Outputs: C:\Users\taimo\OneDrive\Documents 1\work\ecg-synthetic-research\outputs\results\exp_C_ptbxl_imagen_neurokit2_img512_bs32_e25_fold0
============================================================

Launching GRAD-CAM...

============================================================
GRAD-CAM — exp_C_ptbxl_imagen_neurokit2_img512_bs32_e25_fold0
============================================================

Generating GRAD-CAM for 1486 test images...
Output: C:\Users\taimo\OneDrive\Documents 1\work\ecg-synthetic-research\outputs\results\exp_C_ptbxl_imagen_neurokit2_img512_bs32_e25_fold0\gradcam

  Class: NORM
  Saved: gradcam_NORM.png
  Class: MI
  Saved: gradcam_MI.png
  Class: AFIB
  Saved: gradcam_AFIB.png
  Class: TACHY
  Saved: gradcam_TACHY.png

Overview saved: C:\Users\taimo\OneDrive\Documents 1\work\ecg-synthetic-research\outputs\results\exp_C_ptbxl_imagen_neurokit2_img512_bs32_e25_fold0\gradcam\gradcam_overview.png

============================================================
GRAD-CAM complete — 4 classes visualized
Output folder: C:\Users\taimo\OneDrive\Documents 1\work\ecg-synthetic-research\outputs\results\exp_C_ptbxl_imagen_neurokit2_img512_bs32_e25_fold0\gradcam
============================================================

[DONE] --experiment C --fold 0

[8/9]
============================================================
STARTING: --experiment C --fold 1
============================================================


============================================================
Experiment C: PTB-XL + Imagen + NeuroKit2 augmentation
Cross-validation mode: FOLD 1/2 (3-fold CV)
Run name:  exp_C_ptbxl_imagen_neurokit2_img512_bs32_e25_fold1
Device:    cuda
Img size:  512px | Batch: 32 | Epochs: 25
============================================================

Total images: 11094
Per source:
  ptbxl: 4456
  imagen: 638
  neurokit2: 6000
Per class:
  NORM: 3160
  MI: 3160
  AFIB: 2690
  TACHY: 2084
[cache] all 11094 images already cached at 512px

LEAKAGE VERIFICATION REPORT
============================================================
Fold: 1

Train PTB-XL records: 2528 | Unique patients: 2325
Val   PTB-XL records: 443 | Unique patients: 411
Test  PTB-XL records: 1485 | Unique patients: 1368

Patient Overlap:
  Train x Val:  0 patients (0.0% of train)
  Train x Test: 0 patients (0.0% of train)
  Val x Test:   0 patients (0.0% of val)

Leakage Status: [PASSED] No patient overlap
============================================================


[OK] Fold 1: No patient-level leakage

============================================================
FOLD 1 — CLASS DISTRIBUTION
============================================================

Train:
  NORM  :  2509 ( 27.4%)
  MI    :  2516 ( 27.4%)
  AFIB  :  2248 ( 24.5%)
  TACHY :  1893 ( 20.7%)

Val:
  NORM  :   152 ( 34.3%)
  MI    :   148 ( 33.4%)
  AFIB  :   102 ( 23.0%)
  TACHY :    41 (  9.3%)

Test:
  NORM  :   499 ( 33.6%)
  MI    :   496 ( 33.4%)
  AFIB  :   340 ( 22.9%)
  TACHY :   150 ( 10.1%)
Train class distribution:
  NORM  :  2509 (27.4%)
  MI    :  2516 (27.4%)
  AFIB  :  2248 (24.5%)
  TACHY :  1893 (20.7%)

Training 25 epochs...

Epoch 01/25 | TLoss:0.2956 TAcc:0.698 | VLoss:0.3014 VAcc:0.758 VF1:0.7392 [BEST]
Epoch 02/25 | TLoss:0.1163 TAcc:0.882 | VLoss:0.2134 VAcc:0.815 VF1:0.7920 [BEST]
Epoch 03/25 | TLoss:0.0768 TAcc:0.922 | VLoss:0.1416 VAcc:0.878 VF1:0.8644 [BEST]
Epoch 04/25 | TLoss:0.0594 TAcc:0.936 | VLoss:0.1491 VAcc:0.842 VF1:0.8284
Epoch 05/25 | TLoss:0.0492 TAcc:0.945 | VLoss:0.1294 VAcc:0.894 VF1:0.8779 [BEST]
Epoch 06/25 | TLoss:0.0441 TAcc:0.955 | VLoss:0.1294 VAcc:0.876 VF1:0.8590
Epoch 07/25 | TLoss:0.0387 TAcc:0.957 | VLoss:0.1189 VAcc:0.892 VF1:0.8828 [BEST]
Epoch 08/25 | TLoss:0.0314 TAcc:0.964 | VLoss:0.1138 VAcc:0.914 VF1:0.9037 [BEST]
Epoch 09/25 | TLoss:0.0266 TAcc:0.968 | VLoss:0.1200 VAcc:0.916 VF1:0.8979
Epoch 10/25 | TLoss:0.0253 TAcc:0.970 | VLoss:0.1174 VAcc:0.910 VF1:0.8935
Epoch 11/25 | TLoss:0.0239 TAcc:0.973 | VLoss:0.1169 VAcc:0.912 VF1:0.9030
Epoch 12/25 | TLoss:0.0211 TAcc:0.973 | VLoss:0.1482 VAcc:0.910 VF1:0.9013
Epoch 13/25 | TLoss:0.0203 TAcc:0.976 | VLoss:0.1256 VAcc:0.907 VF1:0.8968
Epoch 14/25 | TLoss:0.0164 TAcc:0.978 | VLoss:0.1326 VAcc:0.907 VF1:0.8961
Epoch 15/25 | TLoss:0.0149 TAcc:0.981 | VLoss:0.1343 VAcc:0.921 VF1:0.9122 [BEST]
Epoch 16/25 | TLoss:0.0139 TAcc:0.981 | VLoss:0.1405 VAcc:0.907 VF1:0.8953
Epoch 17/25 | TLoss:0.0122 TAcc:0.983 | VLoss:0.1374 VAcc:0.914 VF1:0.9079
Epoch 18/25 | TLoss:0.0117 TAcc:0.984 | VLoss:0.1310 VAcc:0.916 VF1:0.9081
Epoch 19/25 | TLoss:0.0116 TAcc:0.984 | VLoss:0.1318 VAcc:0.905 VF1:0.8954
Epoch 20/25 | TLoss:0.0088 TAcc:0.988 | VLoss:0.1394 VAcc:0.910 VF1:0.8997
Epoch 21/25 | TLoss:0.0093 TAcc:0.987 | VLoss:0.1365 VAcc:0.905 VF1:0.8941
Epoch 22/25 | TLoss:0.0094 TAcc:0.989 | VLoss:0.1372 VAcc:0.914 VF1:0.9044
Epoch 23/25 | TLoss:0.0086 TAcc:0.989 | VLoss:0.1390 VAcc:0.912 VF1:0.9029
Epoch 24/25 | TLoss:0.0082 TAcc:0.987 | VLoss:0.1345 VAcc:0.912 VF1:0.9025
Epoch 25/25 | TLoss:0.0083 TAcc:0.991 | VLoss:0.1325 VAcc:0.923 VF1:0.9144 [BEST]

Best: epoch 25, val F1 = 0.9144
Model saved: exp_C_ptbxl_imagen_neurokit2_img512_bs32_e25_fold1.pth

Evaluating test set...

============================================================
EXPERIMENT C RESULTS
============================================================
  Test Accuracy  : 0.9118
  Macro F1       : 0.9066
  Weighted F1    : 0.9118
  Macro ROC-AUC  : 0.9844
  Macro PR-AUC   : 0.9545
  Cohen Kappa    : 0.8765
  MCC            : 0.8767
  ECE            : 0.0495

Per-class F1:
  NORM  : F1=0.9238  ROC-AUC=0.9873  PR-AUC=0.9746
  MI    : F1=0.8948  ROC-AUC=0.9704  PR-AUC=0.9545
  AFIB  : F1=0.9367  ROC-AUC=0.9939  PR-AUC=0.9772
  TACHY : F1=0.8710  ROC-AUC=0.9859  PR-AUC=0.9118

Outputs: C:\Users\taimo\OneDrive\Documents 1\work\ecg-synthetic-research\outputs\results\exp_C_ptbxl_imagen_neurokit2_img512_bs32_e25_fold1
============================================================

Launching GRAD-CAM...

============================================================
GRAD-CAM — exp_C_ptbxl_imagen_neurokit2_img512_bs32_e25_fold1
============================================================

Generating GRAD-CAM for 1485 test images...
Output: C:\Users\taimo\OneDrive\Documents 1\work\ecg-synthetic-research\outputs\results\exp_C_ptbxl_imagen_neurokit2_img512_bs32_e25_fold1\gradcam

  Class: NORM
  Saved: gradcam_NORM.png
  Class: MI
  Saved: gradcam_MI.png
  Class: AFIB
  Saved: gradcam_AFIB.png
  Class: TACHY
  Saved: gradcam_TACHY.png

Overview saved: C:\Users\taimo\OneDrive\Documents 1\work\ecg-synthetic-research\outputs\results\exp_C_ptbxl_imagen_neurokit2_img512_bs32_e25_fold1\gradcam\gradcam_overview.png

============================================================
GRAD-CAM complete — 4 classes visualized
Output folder: C:\Users\taimo\OneDrive\Documents 1\work\ecg-synthetic-research\outputs\results\exp_C_ptbxl_imagen_neurokit2_img512_bs32_e25_fold1\gradcam
============================================================

[DONE] --experiment C --fold 1

[9/9]
============================================================
STARTING: --experiment C --fold 2
============================================================


============================================================
Experiment C: PTB-XL + Imagen + NeuroKit2 augmentation
Cross-validation mode: FOLD 2/2 (3-fold CV)
Run name:  exp_C_ptbxl_imagen_neurokit2_img512_bs32_e25_fold2
Device:    cuda
Img size:  512px | Batch: 32 | Epochs: 25
============================================================

Total images: 11094
Per source:
  ptbxl: 4456
  imagen: 638
  neurokit2: 6000
Per class:
  NORM: 3160
  MI: 3160
  AFIB: 2690
  TACHY: 2084
[cache] all 11094 images already cached at 512px

LEAKAGE VERIFICATION REPORT
============================================================
Fold: 2

Train PTB-XL records: 2520 | Unique patients: 2325
Val   PTB-XL records: 451 | Unique patients: 411
Test  PTB-XL records: 1485 | Unique patients: 1368

Patient Overlap:
  Train x Val:  0 patients (0.0% of train)
  Train x Test: 0 patients (0.0% of train)
  Val x Test:   0 patients (0.0% of val)

Leakage Status: [PASSED] No patient overlap
============================================================


[OK] Fold 2: No patient-level leakage

============================================================
FOLD 2 — CLASS DISTRIBUTION
============================================================

Train:
  NORM  :  2502 ( 27.3%)
  MI    :  2537 ( 27.7%)
  AFIB  :  2223 ( 24.3%)
  TACHY :  1896 ( 20.7%)

Val:
  NORM  :   148 ( 32.8%)
  MI    :   151 ( 33.5%)
  AFIB  :   112 ( 24.8%)
  TACHY :    40 (  8.9%)

Test:
  NORM  :   510 ( 34.3%)
  MI    :   472 ( 31.8%)
  AFIB  :   355 ( 23.9%)
  TACHY :   148 ( 10.0%)
Train class distribution:
  NORM  :  2502 (27.3%)
  MI    :  2537 (27.7%)
  AFIB  :  2223 (24.3%)
  TACHY :  1896 (20.7%)

Training 25 epochs...

Epoch 01/25 | TLoss:0.2951 TAcc:0.696 | VLoss:0.3027 VAcc:0.694 VF1:0.6676 [BEST]
Epoch 02/25 | TLoss:0.1169 TAcc:0.887 | VLoss:0.1904 VAcc:0.796 VF1:0.7789 [BEST]
Epoch 03/25 | TLoss:0.0792 TAcc:0.919 | VLoss:0.1614 VAcc:0.849 VF1:0.8257 [BEST]
Epoch 04/25 | TLoss:0.0609 TAcc:0.938 | VLoss:0.1439 VAcc:0.867 VF1:0.8545 [BEST]
Epoch 05/25 | TLoss:0.0481 TAcc:0.946 | VLoss:0.1505 VAcc:0.849 VF1:0.8366
Epoch 06/25 | TLoss:0.0413 TAcc:0.954 | VLoss:0.1292 VAcc:0.876 VF1:0.8614 [BEST]
Epoch 07/25 | TLoss:0.0320 TAcc:0.962 | VLoss:0.1209 VAcc:0.898 VF1:0.8849 [BEST]
Epoch 08/25 | TLoss:0.0297 TAcc:0.965 | VLoss:0.1442 VAcc:0.882 VF1:0.8613
Epoch 09/25 | TLoss:0.0306 TAcc:0.965 | VLoss:0.1283 VAcc:0.882 VF1:0.8687
Epoch 10/25 | TLoss:0.0238 TAcc:0.972 | VLoss:0.1184 VAcc:0.880 VF1:0.8687
Epoch 11/25 | TLoss:0.0213 TAcc:0.974 | VLoss:0.1223 VAcc:0.878 VF1:0.8726
Epoch 12/25 | TLoss:0.0196 TAcc:0.975 | VLoss:0.1565 VAcc:0.874 VF1:0.8549
Epoch 13/25 | TLoss:0.0170 TAcc:0.979 | VLoss:0.1238 VAcc:0.891 VF1:0.8781
Epoch 14/25 | TLoss:0.0141 TAcc:0.981 | VLoss:0.1371 VAcc:0.907 VF1:0.8883 [BEST]
Epoch 15/25 | TLoss:0.0131 TAcc:0.982 | VLoss:0.1428 VAcc:0.911 VF1:0.8991 [BEST]
Epoch 16/25 | TLoss:0.0119 TAcc:0.984 | VLoss:0.1283 VAcc:0.905 VF1:0.8900
Epoch 17/25 | TLoss:0.0129 TAcc:0.985 | VLoss:0.1360 VAcc:0.905 VF1:0.8922
Epoch 18/25 | TLoss:0.0107 TAcc:0.986 | VLoss:0.1328 VAcc:0.905 VF1:0.8887
Epoch 19/25 | TLoss:0.0088 TAcc:0.988 | VLoss:0.1499 VAcc:0.900 VF1:0.8850
Epoch 20/25 | TLoss:0.0079 TAcc:0.989 | VLoss:0.1503 VAcc:0.900 VF1:0.8829
Epoch 21/25 | TLoss:0.0082 TAcc:0.988 | VLoss:0.1501 VAcc:0.905 VF1:0.8886
Epoch 22/25 | TLoss:0.0072 TAcc:0.989 | VLoss:0.1529 VAcc:0.905 VF1:0.8917
Epoch 23/25 | TLoss:0.0091 TAcc:0.988 | VLoss:0.1493 VAcc:0.905 VF1:0.8898
Epoch 24/25 | TLoss:0.0064 TAcc:0.991 | VLoss:0.1516 VAcc:0.907 VF1:0.8930
Epoch 25/25 | TLoss:0.0089 TAcc:0.988 | VLoss:0.1494 VAcc:0.905 VF1:0.8925

Best: epoch 15, val F1 = 0.8991
Model saved: exp_C_ptbxl_imagen_neurokit2_img512_bs32_e25_fold2.pth

Evaluating test set...

============================================================
EXPERIMENT C RESULTS
============================================================
  Test Accuracy  : 0.8795
  Macro F1       : 0.8648
  Weighted F1    : 0.8783
  Macro ROC-AUC  : 0.9778
  Macro PR-AUC   : 0.9341
  Cohen Kappa    : 0.8315
  MCC            : 0.8327
  ECE            : 0.0365

Per-class F1:
  NORM  : F1=0.9091  ROC-AUC=0.9843  PR-AUC=0.9689
  MI    : F1=0.8488  ROC-AUC=0.9559  PR-AUC=0.9327
  AFIB  : F1=0.9093  ROC-AUC=0.9883  PR-AUC=0.9680
  TACHY : F1=0.7918  ROC-AUC=0.9825  PR-AUC=0.8667

Outputs: C:\Users\taimo\OneDrive\Documents 1\work\ecg-synthetic-research\outputs\results\exp_C_ptbxl_imagen_neurokit2_img512_bs32_e25_fold2
============================================================

Launching GRAD-CAM...

============================================================
GRAD-CAM — exp_C_ptbxl_imagen_neurokit2_img512_bs32_e25_fold2
============================================================

Generating GRAD-CAM for 1485 test images...
Output: C:\Users\taimo\OneDrive\Documents 1\work\ecg-synthetic-research\outputs\results\exp_C_ptbxl_imagen_neurokit2_img512_bs32_e25_fold2\gradcam

  Class: NORM
  Saved: gradcam_NORM.png
  Class: MI
  Saved: gradcam_MI.png
  Class: AFIB
  Saved: gradcam_AFIB.png
  Class: TACHY
  Saved: gradcam_TACHY.png

Overview saved: C:\Users\taimo\OneDrive\Documents 1\work\ecg-synthetic-research\outputs\results\exp_C_ptbxl_imagen_neurokit2_img512_bs32_e25_fold2\gradcam\gradcam_overview.png

============================================================
GRAD-CAM complete — 4 classes visualized
Output folder: C:\Users\taimo\OneDrive\Documents 1\work\ecg-synthetic-research\outputs\results\exp_C_ptbxl_imagen_neurokit2_img512_bs32_e25_fold2\gradcam
============================================================

[DONE] --experiment C --fold 2


============================================================
ALL RUNS COMPLETE
============================================================
