Total variant runs queued: 12


============================================================
[1/12] V1_smart  --experiment C --aug-classes AFIB,TACHY --synth-cap 500 --real-weights --fold 0
============================================================

============================================================
Experiment C: PTB-XL + Imagen + NeuroKit2 augmentation
Cross-validation mode: FOLD 0/2 (3-fold CV)
Run name:  expv_C_ptbxl_imagen_neurokit2_img512_bs32_e25_rw_sc500_AT_fold0
Device:    cuda
Img size:  512px | Batch: 32 | Epochs: 25
============================================================

Total images: 5774
Per source:
  ptbxl: 4456
  imagen: 318
  neurokit2: 1000
Per class:
  NORM: 1500
  MI: 1500
  AFIB: 1690
  TACHY: 1084
[cache] all 5774 images already cached at 512px

LEAKAGE VERIFICATION REPORT
============================================================
Fold: 0

Train PTB-XL records: 2523 | Unique patients: 2325
Val   PTB-XL records: 447 | Unique patients: 411
Test  PTB-XL records: 1486 | Unique patients: 1368

Patient Overlap:
  Train x Val:  0 patients (0.0% of train)
  Train x Test: 0 patients (0.0% of train)
  Val x Test:   0 patients (0.0% of val)

Leakage Status: [PASSED] No patient overlap
============================================================


[OK] Fold 0: No patient-level leakage

============================================================
FOLD 0 — CLASS DISTRIBUTION
============================================================

Train:
  NORM  :   858 ( 22.3%)
  MI    :   824 ( 21.5%)
  AFIB  :  1248 ( 32.5%)
  TACHY :   911 ( 23.7%)

Val:
  NORM  :   151 ( 33.8%)
  MI    :   144 ( 32.2%)
  AFIB  :   107 ( 23.9%)
  TACHY :    45 ( 10.1%)

Test:
  NORM  :   491 ( 33.0%)
  MI    :   532 ( 35.8%)
  AFIB  :   335 ( 22.5%)
  TACHY :   128 (  8.6%)
Train class distribution:
  NORM  :   858 (22.3%)
  MI    :   824 (21.5%)
  AFIB  :  1248 (32.5%)
  TACHY :   911 (23.7%)
Class weights (real-only counts): NORM=0.580, MI=0.604, AFIB=0.847, TACHY=1.968

Training 25 epochs...

Epoch 01/25 | TLoss:0.4106 TAcc:0.495 | VLoss:0.3677 VAcc:0.573 VF1:0.5323 [BEST]
Epoch 02/25 | TLoss:0.2280 TAcc:0.679 | VLoss:0.2251 VAcc:0.694 VF1:0.6513 [BEST]
Epoch 03/25 | TLoss:0.1650 TAcc:0.781 | VLoss:0.1506 VAcc:0.801 VF1:0.7952 [BEST]
Epoch 04/25 | TLoss:0.1283 TAcc:0.824 | VLoss:0.0868 VAcc:0.834 VF1:0.8361 [BEST]
Epoch 05/25 | TLoss:0.1096 TAcc:0.841 | VLoss:0.0852 VAcc:0.859 VF1:0.8567 [BEST]
Epoch 06/25 | TLoss:0.0963 TAcc:0.856 | VLoss:0.0645 VAcc:0.861 VF1:0.8646 [BEST]
Epoch 07/25 | TLoss:0.0809 TAcc:0.874 | VLoss:0.0542 VAcc:0.888 VF1:0.8884 [BEST]
Epoch 08/25 | TLoss:0.0764 TAcc:0.881 | VLoss:0.0524 VAcc:0.895 VF1:0.8931 [BEST]
Epoch 09/25 | TLoss:0.0666 TAcc:0.893 | VLoss:0.0558 VAcc:0.872 VF1:0.8642
Epoch 10/25 | TLoss:0.0591 TAcc:0.894 | VLoss:0.0547 VAcc:0.861 VF1:0.8595
Epoch 11/25 | TLoss:0.0577 TAcc:0.904 | VLoss:0.0549 VAcc:0.906 VF1:0.9037 [BEST]
Epoch 12/25 | TLoss:0.0486 TAcc:0.911 | VLoss:0.0617 VAcc:0.899 VF1:0.8987
Epoch 13/25 | TLoss:0.0507 TAcc:0.916 | VLoss:0.0434 VAcc:0.902 VF1:0.8981
Epoch 14/25 | TLoss:0.0453 TAcc:0.922 | VLoss:0.0599 VAcc:0.904 VF1:0.9019
Epoch 15/25 | TLoss:0.0398 TAcc:0.919 | VLoss:0.0490 VAcc:0.897 VF1:0.8975
Epoch 16/25 | TLoss:0.0386 TAcc:0.930 | VLoss:0.0643 VAcc:0.893 VF1:0.8917
Epoch 17/25 | TLoss:0.0342 TAcc:0.928 | VLoss:0.0512 VAcc:0.908 VF1:0.9115 [BEST]
Epoch 18/25 | TLoss:0.0331 TAcc:0.932 | VLoss:0.0458 VAcc:0.902 VF1:0.9081
Epoch 19/25 | TLoss:0.0344 TAcc:0.934 | VLoss:0.0566 VAcc:0.902 VF1:0.9043
Epoch 20/25 | TLoss:0.0309 TAcc:0.939 | VLoss:0.0658 VAcc:0.906 VF1:0.9062
Epoch 21/25 | TLoss:0.0308 TAcc:0.938 | VLoss:0.0698 VAcc:0.899 VF1:0.8984
Epoch 22/25 | TLoss:0.0306 TAcc:0.930 | VLoss:0.0627 VAcc:0.902 VF1:0.9039
Epoch 23/25 | TLoss:0.0273 TAcc:0.933 | VLoss:0.0547 VAcc:0.897 VF1:0.8977
Epoch 24/25 | TLoss:0.0296 TAcc:0.939 | VLoss:0.0582 VAcc:0.899 VF1:0.8972
Epoch 25/25 | TLoss:0.0280 TAcc:0.940 | VLoss:0.0502 VAcc:0.897 VF1:0.8989

Best: epoch 17, val F1 = 0.9115
Model saved: expv_C_ptbxl_imagen_neurokit2_img512_bs32_e25_rw_sc500_AT_fold0.pth

Evaluating test set...

============================================================
EXPERIMENT C RESULTS
============================================================
  Test Accuracy  : 0.8775
  Macro F1       : 0.8585
  Weighted F1    : 0.8782
  Macro ROC-AUC  : 0.9744
  Macro PR-AUC   : 0.9323
  Cohen Kappa    : 0.8281
  MCC            : 0.8296
  ECE            : 0.0945

Per-class F1:
  NORM  : F1=0.9056  ROC-AUC=0.9781  PR-AUC=0.9508
  MI    : F1=0.8606  ROC-AUC=0.9444  PR-AUC=0.9343
  AFIB  : F1=0.9135  ROC-AUC=0.9920  PR-AUC=0.9764
  TACHY : F1=0.7543  ROC-AUC=0.9831  PR-AUC=0.8678

Outputs: C:\Users\taimo\OneDrive\Documents 1\work\ecg-synthetic-research\outputs\results\expv_C_ptbxl_imagen_neurokit2_img512_bs32_e25_rw_sc500_AT_fold0
============================================================

Launching GRAD-CAM...

============================================================
GRAD-CAM — expv_C_ptbxl_imagen_neurokit2_img512_bs32_e25_rw_sc500_AT_fold0
============================================================

Generating GRAD-CAM for 1486 test images...
Output: C:\Users\taimo\OneDrive\Documents 1\work\ecg-synthetic-research\outputs\results\expv_C_ptbxl_imagen_neurokit2_img512_bs32_e25_rw_sc500_AT_fold0\gradcam

  Class: NORM
  Saved: gradcam_NORM.png
  Class: MI
  Saved: gradcam_MI.png
  Class: AFIB
  Saved: gradcam_AFIB.png
  Class: TACHY
  Saved: gradcam_TACHY.png

Overview saved: C:\Users\taimo\OneDrive\Documents 1\work\ecg-synthetic-research\outputs\results\expv_C_ptbxl_imagen_neurokit2_img512_bs32_e25_rw_sc500_AT_fold0\gradcam\gradcam_overview.png

============================================================
GRAD-CAM complete — 4 classes visualized
Output folder: C:\Users\taimo\OneDrive\Documents 1\work\ecg-synthetic-research\outputs\results\expv_C_ptbxl_imagen_neurokit2_img512_bs32_e25_rw_sc500_AT_fold0\gradcam
============================================================

============================================================
[2/12] V1_smart  --experiment C --aug-classes AFIB,TACHY --synth-cap 500 --real-weights --fold 1
============================================================

============================================================
Experiment C: PTB-XL + Imagen + NeuroKit2 augmentation
Cross-validation mode: FOLD 1/2 (3-fold CV)
Run name:  expv_C_ptbxl_imagen_neurokit2_img512_bs32_e25_rw_sc500_AT_fold1
Device:    cuda
Img size:  512px | Batch: 32 | Epochs: 25
============================================================

Total images: 5774
Per source:
  ptbxl: 4456
  imagen: 318
  neurokit2: 1000
Per class:
  NORM: 1500
  MI: 1500
  AFIB: 1690
  TACHY: 1084
[cache] all 5774 images already cached at 512px

LEAKAGE VERIFICATION REPORT
============================================================
Fold: 1

Train PTB-XL records: 2528 | Unique patients: 2325
Val   PTB-XL records: 443 | Unique patients: 411
Test  PTB-XL records: 1485 | Unique patients: 1368

Patient Overlap:
  Train x Val:  0 patients (0.0% of train)
  Train x Test: 0 patients (0.0% of train)
  Val x Test:   0 patients (0.0% of val)

Leakage Status: [PASSED] No patient overlap
============================================================


[OK] Fold 1: No patient-level leakage

============================================================
FOLD 1 — CLASS DISTRIBUTION
============================================================

Train:
  NORM  :   849 ( 22.1%)
  MI    :   856 ( 22.3%)
  AFIB  :  1248 ( 32.4%)
  TACHY :   893 ( 23.2%)

Val:
  NORM  :   152 ( 34.3%)
  MI    :   148 ( 33.4%)
  AFIB  :   102 ( 23.0%)
  TACHY :    41 (  9.3%)

Test:
  NORM  :   499 ( 33.6%)
  MI    :   496 ( 33.4%)
  AFIB  :   340 ( 22.9%)
  TACHY :   150 ( 10.1%)
Train class distribution:
  NORM  :   849 (22.1%)
  MI    :   856 (22.3%)
  AFIB  :  1248 (32.4%)
  TACHY :   893 (23.2%)
Class weights (real-only counts): NORM=0.567, MI=0.563, AFIB=0.819, TACHY=2.050

Training 25 epochs...

Epoch 01/25 | TLoss:0.3664 TAcc:0.517 | VLoss:0.2894 VAcc:0.619 VF1:0.5776 [BEST]
Epoch 02/25 | TLoss:0.2245 TAcc:0.689 | VLoss:0.1838 VAcc:0.713 VF1:0.6919 [BEST]
Epoch 03/25 | TLoss:0.1637 TAcc:0.763 | VLoss:0.1425 VAcc:0.831 VF1:0.8112 [BEST]
Epoch 04/25 | TLoss:0.1271 TAcc:0.806 | VLoss:0.1225 VAcc:0.824 VF1:0.8121 [BEST]
Epoch 05/25 | TLoss:0.0986 TAcc:0.838 | VLoss:0.1157 VAcc:0.860 VF1:0.8409 [BEST]
Epoch 06/25 | TLoss:0.0867 TAcc:0.856 | VLoss:0.1173 VAcc:0.828 VF1:0.8193
Epoch 07/25 | TLoss:0.0768 TAcc:0.866 | VLoss:0.1228 VAcc:0.817 VF1:0.8052
Epoch 08/25 | TLoss:0.0676 TAcc:0.872 | VLoss:0.1013 VAcc:0.844 VF1:0.8315
Epoch 09/25 | TLoss:0.0600 TAcc:0.885 | VLoss:0.1056 VAcc:0.847 VF1:0.8285
Epoch 10/25 | TLoss:0.0530 TAcc:0.897 | VLoss:0.1140 VAcc:0.849 VF1:0.8313
Epoch 11/25 | TLoss:0.0492 TAcc:0.904 | VLoss:0.1225 VAcc:0.849 VF1:0.8313
Epoch 12/25 | TLoss:0.0436 TAcc:0.906 | VLoss:0.1292 VAcc:0.856 VF1:0.8400
Epoch 13/25 | TLoss:0.0409 TAcc:0.910 | VLoss:0.1248 VAcc:0.874 VF1:0.8573 [BEST]
Epoch 14/25 | TLoss:0.0352 TAcc:0.921 | VLoss:0.1298 VAcc:0.865 VF1:0.8547
Epoch 15/25 | TLoss:0.0395 TAcc:0.921 | VLoss:0.1405 VAcc:0.871 VF1:0.8545
Epoch 16/25 | TLoss:0.0341 TAcc:0.918 | VLoss:0.1345 VAcc:0.851 VF1:0.8418
Epoch 17/25 | TLoss:0.0314 TAcc:0.929 | VLoss:0.1465 VAcc:0.867 VF1:0.8624 [BEST]
Epoch 18/25 | TLoss:0.0294 TAcc:0.929 | VLoss:0.1370 VAcc:0.874 VF1:0.8629 [BEST]
Epoch 19/25 | TLoss:0.0277 TAcc:0.926 | VLoss:0.1338 VAcc:0.862 VF1:0.8486
Epoch 20/25 | TLoss:0.0256 TAcc:0.927 | VLoss:0.1426 VAcc:0.871 VF1:0.8665 [BEST]
Epoch 21/25 | TLoss:0.0246 TAcc:0.935 | VLoss:0.1383 VAcc:0.869 VF1:0.8600
Epoch 22/25 | TLoss:0.0245 TAcc:0.932 | VLoss:0.1375 VAcc:0.889 VF1:0.8778 [BEST]
Epoch 23/25 | TLoss:0.0250 TAcc:0.939 | VLoss:0.1303 VAcc:0.871 VF1:0.8590
Epoch 24/25 | TLoss:0.0257 TAcc:0.933 | VLoss:0.1348 VAcc:0.869 VF1:0.8569
Epoch 25/25 | TLoss:0.0248 TAcc:0.935 | VLoss:0.1366 VAcc:0.874 VF1:0.8604

Best: epoch 22, val F1 = 0.8778
Model saved: expv_C_ptbxl_imagen_neurokit2_img512_bs32_e25_rw_sc500_AT_fold1.pth

Evaluating test set...

============================================================
EXPERIMENT C RESULTS
============================================================
  Test Accuracy  : 0.8936
  Macro F1       : 0.8873
  Weighted F1    : 0.8929
  Macro ROC-AUC  : 0.9784
  Macro PR-AUC   : 0.9436
  Cohen Kappa    : 0.8515
  MCC            : 0.8537
  ECE            : 0.1188

Per-class F1:
  NORM  : F1=0.9091  ROC-AUC=0.9835  PR-AUC=0.9692
  MI    : F1=0.8649  ROC-AUC=0.9589  PR-AUC=0.9437
  AFIB  : F1=0.9316  ROC-AUC=0.9918  PR-AUC=0.9757
  TACHY : F1=0.8438  ROC-AUC=0.9794  PR-AUC=0.8858

Outputs: C:\Users\taimo\OneDrive\Documents 1\work\ecg-synthetic-research\outputs\results\expv_C_ptbxl_imagen_neurokit2_img512_bs32_e25_rw_sc500_AT_fold1
============================================================

Launching GRAD-CAM...

============================================================
GRAD-CAM — expv_C_ptbxl_imagen_neurokit2_img512_bs32_e25_rw_sc500_AT_fold1
============================================================

Generating GRAD-CAM for 1485 test images...
Output: C:\Users\taimo\OneDrive\Documents 1\work\ecg-synthetic-research\outputs\results\expv_C_ptbxl_imagen_neurokit2_img512_bs32_e25_rw_sc500_AT_fold1\gradcam

  Class: NORM
  Saved: gradcam_NORM.png
  Class: MI
  Saved: gradcam_MI.png
  Class: AFIB
  Saved: gradcam_AFIB.png
  Class: TACHY
  Saved: gradcam_TACHY.png

Overview saved: C:\Users\taimo\OneDrive\Documents 1\work\ecg-synthetic-research\outputs\results\expv_C_ptbxl_imagen_neurokit2_img512_bs32_e25_rw_sc500_AT_fold1\gradcam\gradcam_overview.png

============================================================
GRAD-CAM complete — 4 classes visualized
Output folder: C:\Users\taimo\OneDrive\Documents 1\work\ecg-synthetic-research\outputs\results\expv_C_ptbxl_imagen_neurokit2_img512_bs32_e25_rw_sc500_AT_fold1\gradcam
============================================================

============================================================
[3/12] V1_smart  --experiment C --aug-classes AFIB,TACHY --synth-cap 500 --real-weights --fold 2
============================================================

============================================================
Experiment C: PTB-XL + Imagen + NeuroKit2 augmentation
Cross-validation mode: FOLD 2/2 (3-fold CV)
Run name:  expv_C_ptbxl_imagen_neurokit2_img512_bs32_e25_rw_sc500_AT_fold2
Device:    cuda
Img size:  512px | Batch: 32 | Epochs: 25
============================================================

Total images: 5774
Per source:
  ptbxl: 4456
  imagen: 318
  neurokit2: 1000
Per class:
  NORM: 1500
  MI: 1500
  AFIB: 1690
  TACHY: 1084
[cache] all 5774 images already cached at 512px

LEAKAGE VERIFICATION REPORT
============================================================
Fold: 2

Train PTB-XL records: 2520 | Unique patients: 2325
Val   PTB-XL records: 451 | Unique patients: 411
Test  PTB-XL records: 1485 | Unique patients: 1368

Patient Overlap:
  Train x Val:  0 patients (0.0% of train)
  Train x Test: 0 patients (0.0% of train)
  Val x Test:   0 patients (0.0% of val)

Leakage Status: [PASSED] No patient overlap
============================================================


[OK] Fold 2: No patient-level leakage

============================================================
FOLD 2 — CLASS DISTRIBUTION
============================================================

Train:
  NORM  :   842 ( 21.9%)
  MI    :   877 ( 22.9%)
  AFIB  :  1223 ( 31.9%)
  TACHY :   896 ( 23.3%)

Val:
  NORM  :   148 ( 32.8%)
  MI    :   151 ( 33.5%)
  AFIB  :   112 ( 24.8%)
  TACHY :    40 (  8.9%)

Test:
  NORM  :   510 ( 34.3%)
  MI    :   472 ( 31.8%)
  AFIB  :   355 ( 23.9%)
  TACHY :   148 ( 10.0%)
Train class distribution:
  NORM  :   842 (21.9%)
  MI    :   877 (22.9%)
  AFIB  :  1223 (31.9%)
  TACHY :   896 (23.3%)
Class weights (real-only counts): NORM=0.572, MI=0.549, AFIB=0.855, TACHY=2.023

Training 25 epochs...

Epoch 01/25 | TLoss:0.3785 TAcc:0.498 | VLoss:0.3027 VAcc:0.519 VF1:0.4884 [BEST]
Epoch 02/25 | TLoss:0.2153 TAcc:0.677 | VLoss:0.2254 VAcc:0.639 VF1:0.6138 [BEST]
Epoch 03/25 | TLoss:0.1594 TAcc:0.779 | VLoss:0.1427 VAcc:0.743 VF1:0.7249 [BEST]
Epoch 04/25 | TLoss:0.1154 TAcc:0.821 | VLoss:0.1679 VAcc:0.805 VF1:0.7805 [BEST]
Epoch 05/25 | TLoss:0.1022 TAcc:0.842 | VLoss:0.1188 VAcc:0.834 VF1:0.8174 [BEST]
Epoch 06/25 | TLoss:0.0842 TAcc:0.854 | VLoss:0.1184 VAcc:0.838 VF1:0.8226 [BEST]
Epoch 07/25 | TLoss:0.0821 TAcc:0.862 | VLoss:0.1054 VAcc:0.858 VF1:0.8439 [BEST]
Epoch 08/25 | TLoss:0.0667 TAcc:0.891 | VLoss:0.1105 VAcc:0.858 VF1:0.8496 [BEST]
Epoch 09/25 | TLoss:0.0583 TAcc:0.893 | VLoss:0.1247 VAcc:0.856 VF1:0.8323
Epoch 10/25 | TLoss:0.0564 TAcc:0.899 | VLoss:0.1187 VAcc:0.849 VF1:0.8276
Epoch 11/25 | TLoss:0.0495 TAcc:0.901 | VLoss:0.1040 VAcc:0.863 VF1:0.8470
Epoch 12/25 | TLoss:0.0416 TAcc:0.913 | VLoss:0.0946 VAcc:0.865 VF1:0.8532 [BEST]
Epoch 13/25 | TLoss:0.0360 TAcc:0.921 | VLoss:0.0986 VAcc:0.851 VF1:0.8328
Epoch 14/25 | TLoss:0.0379 TAcc:0.920 | VLoss:0.1060 VAcc:0.869 VF1:0.8485
Epoch 15/25 | TLoss:0.0355 TAcc:0.921 | VLoss:0.1020 VAcc:0.880 VF1:0.8669 [BEST]
Epoch 16/25 | TLoss:0.0274 TAcc:0.931 | VLoss:0.1084 VAcc:0.878 VF1:0.8626
Epoch 17/25 | TLoss:0.0323 TAcc:0.926 | VLoss:0.1119 VAcc:0.882 VF1:0.8629
Epoch 18/25 | TLoss:0.0266 TAcc:0.931 | VLoss:0.1177 VAcc:0.887 VF1:0.8701 [BEST]
Epoch 19/25 | TLoss:0.0308 TAcc:0.933 | VLoss:0.1070 VAcc:0.882 VF1:0.8664
Epoch 20/25 | TLoss:0.0263 TAcc:0.935 | VLoss:0.1135 VAcc:0.876 VF1:0.8608
Epoch 21/25 | TLoss:0.0260 TAcc:0.932 | VLoss:0.1149 VAcc:0.880 VF1:0.8617
Epoch 22/25 | TLoss:0.0274 TAcc:0.937 | VLoss:0.1188 VAcc:0.876 VF1:0.8557
Epoch 23/25 | TLoss:0.0244 TAcc:0.935 | VLoss:0.1146 VAcc:0.878 VF1:0.8550
Epoch 24/25 | TLoss:0.0257 TAcc:0.938 | VLoss:0.1149 VAcc:0.880 VF1:0.8593
Epoch 25/25 | TLoss:0.0266 TAcc:0.935 | VLoss:0.1237 VAcc:0.878 VF1:0.8579

Best: epoch 18, val F1 = 0.8701
Model saved: expv_C_ptbxl_imagen_neurokit2_img512_bs32_e25_rw_sc500_AT_fold2.pth

Evaluating test set...

============================================================
EXPERIMENT C RESULTS
============================================================
  Test Accuracy  : 0.8822
  Macro F1       : 0.8718
  Weighted F1    : 0.8805
  Macro ROC-AUC  : 0.9734
  Macro PR-AUC   : 0.9293
  Cohen Kappa    : 0.8354
  MCC            : 0.8381
  ECE            : 0.0910

Per-class F1:
  NORM  : F1=0.9074  ROC-AUC=0.9804  PR-AUC=0.9598
  MI    : F1=0.8395  ROC-AUC=0.9471  PR-AUC=0.9180
  AFIB  : F1=0.9222  ROC-AUC=0.9861  PR-AUC=0.9720
  TACHY : F1=0.8182  ROC-AUC=0.9802  PR-AUC=0.8674

Outputs: C:\Users\taimo\OneDrive\Documents 1\work\ecg-synthetic-research\outputs\results\expv_C_ptbxl_imagen_neurokit2_img512_bs32_e25_rw_sc500_AT_fold2
============================================================

Launching GRAD-CAM...

============================================================
GRAD-CAM — expv_C_ptbxl_imagen_neurokit2_img512_bs32_e25_rw_sc500_AT_fold2
============================================================

Generating GRAD-CAM for 1485 test images...
Output: C:\Users\taimo\OneDrive\Documents 1\work\ecg-synthetic-research\outputs\results\expv_C_ptbxl_imagen_neurokit2_img512_bs32_e25_rw_sc500_AT_fold2\gradcam

  Class: NORM
  Saved: gradcam_NORM.png
  Class: MI
  Saved: gradcam_MI.png
  Class: AFIB
  Saved: gradcam_AFIB.png
  Class: TACHY
  Saved: gradcam_TACHY.png

Overview saved: C:\Users\taimo\OneDrive\Documents 1\work\ecg-synthetic-research\outputs\results\expv_C_ptbxl_imagen_neurokit2_img512_bs32_e25_rw_sc500_AT_fold2\gradcam\gradcam_overview.png

============================================================
GRAD-CAM complete — 4 classes visualized
Output folder: C:\Users\taimo\OneDrive\Documents 1\work\ecg-synthetic-research\outputs\results\expv_C_ptbxl_imagen_neurokit2_img512_bs32_e25_rw_sc500_AT_fold2\gradcam
============================================================

============================================================
[4/12] V3_Bw  --experiment B --real-weights --fold 0
============================================================

============================================================
Experiment B: PTB-XL + Imagen augmentation
Cross-validation mode: FOLD 0/2 (3-fold CV)
Run name:  expv_B_ptbxl_imagen_img512_bs32_e25_rw_fold0
Device:    cuda
Img size:  512px | Batch: 32 | Epochs: 25
============================================================

Total images: 5094
Per source:
  ptbxl: 4456
  imagen: 638
Per class:
  NORM: 1660
  MI: 1660
  AFIB: 1190
  TACHY: 584
[cache] all 5094 images already cached at 512px

LEAKAGE VERIFICATION REPORT
============================================================
Fold: 0

Train PTB-XL records: 2523 | Unique patients: 2325
Val   PTB-XL records: 447 | Unique patients: 411
Test  PTB-XL records: 1486 | Unique patients: 1368

Patient Overlap:
  Train x Val:  0 patients (0.0% of train)
  Train x Test: 0 patients (0.0% of train)
  Val x Test:   0 patients (0.0% of val)

Leakage Status: [PASSED] No patient overlap
============================================================


[OK] Fold 0: No patient-level leakage

============================================================
FOLD 0 — CLASS DISTRIBUTION
============================================================

Train:
  NORM  :  1018 ( 32.2%)
  MI    :   984 ( 31.1%)
  AFIB  :   748 ( 23.7%)
  TACHY :   411 ( 13.0%)

Val:
  NORM  :   151 ( 33.8%)
  MI    :   144 ( 32.2%)
  AFIB  :   107 ( 23.9%)
  TACHY :    45 ( 10.1%)

Test:
  NORM  :   491 ( 33.0%)
  MI    :   532 ( 35.8%)
  AFIB  :   335 ( 22.5%)
  TACHY :   128 (  8.6%)
Train class distribution:
  NORM  :  1018 (32.2%)
  MI    :   984 (31.1%)
  AFIB  :   748 (23.7%)
  TACHY :   411 (13.0%)
Class weights (real-only counts): NORM=0.580, MI=0.604, AFIB=0.847, TACHY=1.968

Training 25 epochs...

Epoch 01/25 | TLoss:0.4445 TAcc:0.346 | VLoss:0.3126 VAcc:0.555 VF1:0.5372 [BEST]
Epoch 02/25 | TLoss:0.2898 TAcc:0.572 | VLoss:0.2112 VAcc:0.723 VF1:0.7025 [BEST]
Epoch 03/25 | TLoss:0.2123 TAcc:0.688 | VLoss:0.1736 VAcc:0.745 VF1:0.7365 [BEST]
Epoch 04/25 | TLoss:0.1723 TAcc:0.737 | VLoss:0.0957 VAcc:0.808 VF1:0.8083 [BEST]
Epoch 05/25 | TLoss:0.1416 TAcc:0.778 | VLoss:0.0705 VAcc:0.850 VF1:0.8516 [BEST]
Epoch 06/25 | TLoss:0.1267 TAcc:0.802 | VLoss:0.0595 VAcc:0.877 VF1:0.8753 [BEST]
Epoch 07/25 | TLoss:0.1123 TAcc:0.812 | VLoss:0.0542 VAcc:0.884 VF1:0.8861 [BEST]
Epoch 08/25 | TLoss:0.1082 TAcc:0.830 | VLoss:0.0491 VAcc:0.879 VF1:0.8719
Epoch 09/25 | TLoss:0.0945 TAcc:0.853 | VLoss:0.0524 VAcc:0.868 VF1:0.8664
Epoch 10/25 | TLoss:0.0815 TAcc:0.858 | VLoss:0.0572 VAcc:0.884 VF1:0.8759
Epoch 11/25 | TLoss:0.0772 TAcc:0.866 | VLoss:0.0494 VAcc:0.886 VF1:0.8810
Epoch 12/25 | TLoss:0.0744 TAcc:0.880 | VLoss:0.0542 VAcc:0.904 VF1:0.9061 [BEST]
Epoch 13/25 | TLoss:0.0709 TAcc:0.866 | VLoss:0.0526 VAcc:0.884 VF1:0.8798
Epoch 14/25 | TLoss:0.0625 TAcc:0.876 | VLoss:0.0610 VAcc:0.884 VF1:0.8788
Epoch 15/25 | TLoss:0.0516 TAcc:0.886 | VLoss:0.0582 VAcc:0.850 VF1:0.8496
Epoch 16/25 | TLoss:0.0582 TAcc:0.883 | VLoss:0.0634 VAcc:0.890 VF1:0.8991
Epoch 17/25 | TLoss:0.0544 TAcc:0.891 | VLoss:0.0511 VAcc:0.893 VF1:0.8899
Epoch 18/25 | TLoss:0.0486 TAcc:0.913 | VLoss:0.0569 VAcc:0.886 VF1:0.8868
Epoch 19/25 | TLoss:0.0424 TAcc:0.905 | VLoss:0.0530 VAcc:0.886 VF1:0.8864
Epoch 20/25 | TLoss:0.0483 TAcc:0.902 | VLoss:0.0535 VAcc:0.877 VF1:0.8759
Epoch 21/25 | TLoss:0.0463 TAcc:0.900 | VLoss:0.0516 VAcc:0.881 VF1:0.8829
Epoch 22/25 | TLoss:0.0451 TAcc:0.907 | VLoss:0.0504 VAcc:0.890 VF1:0.8902
Epoch 23/25 | TLoss:0.0447 TAcc:0.903 | VLoss:0.0522 VAcc:0.895 VF1:0.8965
Epoch 24/25 | TLoss:0.0473 TAcc:0.907 | VLoss:0.0542 VAcc:0.890 VF1:0.8910
Epoch 25/25 | TLoss:0.0442 TAcc:0.910 | VLoss:0.0519 VAcc:0.893 VF1:0.8949

Best: epoch 12, val F1 = 0.9061
Model saved: expv_B_ptbxl_imagen_img512_bs32_e25_rw_fold0.pth

Evaluating test set...

============================================================
EXPERIMENT B RESULTS
============================================================
  Test Accuracy  : 0.8573
  Macro F1       : 0.8428
  Weighted F1    : 0.8570
  Macro ROC-AUC  : 0.9717
  Macro PR-AUC   : 0.9237
  Cohen Kappa    : 0.8007
  MCC            : 0.8050
  ECE            : 0.0996

Per-class F1:
  NORM  : F1=0.8874  ROC-AUC=0.9749  PR-AUC=0.9471
  MI    : F1=0.8269  ROC-AUC=0.9398  PR-AUC=0.9237
  AFIB  : F1=0.8978  ROC-AUC=0.9898  PR-AUC=0.9724
  TACHY : F1=0.7591  ROC-AUC=0.9825  PR-AUC=0.8516

Outputs: C:\Users\taimo\OneDrive\Documents 1\work\ecg-synthetic-research\outputs\results\expv_B_ptbxl_imagen_img512_bs32_e25_rw_fold0
============================================================

Launching GRAD-CAM...

============================================================
GRAD-CAM — expv_B_ptbxl_imagen_img512_bs32_e25_rw_fold0
============================================================

Generating GRAD-CAM for 1486 test images...
Output: C:\Users\taimo\OneDrive\Documents 1\work\ecg-synthetic-research\outputs\results\expv_B_ptbxl_imagen_img512_bs32_e25_rw_fold0\gradcam

  Class: NORM
  Saved: gradcam_NORM.png
  Class: MI
  Saved: gradcam_MI.png
  Class: AFIB
  Saved: gradcam_AFIB.png
  Class: TACHY
  Saved: gradcam_TACHY.png

Overview saved: C:\Users\taimo\OneDrive\Documents 1\work\ecg-synthetic-research\outputs\results\expv_B_ptbxl_imagen_img512_bs32_e25_rw_fold0\gradcam\gradcam_overview.png

============================================================
GRAD-CAM complete — 4 classes visualized
Output folder: C:\Users\taimo\OneDrive\Documents 1\work\ecg-synthetic-research\outputs\results\expv_B_ptbxl_imagen_img512_bs32_e25_rw_fold0\gradcam
============================================================

============================================================
[5/12] V3_Bw  --experiment B --real-weights --fold 1
============================================================

============================================================
Experiment B: PTB-XL + Imagen augmentation
Cross-validation mode: FOLD 1/2 (3-fold CV)
Run name:  expv_B_ptbxl_imagen_img512_bs32_e25_rw_fold1
Device:    cuda
Img size:  512px | Batch: 32 | Epochs: 25
============================================================

Total images: 5094
Per source:
  ptbxl: 4456
  imagen: 638
Per class:
  NORM: 1660
  MI: 1660
  AFIB: 1190
  TACHY: 584
[cache] all 5094 images already cached at 512px

LEAKAGE VERIFICATION REPORT
============================================================
Fold: 1

Train PTB-XL records: 2528 | Unique patients: 2325
Val   PTB-XL records: 443 | Unique patients: 411
Test  PTB-XL records: 1485 | Unique patients: 1368

Patient Overlap:
  Train x Val:  0 patients (0.0% of train)
  Train x Test: 0 patients (0.0% of train)
  Val x Test:   0 patients (0.0% of val)

Leakage Status: [PASSED] No patient overlap
============================================================


[OK] Fold 1: No patient-level leakage

============================================================
FOLD 1 — CLASS DISTRIBUTION
============================================================

Train:
  NORM  :  1009 ( 31.9%)
  MI    :  1016 ( 32.1%)
  AFIB  :   748 ( 23.6%)
  TACHY :   393 ( 12.4%)

Val:
  NORM  :   152 ( 34.3%)
  MI    :   148 ( 33.4%)
  AFIB  :   102 ( 23.0%)
  TACHY :    41 (  9.3%)

Test:
  NORM  :   499 ( 33.6%)
  MI    :   496 ( 33.4%)
  AFIB  :   340 ( 22.9%)
  TACHY :   150 ( 10.1%)
Train class distribution:
  NORM  :  1009 (31.9%)
  MI    :  1016 (32.1%)
  AFIB  :   748 (23.6%)
  TACHY :   393 (12.4%)
Class weights (real-only counts): NORM=0.567, MI=0.563, AFIB=0.819, TACHY=2.050

Training 25 epochs...

Epoch 01/25 | TLoss:0.4224 TAcc:0.351 | VLoss:0.2799 VAcc:0.576 VF1:0.5376 [BEST]
Epoch 02/25 | TLoss:0.2798 TAcc:0.575 | VLoss:0.1937 VAcc:0.668 VF1:0.6469 [BEST]
Epoch 03/25 | TLoss:0.2002 TAcc:0.686 | VLoss:0.1449 VAcc:0.772 VF1:0.7540 [BEST]
Epoch 04/25 | TLoss:0.1601 TAcc:0.750 | VLoss:0.1182 VAcc:0.835 VF1:0.8192 [BEST]
Epoch 05/25 | TLoss:0.1386 TAcc:0.761 | VLoss:0.1052 VAcc:0.851 VF1:0.8363 [BEST]
Epoch 06/25 | TLoss:0.1169 TAcc:0.799 | VLoss:0.1181 VAcc:0.871 VF1:0.8599 [BEST]
Epoch 07/25 | TLoss:0.1027 TAcc:0.802 | VLoss:0.1102 VAcc:0.849 VF1:0.8422
Epoch 08/25 | TLoss:0.0926 TAcc:0.829 | VLoss:0.1182 VAcc:0.865 VF1:0.8590
Epoch 09/25 | TLoss:0.0831 TAcc:0.844 | VLoss:0.1236 VAcc:0.837 VF1:0.8169
Epoch 10/25 | TLoss:0.0807 TAcc:0.852 | VLoss:0.1291 VAcc:0.826 VF1:0.8305
Epoch 11/25 | TLoss:0.0685 TAcc:0.858 | VLoss:0.1248 VAcc:0.840 VF1:0.8149
Epoch 12/25 | TLoss:0.0660 TAcc:0.870 | VLoss:0.1073 VAcc:0.869 VF1:0.8531
Epoch 13/25 | TLoss:0.0636 TAcc:0.870 | VLoss:0.1148 VAcc:0.865 VF1:0.8497
Epoch 14/25 | TLoss:0.0527 TAcc:0.880 | VLoss:0.1202 VAcc:0.878 VF1:0.8661 [BEST]
Epoch 15/25 | TLoss:0.0504 TAcc:0.884 | VLoss:0.1183 VAcc:0.880 VF1:0.8707 [BEST]
Epoch 16/25 | TLoss:0.0481 TAcc:0.888 | VLoss:0.1285 VAcc:0.887 VF1:0.8772 [BEST]
Epoch 17/25 | TLoss:0.0508 TAcc:0.888 | VLoss:0.1243 VAcc:0.896 VF1:0.8864 [BEST]
Epoch 18/25 | TLoss:0.0417 TAcc:0.899 | VLoss:0.1285 VAcc:0.898 VF1:0.8926 [BEST]
Epoch 19/25 | TLoss:0.0440 TAcc:0.900 | VLoss:0.1202 VAcc:0.887 VF1:0.8737
Epoch 20/25 | TLoss:0.0404 TAcc:0.897 | VLoss:0.1203 VAcc:0.896 VF1:0.8797
Epoch 21/25 | TLoss:0.0446 TAcc:0.901 | VLoss:0.1181 VAcc:0.889 VF1:0.8743
Epoch 22/25 | TLoss:0.0408 TAcc:0.911 | VLoss:0.1176 VAcc:0.889 VF1:0.8802
Epoch 23/25 | TLoss:0.0387 TAcc:0.902 | VLoss:0.1242 VAcc:0.892 VF1:0.8847
Epoch 24/25 | TLoss:0.0385 TAcc:0.896 | VLoss:0.1211 VAcc:0.889 VF1:0.8821
Epoch 25/25 | TLoss:0.0414 TAcc:0.901 | VLoss:0.1191 VAcc:0.883 VF1:0.8729

Best: epoch 18, val F1 = 0.8926
Model saved: expv_B_ptbxl_imagen_img512_bs32_e25_rw_fold1.pth

Evaluating test set...

============================================================
EXPERIMENT B RESULTS
============================================================
  Test Accuracy  : 0.8956
  Macro F1       : 0.8864
  Weighted F1    : 0.8951
  Macro ROC-AUC  : 0.9805
  Macro PR-AUC   : 0.9496
  Cohen Kappa    : 0.8538
  MCC            : 0.8545
  ECE            : 0.1420

Per-class F1:
  NORM  : F1=0.9135  ROC-AUC=0.9842  PR-AUC=0.9692
  MI    : F1=0.8718  ROC-AUC=0.9622  PR-AUC=0.9434
  AFIB  : F1=0.9314  ROC-AUC=0.9933  PR-AUC=0.9805
  TACHY : F1=0.8289  ROC-AUC=0.9823  PR-AUC=0.9054

Outputs: C:\Users\taimo\OneDrive\Documents 1\work\ecg-synthetic-research\outputs\results\expv_B_ptbxl_imagen_img512_bs32_e25_rw_fold1
============================================================

Launching GRAD-CAM...

============================================================
GRAD-CAM — expv_B_ptbxl_imagen_img512_bs32_e25_rw_fold1
============================================================

Generating GRAD-CAM for 1485 test images...
Output: C:\Users\taimo\OneDrive\Documents 1\work\ecg-synthetic-research\outputs\results\expv_B_ptbxl_imagen_img512_bs32_e25_rw_fold1\gradcam

  Class: NORM
  Saved: gradcam_NORM.png
  Class: MI
  Saved: gradcam_MI.png
  Class: AFIB
  Saved: gradcam_AFIB.png
  Class: TACHY
  Saved: gradcam_TACHY.png

Overview saved: C:\Users\taimo\OneDrive\Documents 1\work\ecg-synthetic-research\outputs\results\expv_B_ptbxl_imagen_img512_bs32_e25_rw_fold1\gradcam\gradcam_overview.png

============================================================
GRAD-CAM complete — 4 classes visualized
Output folder: C:\Users\taimo\OneDrive\Documents 1\work\ecg-synthetic-research\outputs\results\expv_B_ptbxl_imagen_img512_bs32_e25_rw_fold1\gradcam
============================================================

============================================================
[6/12] V3_Bw  --experiment B --real-weights --fold 2
============================================================

============================================================
Experiment B: PTB-XL + Imagen augmentation
Cross-validation mode: FOLD 2/2 (3-fold CV)
Run name:  expv_B_ptbxl_imagen_img512_bs32_e25_rw_fold2
Device:    cuda
Img size:  512px | Batch: 32 | Epochs: 25
============================================================

Total images: 5094
Per source:
  ptbxl: 4456
  imagen: 638
Per class:
  NORM: 1660
  MI: 1660
  AFIB: 1190
  TACHY: 584
[cache] all 5094 images already cached at 512px

LEAKAGE VERIFICATION REPORT
============================================================
Fold: 2

Train PTB-XL records: 2520 | Unique patients: 2325
Val   PTB-XL records: 451 | Unique patients: 411
Test  PTB-XL records: 1485 | Unique patients: 1368

Patient Overlap:
  Train x Val:  0 patients (0.0% of train)
  Train x Test: 0 patients (0.0% of train)
  Val x Test:   0 patients (0.0% of val)

Leakage Status: [PASSED] No patient overlap
============================================================


[OK] Fold 2: No patient-level leakage

============================================================
FOLD 2 — CLASS DISTRIBUTION
============================================================

Train:
  NORM  :  1002 ( 31.7%)
  MI    :  1037 ( 32.8%)
  AFIB  :   723 ( 22.9%)
  TACHY :   396 ( 12.5%)

Val:
  NORM  :   148 ( 32.8%)
  MI    :   151 ( 33.5%)
  AFIB  :   112 ( 24.8%)
  TACHY :    40 (  8.9%)

Test:
  NORM  :   510 ( 34.3%)
  MI    :   472 ( 31.8%)
  AFIB  :   355 ( 23.9%)
  TACHY :   148 ( 10.0%)
Train class distribution:
  NORM  :  1002 (31.7%)
  MI    :  1037 (32.8%)
  AFIB  :   723 (22.9%)
  TACHY :   396 (12.5%)
Class weights (real-only counts): NORM=0.572, MI=0.549, AFIB=0.855, TACHY=2.023

Training 25 epochs...

Epoch 01/25 | TLoss:0.4234 TAcc:0.363 | VLoss:0.3143 VAcc:0.501 VF1:0.4776 [BEST]
Epoch 02/25 | TLoss:0.2682 TAcc:0.587 | VLoss:0.1862 VAcc:0.685 VF1:0.6655 [BEST]
Epoch 03/25 | TLoss:0.2072 TAcc:0.679 | VLoss:0.1583 VAcc:0.725 VF1:0.7049 [BEST]
Epoch 04/25 | TLoss:0.1571 TAcc:0.745 | VLoss:0.1675 VAcc:0.690 VF1:0.6696
Epoch 05/25 | TLoss:0.1308 TAcc:0.781 | VLoss:0.1139 VAcc:0.789 VF1:0.7690 [BEST]
Epoch 06/25 | TLoss:0.1134 TAcc:0.807 | VLoss:0.1129 VAcc:0.809 VF1:0.7948 [BEST]
Epoch 07/25 | TLoss:0.1078 TAcc:0.815 | VLoss:0.0904 VAcc:0.825 VF1:0.8099 [BEST]
Epoch 08/25 | TLoss:0.0889 TAcc:0.840 | VLoss:0.0867 VAcc:0.843 VF1:0.8281 [BEST]
Epoch 09/25 | TLoss:0.0862 TAcc:0.844 | VLoss:0.1038 VAcc:0.840 VF1:0.8197
Epoch 10/25 | TLoss:0.0697 TAcc:0.859 | VLoss:0.0934 VAcc:0.845 VF1:0.8212
Epoch 11/25 | TLoss:0.0653 TAcc:0.864 | VLoss:0.0923 VAcc:0.863 VF1:0.8479 [BEST]
Epoch 12/25 | TLoss:0.0603 TAcc:0.881 | VLoss:0.0868 VAcc:0.874 VF1:0.8569 [BEST]
Epoch 13/25 | TLoss:0.0596 TAcc:0.870 | VLoss:0.0996 VAcc:0.874 VF1:0.8587 [BEST]
Epoch 14/25 | TLoss:0.0546 TAcc:0.886 | VLoss:0.0774 VAcc:0.871 VF1:0.8555
Epoch 15/25 | TLoss:0.0500 TAcc:0.892 | VLoss:0.0884 VAcc:0.889 VF1:0.8781 [BEST]
Epoch 16/25 | TLoss:0.0506 TAcc:0.888 | VLoss:0.0721 VAcc:0.871 VF1:0.8579
Epoch 17/25 | TLoss:0.0451 TAcc:0.894 | VLoss:0.0769 VAcc:0.874 VF1:0.8545
Epoch 18/25 | TLoss:0.0401 TAcc:0.902 | VLoss:0.0793 VAcc:0.887 VF1:0.8755
Epoch 19/25 | TLoss:0.0436 TAcc:0.905 | VLoss:0.0701 VAcc:0.876 VF1:0.8615
Epoch 20/25 | TLoss:0.0412 TAcc:0.896 | VLoss:0.0787 VAcc:0.874 VF1:0.8598
Epoch 21/25 | TLoss:0.0406 TAcc:0.913 | VLoss:0.0701 VAcc:0.880 VF1:0.8618
Epoch 22/25 | TLoss:0.0362 TAcc:0.908 | VLoss:0.0722 VAcc:0.876 VF1:0.8599
Epoch 23/25 | TLoss:0.0373 TAcc:0.908 | VLoss:0.0731 VAcc:0.878 VF1:0.8614
Epoch 24/25 | TLoss:0.0369 TAcc:0.909 | VLoss:0.0737 VAcc:0.887 VF1:0.8728
Epoch 25/25 | TLoss:0.0372 TAcc:0.908 | VLoss:0.0767 VAcc:0.876 VF1:0.8607

Best: epoch 15, val F1 = 0.8781
Model saved: expv_B_ptbxl_imagen_img512_bs32_e25_rw_fold2.pth

Evaluating test set...

============================================================
EXPERIMENT B RESULTS
============================================================
  Test Accuracy  : 0.8700
  Macro F1       : 0.8608
  Weighted F1    : 0.8692
  Macro ROC-AUC  : 0.9707
  Macro PR-AUC   : 0.9257
  Cohen Kappa    : 0.8193
  MCC            : 0.8208
  ECE            : 0.0912

Per-class F1:
  NORM  : F1=0.8943  ROC-AUC=0.9757  PR-AUC=0.9494
  MI    : F1=0.8299  ROC-AUC=0.9413  PR-AUC=0.9087
  AFIB  : F1=0.9103  ROC-AUC=0.9878  PR-AUC=0.9674
  TACHY : F1=0.8088  ROC-AUC=0.9778  PR-AUC=0.8773

Outputs: C:\Users\taimo\OneDrive\Documents 1\work\ecg-synthetic-research\outputs\results\expv_B_ptbxl_imagen_img512_bs32_e25_rw_fold2
============================================================

Launching GRAD-CAM...

============================================================
GRAD-CAM — expv_B_ptbxl_imagen_img512_bs32_e25_rw_fold2
============================================================

Generating GRAD-CAM for 1485 test images...
Output: C:\Users\taimo\OneDrive\Documents 1\work\ecg-synthetic-research\outputs\results\expv_B_ptbxl_imagen_img512_bs32_e25_rw_fold2\gradcam

  Class: NORM
  Saved: gradcam_NORM.png
  Class: MI
  Saved: gradcam_MI.png
  Class: AFIB
  Saved: gradcam_AFIB.png
  Class: TACHY
  Saved: gradcam_TACHY.png

Overview saved: C:\Users\taimo\OneDrive\Documents 1\work\ecg-synthetic-research\outputs\results\expv_B_ptbxl_imagen_img512_bs32_e25_rw_fold2\gradcam\gradcam_overview.png

============================================================
GRAD-CAM complete — 4 classes visualized
Output folder: C:\Users\taimo\OneDrive\Documents 1\work\ecg-synthetic-research\outputs\results\expv_B_ptbxl_imagen_img512_bs32_e25_rw_fold2\gradcam
============================================================

============================================================
[7/12] V4_Ccap  --experiment C --synth-cap 500 --fold 0
============================================================

============================================================
Experiment C: PTB-XL + Imagen + NeuroKit2 augmentation
Cross-validation mode: FOLD 0/2 (3-fold CV)
Run name:  expv_C_ptbxl_imagen_neurokit2_img512_bs32_e25_sc500_fold0
Device:    cuda
Img size:  512px | Batch: 32 | Epochs: 25
============================================================

Total images: 7094
Per source:
  ptbxl: 4456
  imagen: 638
  neurokit2: 2000
Per class:
  NORM: 2160
  MI: 2160
  AFIB: 1690
  TACHY: 1084
[cache] all 7094 images already cached at 512px

LEAKAGE VERIFICATION REPORT
============================================================
Fold: 0

Train PTB-XL records: 2523 | Unique patients: 2325
Val   PTB-XL records: 447 | Unique patients: 411
Test  PTB-XL records: 1486 | Unique patients: 1368

Patient Overlap:
  Train x Val:  0 patients (0.0% of train)
  Train x Test: 0 patients (0.0% of train)
  Val x Test:   0 patients (0.0% of val)

Leakage Status: [PASSED] No patient overlap
============================================================


[OK] Fold 0: No patient-level leakage

============================================================
FOLD 0 — CLASS DISTRIBUTION
============================================================

Train:
  NORM  :  1518 ( 29.4%)
  MI    :  1484 ( 28.8%)
  AFIB  :  1248 ( 24.2%)
  TACHY :   911 ( 17.7%)

Val:
  NORM  :   151 ( 33.8%)
  MI    :   144 ( 32.2%)
  AFIB  :   107 ( 23.9%)
  TACHY :    45 ( 10.1%)

Test:
  NORM  :   491 ( 33.0%)
  MI    :   532 ( 35.8%)
  AFIB  :   335 ( 22.5%)
  TACHY :   128 (  8.6%)
Train class distribution:
  NORM  :  1518 (29.4%)
  MI    :  1484 (28.8%)
  AFIB  :  1248 (24.2%)
  TACHY :   911 (17.7%)
Class weights (train counts): NORM=0.815, MI=0.834, AFIB=0.992, TACHY=1.359

Training 25 epochs...

Epoch 01/25 | TLoss:0.4344 TAcc:0.535 | VLoss:0.3322 VAcc:0.655 VF1:0.5757 [BEST]
Epoch 02/25 | TLoss:0.2284 TAcc:0.742 | VLoss:0.1794 VAcc:0.792 VF1:0.7795 [BEST]
Epoch 03/25 | TLoss:0.1656 TAcc:0.833 | VLoss:0.1413 VAcc:0.826 VF1:0.8092 [BEST]
Epoch 04/25 | TLoss:0.1238 TAcc:0.869 | VLoss:0.1092 VAcc:0.848 VF1:0.8401 [BEST]
Epoch 05/25 | TLoss:0.1037 TAcc:0.887 | VLoss:0.0895 VAcc:0.890 VF1:0.8968 [BEST]
Epoch 06/25 | TLoss:0.0876 TAcc:0.901 | VLoss:0.1081 VAcc:0.864 VF1:0.8668
Epoch 07/25 | TLoss:0.0775 TAcc:0.916 | VLoss:0.0867 VAcc:0.886 VF1:0.8833
Epoch 08/25 | TLoss:0.0683 TAcc:0.925 | VLoss:0.0938 VAcc:0.886 VF1:0.8887
Epoch 09/25 | TLoss:0.0633 TAcc:0.928 | VLoss:0.0724 VAcc:0.902 VF1:0.9038 [BEST]
Epoch 10/25 | TLoss:0.0528 TAcc:0.937 | VLoss:0.0790 VAcc:0.893 VF1:0.8958
Epoch 11/25 | TLoss:0.0483 TAcc:0.937 | VLoss:0.0825 VAcc:0.911 VF1:0.9117 [BEST]
Epoch 12/25 | TLoss:0.0474 TAcc:0.942 | VLoss:0.0761 VAcc:0.908 VF1:0.9155 [BEST]
Epoch 13/25 | TLoss:0.0426 TAcc:0.947 | VLoss:0.0699 VAcc:0.913 VF1:0.9169 [BEST]
Epoch 14/25 | TLoss:0.0383 TAcc:0.950 | VLoss:0.0760 VAcc:0.922 VF1:0.9177 [BEST]
Epoch 15/25 | TLoss:0.0375 TAcc:0.948 | VLoss:0.0711 VAcc:0.911 VF1:0.9139
Epoch 16/25 | TLoss:0.0329 TAcc:0.956 | VLoss:0.0715 VAcc:0.911 VF1:0.9171
Epoch 17/25 | TLoss:0.0296 TAcc:0.958 | VLoss:0.0693 VAcc:0.908 VF1:0.9122
Epoch 18/25 | TLoss:0.0292 TAcc:0.962 | VLoss:0.0709 VAcc:0.906 VF1:0.9066
Epoch 19/25 | TLoss:0.0247 TAcc:0.967 | VLoss:0.0764 VAcc:0.904 VF1:0.9035
Epoch 20/25 | TLoss:0.0266 TAcc:0.961 | VLoss:0.0758 VAcc:0.915 VF1:0.9194 [BEST]
Epoch 21/25 | TLoss:0.0239 TAcc:0.965 | VLoss:0.0736 VAcc:0.904 VF1:0.9030
Epoch 22/25 | TLoss:0.0235 TAcc:0.965 | VLoss:0.0759 VAcc:0.899 VF1:0.9012
Epoch 23/25 | TLoss:0.0215 TAcc:0.971 | VLoss:0.0730 VAcc:0.913 VF1:0.9158
Epoch 24/25 | TLoss:0.0230 TAcc:0.965 | VLoss:0.0725 VAcc:0.908 VF1:0.9120
Epoch 25/25 | TLoss:0.0236 TAcc:0.966 | VLoss:0.0776 VAcc:0.911 VF1:0.9137

Best: epoch 20, val F1 = 0.9194
Model saved: expv_C_ptbxl_imagen_neurokit2_img512_bs32_e25_sc500_fold0.pth

Evaluating test set...

============================================================
EXPERIMENT C RESULTS
============================================================
  Test Accuracy  : 0.9044
  Macro F1       : 0.8918
  Weighted F1    : 0.9040
  Macro ROC-AUC  : 0.9806
  Macro PR-AUC   : 0.9410
  Cohen Kappa    : 0.8651
  MCC            : 0.8660
  ECE            : 0.0915

Per-class F1:
  NORM  : F1=0.9211  ROC-AUC=0.9855  PR-AUC=0.9618
  MI    : F1=0.8922  ROC-AUC=0.9601  PR-AUC=0.9528
  AFIB  : F1=0.9277  ROC-AUC=0.9929  PR-AUC=0.9800
  TACHY : F1=0.8263  ROC-AUC=0.9840  PR-AUC=0.8693

Outputs: C:\Users\taimo\OneDrive\Documents 1\work\ecg-synthetic-research\outputs\results\expv_C_ptbxl_imagen_neurokit2_img512_bs32_e25_sc500_fold0
============================================================

Launching GRAD-CAM...

============================================================
GRAD-CAM — expv_C_ptbxl_imagen_neurokit2_img512_bs32_e25_sc500_fold0
============================================================

Generating GRAD-CAM for 1486 test images...
Output: C:\Users\taimo\OneDrive\Documents 1\work\ecg-synthetic-research\outputs\results\expv_C_ptbxl_imagen_neurokit2_img512_bs32_e25_sc500_fold0\gradcam

  Class: NORM
  Saved: gradcam_NORM.png
  Class: MI
  Saved: gradcam_MI.png
  Class: AFIB
  Saved: gradcam_AFIB.png
  Class: TACHY
  Saved: gradcam_TACHY.png

Overview saved: C:\Users\taimo\OneDrive\Documents 1\work\ecg-synthetic-research\outputs\results\expv_C_ptbxl_imagen_neurokit2_img512_bs32_e25_sc500_fold0\gradcam\gradcam_overview.png

============================================================
GRAD-CAM complete — 4 classes visualized
Output folder: C:\Users\taimo\OneDrive\Documents 1\work\ecg-synthetic-research\outputs\results\expv_C_ptbxl_imagen_neurokit2_img512_bs32_e25_sc500_fold0\gradcam
============================================================

============================================================
[8/12] V4_Ccap  --experiment C --synth-cap 500 --fold 1
============================================================

============================================================
Experiment C: PTB-XL + Imagen + NeuroKit2 augmentation
Cross-validation mode: FOLD 1/2 (3-fold CV)
Run name:  expv_C_ptbxl_imagen_neurokit2_img512_bs32_e25_sc500_fold1
Device:    cuda
Img size:  512px | Batch: 32 | Epochs: 25
============================================================

Total images: 7094
Per source:
  ptbxl: 4456
  imagen: 638
  neurokit2: 2000
Per class:
  NORM: 2160
  MI: 2160
  AFIB: 1690
  TACHY: 1084
[cache] all 7094 images already cached at 512px

LEAKAGE VERIFICATION REPORT
============================================================
Fold: 1

Train PTB-XL records: 2528 | Unique patients: 2325
Val   PTB-XL records: 443 | Unique patients: 411
Test  PTB-XL records: 1485 | Unique patients: 1368

Patient Overlap:
  Train x Val:  0 patients (0.0% of train)
  Train x Test: 0 patients (0.0% of train)
  Val x Test:   0 patients (0.0% of val)

Leakage Status: [PASSED] No patient overlap
============================================================


[OK] Fold 1: No patient-level leakage

============================================================
FOLD 1 — CLASS DISTRIBUTION
============================================================

Train:
  NORM  :  1509 ( 29.2%)
  MI    :  1516 ( 29.3%)
  AFIB  :  1248 ( 24.2%)
  TACHY :   893 ( 17.3%)

Val:
  NORM  :   152 ( 34.3%)
  MI    :   148 ( 33.4%)
  AFIB  :   102 ( 23.0%)
  TACHY :    41 (  9.3%)

Test:
  NORM  :   499 ( 33.6%)
  MI    :   496 ( 33.4%)
  AFIB  :   340 ( 22.9%)
  TACHY :   150 ( 10.1%)
Train class distribution:
  NORM  :  1509 (29.2%)
  MI    :  1516 (29.3%)
  AFIB  :  1248 (24.2%)
  TACHY :   893 (17.3%)
Class weights (train counts): NORM=0.817, MI=0.813, AFIB=0.988, TACHY=1.381

Training 25 epochs...

Epoch 01/25 | TLoss:0.4391 TAcc:0.524 | VLoss:0.2925 VAcc:0.722 VF1:0.6804 [BEST]
Epoch 02/25 | TLoss:0.2255 TAcc:0.736 | VLoss:0.1978 VAcc:0.792 VF1:0.7817 [BEST]
Epoch 03/25 | TLoss:0.1594 TAcc:0.827 | VLoss:0.1571 VAcc:0.853 VF1:0.8438 [BEST]
Epoch 04/25 | TLoss:0.1184 TAcc:0.866 | VLoss:0.1442 VAcc:0.847 VF1:0.8374
Epoch 05/25 | TLoss:0.1010 TAcc:0.882 | VLoss:0.1709 VAcc:0.849 VF1:0.8247
Epoch 06/25 | TLoss:0.0848 TAcc:0.901 | VLoss:0.1312 VAcc:0.898 VF1:0.8867 [BEST]
Epoch 07/25 | TLoss:0.0812 TAcc:0.904 | VLoss:0.1310 VAcc:0.887 VF1:0.8796
Epoch 08/25 | TLoss:0.0668 TAcc:0.919 | VLoss:0.1355 VAcc:0.878 VF1:0.8700
Epoch 09/25 | TLoss:0.0564 TAcc:0.928 | VLoss:0.1217 VAcc:0.880 VF1:0.8653
Epoch 10/25 | TLoss:0.0522 TAcc:0.931 | VLoss:0.1240 VAcc:0.896 VF1:0.8866
Epoch 11/25 | TLoss:0.0493 TAcc:0.935 | VLoss:0.1262 VAcc:0.901 VF1:0.8969 [BEST]
Epoch 12/25 | TLoss:0.0453 TAcc:0.939 | VLoss:0.1253 VAcc:0.905 VF1:0.8959
Epoch 13/25 | TLoss:0.0431 TAcc:0.941 | VLoss:0.1381 VAcc:0.910 VF1:0.9006 [BEST]
Epoch 14/25 | TLoss:0.0382 TAcc:0.951 | VLoss:0.1297 VAcc:0.905 VF1:0.8889
Epoch 15/25 | TLoss:0.0362 TAcc:0.949 | VLoss:0.1389 VAcc:0.894 VF1:0.8839
Epoch 16/25 | TLoss:0.0318 TAcc:0.957 | VLoss:0.1289 VAcc:0.919 VF1:0.9085 [BEST]
Epoch 17/25 | TLoss:0.0343 TAcc:0.955 | VLoss:0.1243 VAcc:0.921 VF1:0.9069
Epoch 18/25 | TLoss:0.0299 TAcc:0.959 | VLoss:0.1298 VAcc:0.907 VF1:0.9017
Epoch 19/25 | TLoss:0.0281 TAcc:0.963 | VLoss:0.1324 VAcc:0.903 VF1:0.8965
Epoch 20/25 | TLoss:0.0243 TAcc:0.963 | VLoss:0.1340 VAcc:0.910 VF1:0.9032
Epoch 21/25 | TLoss:0.0232 TAcc:0.964 | VLoss:0.1334 VAcc:0.914 VF1:0.9091 [BEST]
Epoch 22/25 | TLoss:0.0265 TAcc:0.961 | VLoss:0.1324 VAcc:0.914 VF1:0.9067
Epoch 23/25 | TLoss:0.0234 TAcc:0.966 | VLoss:0.1370 VAcc:0.907 VF1:0.9031
Epoch 24/25 | TLoss:0.0254 TAcc:0.963 | VLoss:0.1331 VAcc:0.916 VF1:0.9144 [BEST]
Epoch 25/25 | TLoss:0.0229 TAcc:0.967 | VLoss:0.1351 VAcc:0.907 VF1:0.9050

Best: epoch 24, val F1 = 0.9144
Model saved: expv_C_ptbxl_imagen_neurokit2_img512_bs32_e25_sc500_fold1.pth

Evaluating test set...

============================================================
EXPERIMENT C RESULTS
============================================================
  Test Accuracy  : 0.9057
  Macro F1       : 0.8988
  Weighted F1    : 0.9055
  Macro ROC-AUC  : 0.9833
  Macro PR-AUC   : 0.9484
  Cohen Kappa    : 0.8680
  MCC            : 0.8686
  ECE            : 0.0922

Per-class F1:
  NORM  : F1=0.9190  ROC-AUC=0.9863  PR-AUC=0.9715
  MI    : F1=0.8849  ROC-AUC=0.9702  PR-AUC=0.9546
  AFIB  : F1=0.9396  ROC-AUC=0.9933  PR-AUC=0.9789
  TACHY : F1=0.8516  ROC-AUC=0.9833  PR-AUC=0.8885

Outputs: C:\Users\taimo\OneDrive\Documents 1\work\ecg-synthetic-research\outputs\results\expv_C_ptbxl_imagen_neurokit2_img512_bs32_e25_sc500_fold1
============================================================

Launching GRAD-CAM...

============================================================
GRAD-CAM — expv_C_ptbxl_imagen_neurokit2_img512_bs32_e25_sc500_fold1
============================================================

Generating GRAD-CAM for 1485 test images...
Output: C:\Users\taimo\OneDrive\Documents 1\work\ecg-synthetic-research\outputs\results\expv_C_ptbxl_imagen_neurokit2_img512_bs32_e25_sc500_fold1\gradcam

  Class: NORM
  Saved: gradcam_NORM.png
  Class: MI
  Saved: gradcam_MI.png
  Class: AFIB
  Saved: gradcam_AFIB.png
  Class: TACHY
  Saved: gradcam_TACHY.png

Overview saved: C:\Users\taimo\OneDrive\Documents 1\work\ecg-synthetic-research\outputs\results\expv_C_ptbxl_imagen_neurokit2_img512_bs32_e25_sc500_fold1\gradcam\gradcam_overview.png

============================================================
GRAD-CAM complete — 4 classes visualized
Output folder: C:\Users\taimo\OneDrive\Documents 1\work\ecg-synthetic-research\outputs\results\expv_C_ptbxl_imagen_neurokit2_img512_bs32_e25_sc500_fold1\gradcam
============================================================

============================================================
[9/12] V4_Ccap  --experiment C --synth-cap 500 --fold 2
============================================================

============================================================
Experiment C: PTB-XL + Imagen + NeuroKit2 augmentation
Cross-validation mode: FOLD 2/2 (3-fold CV)
Run name:  expv_C_ptbxl_imagen_neurokit2_img512_bs32_e25_sc500_fold2
Device:    cuda
Img size:  512px | Batch: 32 | Epochs: 25
============================================================

Total images: 7094
Per source:
  ptbxl: 4456
  imagen: 638
  neurokit2: 2000
Per class:
  NORM: 2160
  MI: 2160
  AFIB: 1690
  TACHY: 1084
[cache] all 7094 images already cached at 512px

LEAKAGE VERIFICATION REPORT
============================================================
Fold: 2

Train PTB-XL records: 2520 | Unique patients: 2325
Val   PTB-XL records: 451 | Unique patients: 411
Test  PTB-XL records: 1485 | Unique patients: 1368

Patient Overlap:
  Train x Val:  0 patients (0.0% of train)
  Train x Test: 0 patients (0.0% of train)
  Val x Test:   0 patients (0.0% of val)

Leakage Status: [PASSED] No patient overlap
============================================================


[OK] Fold 2: No patient-level leakage

============================================================
FOLD 2 — CLASS DISTRIBUTION
============================================================

Train:
  NORM  :  1502 ( 29.1%)
  MI    :  1537 ( 29.8%)
  AFIB  :  1223 ( 23.7%)
  TACHY :   896 ( 17.4%)

Val:
  NORM  :   148 ( 32.8%)
  MI    :   151 ( 33.5%)
  AFIB  :   112 ( 24.8%)
  TACHY :    40 (  8.9%)

Test:
  NORM  :   510 ( 34.3%)
  MI    :   472 ( 31.8%)
  AFIB  :   355 ( 23.9%)
  TACHY :   148 ( 10.0%)
Train class distribution:
  NORM  :  1502 (29.1%)
  MI    :  1537 (29.8%)
  AFIB  :  1223 (23.7%)
  TACHY :   896 (17.4%)
Class weights (train counts): NORM=0.819, MI=0.801, AFIB=1.006, TACHY=1.374

Training 25 epochs...

Epoch 01/25 | TLoss:0.4297 TAcc:0.535 | VLoss:0.3161 VAcc:0.692 VF1:0.6586 [BEST]
Epoch 02/25 | TLoss:0.2232 TAcc:0.747 | VLoss:0.1978 VAcc:0.780 VF1:0.7643 [BEST]
Epoch 03/25 | TLoss:0.1565 TAcc:0.835 | VLoss:0.1938 VAcc:0.765 VF1:0.7438
Epoch 04/25 | TLoss:0.1126 TAcc:0.877 | VLoss:0.1307 VAcc:0.838 VF1:0.8221 [BEST]
Epoch 05/25 | TLoss:0.1020 TAcc:0.886 | VLoss:0.1340 VAcc:0.849 VF1:0.8342 [BEST]
Epoch 06/25 | TLoss:0.0813 TAcc:0.909 | VLoss:0.1209 VAcc:0.860 VF1:0.8462 [BEST]
Epoch 07/25 | TLoss:0.0758 TAcc:0.903 | VLoss:0.1071 VAcc:0.891 VF1:0.8741 [BEST]
Epoch 08/25 | TLoss:0.0651 TAcc:0.921 | VLoss:0.1167 VAcc:0.869 VF1:0.8481
Epoch 09/25 | TLoss:0.0565 TAcc:0.931 | VLoss:0.1126 VAcc:0.882 VF1:0.8657
Epoch 10/25 | TLoss:0.0502 TAcc:0.934 | VLoss:0.1088 VAcc:0.889 VF1:0.8704
Epoch 11/25 | TLoss:0.0454 TAcc:0.945 | VLoss:0.1059 VAcc:0.894 VF1:0.8822 [BEST]
Epoch 12/25 | TLoss:0.0405 TAcc:0.945 | VLoss:0.1113 VAcc:0.902 VF1:0.8857 [BEST]
Epoch 13/25 | TLoss:0.0358 TAcc:0.951 | VLoss:0.1167 VAcc:0.896 VF1:0.8764
Epoch 14/25 | TLoss:0.0332 TAcc:0.953 | VLoss:0.1104 VAcc:0.891 VF1:0.8758
Epoch 15/25 | TLoss:0.0310 TAcc:0.957 | VLoss:0.0990 VAcc:0.905 VF1:0.8876 [BEST]
Epoch 16/25 | TLoss:0.0269 TAcc:0.957 | VLoss:0.1116 VAcc:0.900 VF1:0.8804
Epoch 17/25 | TLoss:0.0277 TAcc:0.958 | VLoss:0.1157 VAcc:0.902 VF1:0.8836
Epoch 18/25 | TLoss:0.0302 TAcc:0.961 | VLoss:0.1103 VAcc:0.900 VF1:0.8844
Epoch 19/25 | TLoss:0.0232 TAcc:0.968 | VLoss:0.1182 VAcc:0.898 VF1:0.8759
Epoch 20/25 | TLoss:0.0233 TAcc:0.964 | VLoss:0.1163 VAcc:0.898 VF1:0.8788
Epoch 21/25 | TLoss:0.0228 TAcc:0.965 | VLoss:0.1172 VAcc:0.900 VF1:0.8793
Epoch 22/25 | TLoss:0.0228 TAcc:0.965 | VLoss:0.1148 VAcc:0.898 VF1:0.8802
Epoch 23/25 | TLoss:0.0190 TAcc:0.968 | VLoss:0.1136 VAcc:0.900 VF1:0.8832
Epoch 24/25 | TLoss:0.0198 TAcc:0.970 | VLoss:0.1135 VAcc:0.896 VF1:0.8771
Epoch 25/25 | TLoss:0.0210 TAcc:0.967 | VLoss:0.1130 VAcc:0.905 VF1:0.8843

Best: epoch 15, val F1 = 0.8876
Model saved: expv_C_ptbxl_imagen_neurokit2_img512_bs32_e25_sc500_fold2.pth

Evaluating test set...

============================================================
EXPERIMENT C RESULTS
============================================================
  Test Accuracy  : 0.8943
  Macro F1       : 0.8856
  Weighted F1    : 0.8940
  Macro ROC-AUC  : 0.9801
  Macro PR-AUC   : 0.9404
  Cohen Kappa    : 0.8520
  MCC            : 0.8525
  ECE            : 0.0805

Per-class F1:
  NORM  : F1=0.9113  ROC-AUC=0.9848  PR-AUC=0.9683
  MI    : F1=0.8631  ROC-AUC=0.9605  PR-AUC=0.9379
  AFIB  : F1=0.9362  ROC-AUC=0.9891  PR-AUC=0.9704
  TACHY : F1=0.8317  ROC-AUC=0.9859  PR-AUC=0.8848

Outputs: C:\Users\taimo\OneDrive\Documents 1\work\ecg-synthetic-research\outputs\results\expv_C_ptbxl_imagen_neurokit2_img512_bs32_e25_sc500_fold2
============================================================

Launching GRAD-CAM...

============================================================
GRAD-CAM — expv_C_ptbxl_imagen_neurokit2_img512_bs32_e25_sc500_fold2
============================================================

Generating GRAD-CAM for 1485 test images...
Output: C:\Users\taimo\OneDrive\Documents 1\work\ecg-synthetic-research\outputs\results\expv_C_ptbxl_imagen_neurokit2_img512_bs32_e25_sc500_fold2\gradcam

  Class: NORM
  Saved: gradcam_NORM.png
  Class: MI
  Saved: gradcam_MI.png
  Class: AFIB
  Saved: gradcam_AFIB.png
  Class: TACHY
  Saved: gradcam_TACHY.png

Overview saved: C:\Users\taimo\OneDrive\Documents 1\work\ecg-synthetic-research\outputs\results\expv_C_ptbxl_imagen_neurokit2_img512_bs32_e25_sc500_fold2\gradcam\gradcam_overview.png

============================================================
GRAD-CAM complete — 4 classes visualized
Output folder: C:\Users\taimo\OneDrive\Documents 1\work\ecg-synthetic-research\outputs\results\expv_C_ptbxl_imagen_neurokit2_img512_bs32_e25_sc500_fold2\gradcam
============================================================

============================================================
[10/12] V2_Cw  --experiment C --real-weights --fold 0
============================================================

============================================================
Experiment C: PTB-XL + Imagen + NeuroKit2 augmentation
Cross-validation mode: FOLD 0/2 (3-fold CV)
Run name:  expv_C_ptbxl_imagen_neurokit2_img512_bs32_e25_rw_fold0
Device:    cuda
Img size:  512px | Batch: 32 | Epochs: 25
============================================================

Total images: 11094
Per source:
  ptbxl: 4456
  imagen: 638
  neurokit2: 6000
Per class:
  NORM: 3160
  MI: 3160
  AFIB: 2690
  TACHY: 2084
[cache] all 11094 images already cached at 512px

LEAKAGE VERIFICATION REPORT
============================================================
Fold: 0

Train PTB-XL records: 2523 | Unique patients: 2325
Val   PTB-XL records: 447 | Unique patients: 411
Test  PTB-XL records: 1486 | Unique patients: 1368

Patient Overlap:
  Train x Val:  0 patients (0.0% of train)
  Train x Test: 0 patients (0.0% of train)
  Val x Test:   0 patients (0.0% of val)

Leakage Status: [PASSED] No patient overlap
============================================================


[OK] Fold 0: No patient-level leakage

============================================================
FOLD 0 — CLASS DISTRIBUTION
============================================================

Train:
  NORM  :  2518 ( 27.5%)
  MI    :  2484 ( 27.1%)
  AFIB  :  2248 ( 24.5%)
  TACHY :  1911 ( 20.9%)

Val:
  NORM  :   151 ( 33.8%)
  MI    :   144 ( 32.2%)
  AFIB  :   107 ( 23.9%)
  TACHY :    45 ( 10.1%)

Test:
  NORM  :   491 ( 33.0%)
  MI    :   532 ( 35.8%)
  AFIB  :   335 ( 22.5%)
  TACHY :   128 (  8.6%)
Train class distribution:
  NORM  :  2518 (27.5%)
  MI    :  2484 (27.1%)
  AFIB  :  2248 (24.5%)
  TACHY :  1911 (20.9%)
Class weights (real-only counts): NORM=0.580, MI=0.604, AFIB=0.847, TACHY=1.968

Training 25 epochs...

Epoch 01/25 | TLoss:0.2340 TAcc:0.637 | VLoss:0.2234 VAcc:0.678 VF1:0.6546 [BEST]
Epoch 02/25 | TLoss:0.0997 TAcc:0.855 | VLoss:0.1372 VAcc:0.756 VF1:0.7434 [BEST]
Epoch 03/25 | TLoss:0.0671 TAcc:0.905 | VLoss:0.0744 VAcc:0.832 VF1:0.8308 [BEST]
Epoch 04/25 | TLoss:0.0504 TAcc:0.921 | VLoss:0.0632 VAcc:0.855 VF1:0.8441 [BEST]
Epoch 05/25 | TLoss:0.0454 TAcc:0.931 | VLoss:0.0578 VAcc:0.852 VF1:0.8465 [BEST]
Epoch 06/25 | TLoss:0.0376 TAcc:0.941 | VLoss:0.0630 VAcc:0.848 VF1:0.8426
Epoch 07/25 | TLoss:0.0313 TAcc:0.949 | VLoss:0.0549 VAcc:0.870 VF1:0.8603 [BEST]
Epoch 08/25 | TLoss:0.0243 TAcc:0.955 | VLoss:0.0544 VAcc:0.857 VF1:0.8561
Epoch 09/25 | TLoss:0.0257 TAcc:0.956 | VLoss:0.0715 VAcc:0.893 VF1:0.8886 [BEST]
Epoch 10/25 | TLoss:0.0222 TAcc:0.958 | VLoss:0.0532 VAcc:0.881 VF1:0.8888 [BEST]
Epoch 11/25 | TLoss:0.0195 TAcc:0.965 | VLoss:0.0649 VAcc:0.881 VF1:0.8758
Epoch 12/25 | TLoss:0.0160 TAcc:0.965 | VLoss:0.0629 VAcc:0.877 VF1:0.8728
Epoch 13/25 | TLoss:0.0145 TAcc:0.970 | VLoss:0.0960 VAcc:0.879 VF1:0.8745
Epoch 14/25 | TLoss:0.0123 TAcc:0.972 | VLoss:0.0785 VAcc:0.899 VF1:0.8970 [BEST]
Epoch 15/25 | TLoss:0.0106 TAcc:0.973 | VLoss:0.0918 VAcc:0.868 VF1:0.8729
Epoch 16/25 | TLoss:0.0098 TAcc:0.976 | VLoss:0.0878 VAcc:0.872 VF1:0.8785
Epoch 17/25 | TLoss:0.0119 TAcc:0.974 | VLoss:0.0875 VAcc:0.886 VF1:0.8865
Epoch 18/25 | TLoss:0.0091 TAcc:0.978 | VLoss:0.0862 VAcc:0.872 VF1:0.8686
Epoch 19/25 | TLoss:0.0084 TAcc:0.977 | VLoss:0.0866 VAcc:0.864 VF1:0.8690
Epoch 20/25 | TLoss:0.0077 TAcc:0.979 | VLoss:0.0685 VAcc:0.890 VF1:0.8852
Epoch 21/25 | TLoss:0.0066 TAcc:0.981 | VLoss:0.0746 VAcc:0.884 VF1:0.8829
Epoch 22/25 | TLoss:0.0068 TAcc:0.981 | VLoss:0.0792 VAcc:0.875 VF1:0.8780
Epoch 23/25 | TLoss:0.0060 TAcc:0.984 | VLoss:0.0805 VAcc:0.888 VF1:0.8895
Epoch 24/25 | TLoss:0.0070 TAcc:0.981 | VLoss:0.0823 VAcc:0.879 VF1:0.8823
Epoch 25/25 | TLoss:0.0070 TAcc:0.982 | VLoss:0.0779 VAcc:0.868 VF1:0.8699

Best: epoch 14, val F1 = 0.8970
Model saved: expv_C_ptbxl_imagen_neurokit2_img512_bs32_e25_rw_fold0.pth

Evaluating test set...

============================================================
EXPERIMENT C RESULTS
============================================================
  Test Accuracy  : 0.8903
  Macro F1       : 0.8802
  Weighted F1    : 0.8901
  Macro ROC-AUC  : 0.9777
  Macro PR-AUC   : 0.9341
  Cohen Kappa    : 0.8457
  MCC            : 0.8476
  ECE            : 0.0924

Per-class F1:
  NORM  : F1=0.9094  ROC-AUC=0.9823  PR-AUC=0.9588
  MI    : F1=0.8652  ROC-AUC=0.9530  PR-AUC=0.9454
  AFIB  : F1=0.9292  ROC-AUC=0.9901  PR-AUC=0.9740
  TACHY : F1=0.8169  ROC-AUC=0.9855  PR-AUC=0.8579

Outputs: C:\Users\taimo\OneDrive\Documents 1\work\ecg-synthetic-research\outputs\results\expv_C_ptbxl_imagen_neurokit2_img512_bs32_e25_rw_fold0
============================================================

Launching GRAD-CAM...

============================================================
GRAD-CAM — expv_C_ptbxl_imagen_neurokit2_img512_bs32_e25_rw_fold0
============================================================

Generating GRAD-CAM for 1486 test images...
Output: C:\Users\taimo\OneDrive\Documents 1\work\ecg-synthetic-research\outputs\results\expv_C_ptbxl_imagen_neurokit2_img512_bs32_e25_rw_fold0\gradcam

  Class: NORM
  Saved: gradcam_NORM.png
  Class: MI
  Saved: gradcam_MI.png
  Class: AFIB
  Saved: gradcam_AFIB.png
  Class: TACHY
  Saved: gradcam_TACHY.png

Overview saved: C:\Users\taimo\OneDrive\Documents 1\work\ecg-synthetic-research\outputs\results\expv_C_ptbxl_imagen_neurokit2_img512_bs32_e25_rw_fold0\gradcam\gradcam_overview.png

============================================================
GRAD-CAM complete — 4 classes visualized
Output folder: C:\Users\taimo\OneDrive\Documents 1\work\ecg-synthetic-research\outputs\results\expv_C_ptbxl_imagen_neurokit2_img512_bs32_e25_rw_fold0\gradcam
============================================================

============================================================
[11/12] V2_Cw  --experiment C --real-weights --fold 1
============================================================

============================================================
Experiment C: PTB-XL + Imagen + NeuroKit2 augmentation
Cross-validation mode: FOLD 1/2 (3-fold CV)
Run name:  expv_C_ptbxl_imagen_neurokit2_img512_bs32_e25_rw_fold1
Device:    cuda
Img size:  512px | Batch: 32 | Epochs: 25
============================================================

Total images: 11094
Per source:
  ptbxl: 4456
  imagen: 638
  neurokit2: 6000
Per class:
  NORM: 3160
  MI: 3160
  AFIB: 2690
  TACHY: 2084
[cache] all 11094 images already cached at 512px

LEAKAGE VERIFICATION REPORT
============================================================
Fold: 1

Train PTB-XL records: 2528 | Unique patients: 2325
Val   PTB-XL records: 443 | Unique patients: 411
Test  PTB-XL records: 1485 | Unique patients: 1368

Patient Overlap:
  Train x Val:  0 patients (0.0% of train)
  Train x Test: 0 patients (0.0% of train)
  Val x Test:   0 patients (0.0% of val)

Leakage Status: [PASSED] No patient overlap
============================================================


[OK] Fold 1: No patient-level leakage

============================================================
FOLD 1 — CLASS DISTRIBUTION
============================================================

Train:
  NORM  :  2509 ( 27.4%)
  MI    :  2516 ( 27.4%)
  AFIB  :  2248 ( 24.5%)
  TACHY :  1893 ( 20.7%)

Val:
  NORM  :   152 ( 34.3%)
  MI    :   148 ( 33.4%)
  AFIB  :   102 ( 23.0%)
  TACHY :    41 (  9.3%)

Test:
  NORM  :   499 ( 33.6%)
  MI    :   496 ( 33.4%)
  AFIB  :   340 ( 22.9%)
  TACHY :   150 ( 10.1%)
Train class distribution:
  NORM  :  2509 (27.4%)
  MI    :  2516 (27.4%)
  AFIB  :  2248 (24.5%)
  TACHY :  1893 (20.7%)
Class weights (real-only counts): NORM=0.567, MI=0.563, AFIB=0.819, TACHY=2.050

Training 25 epochs...

Epoch 01/25 | TLoss:0.2276 TAcc:0.624 | VLoss:0.2376 VAcc:0.573 VF1:0.5374 [BEST]
Epoch 02/25 | TLoss:0.0959 TAcc:0.839 | VLoss:0.1466 VAcc:0.790 VF1:0.7773 [BEST]
Epoch 03/25 | TLoss:0.0628 TAcc:0.896 | VLoss:0.1088 VAcc:0.824 VF1:0.8068 [BEST]
Epoch 04/25 | TLoss:0.0478 TAcc:0.912 | VLoss:0.1130 VAcc:0.813 VF1:0.7957
Epoch 05/25 | TLoss:0.0382 TAcc:0.928 | VLoss:0.1006 VAcc:0.856 VF1:0.8388 [BEST]
Epoch 06/25 | TLoss:0.0350 TAcc:0.932 | VLoss:0.1040 VAcc:0.858 VF1:0.8383
Epoch 07/25 | TLoss:0.0301 TAcc:0.941 | VLoss:0.1056 VAcc:0.858 VF1:0.8446 [BEST]
Epoch 08/25 | TLoss:0.0260 TAcc:0.950 | VLoss:0.0926 VAcc:0.869 VF1:0.8520 [BEST]
Epoch 09/25 | TLoss:0.0214 TAcc:0.954 | VLoss:0.1077 VAcc:0.876 VF1:0.8543 [BEST]
Epoch 10/25 | TLoss:0.0197 TAcc:0.957 | VLoss:0.1108 VAcc:0.887 VF1:0.8710 [BEST]
Epoch 11/25 | TLoss:0.0184 TAcc:0.959 | VLoss:0.0999 VAcc:0.871 VF1:0.8575
Epoch 12/25 | TLoss:0.0164 TAcc:0.960 | VLoss:0.1166 VAcc:0.876 VF1:0.8630
Epoch 13/25 | TLoss:0.0154 TAcc:0.964 | VLoss:0.1016 VAcc:0.894 VF1:0.8799 [BEST]
Epoch 14/25 | TLoss:0.0124 TAcc:0.968 | VLoss:0.1082 VAcc:0.889 VF1:0.8774
Epoch 15/25 | TLoss:0.0116 TAcc:0.970 | VLoss:0.1096 VAcc:0.907 VF1:0.9012 [BEST]
Epoch 16/25 | TLoss:0.0109 TAcc:0.972 | VLoss:0.1167 VAcc:0.894 VF1:0.8853
Epoch 17/25 | TLoss:0.0092 TAcc:0.975 | VLoss:0.1175 VAcc:0.889 VF1:0.8780
Epoch 18/25 | TLoss:0.0082 TAcc:0.975 | VLoss:0.1141 VAcc:0.907 VF1:0.9017 [BEST]
Epoch 19/25 | TLoss:0.0084 TAcc:0.978 | VLoss:0.1127 VAcc:0.898 VF1:0.8904
Epoch 20/25 | TLoss:0.0060 TAcc:0.980 | VLoss:0.1264 VAcc:0.901 VF1:0.8959
Epoch 21/25 | TLoss:0.0071 TAcc:0.980 | VLoss:0.1238 VAcc:0.901 VF1:0.8942
Epoch 22/25 | TLoss:0.0072 TAcc:0.980 | VLoss:0.1300 VAcc:0.892 VF1:0.8837
Epoch 23/25 | TLoss:0.0065 TAcc:0.980 | VLoss:0.1303 VAcc:0.903 VF1:0.8966
Epoch 24/25 | TLoss:0.0071 TAcc:0.975 | VLoss:0.1284 VAcc:0.901 VF1:0.8937
Epoch 25/25 | TLoss:0.0065 TAcc:0.981 | VLoss:0.1236 VAcc:0.901 VF1:0.8931

Best: epoch 18, val F1 = 0.9017
Model saved: expv_C_ptbxl_imagen_neurokit2_img512_bs32_e25_rw_fold1.pth

Evaluating test set...

============================================================
EXPERIMENT C RESULTS
============================================================
  Test Accuracy  : 0.8997
  Macro F1       : 0.8942
  Weighted F1    : 0.8996
  Macro ROC-AUC  : 0.9806
  Macro PR-AUC   : 0.9476
  Cohen Kappa    : 0.8599
  MCC            : 0.8601
  ECE            : 0.1056

Per-class F1:
  NORM  : F1=0.9157  ROC-AUC=0.9836  PR-AUC=0.9673
  MI    : F1=0.8793  ROC-AUC=0.9617  PR-AUC=0.9438
  AFIB  : F1=0.9246  ROC-AUC=0.9922  PR-AUC=0.9802
  TACHY : F1=0.8571  ROC-AUC=0.9850  PR-AUC=0.8990

Outputs: C:\Users\taimo\OneDrive\Documents 1\work\ecg-synthetic-research\outputs\results\expv_C_ptbxl_imagen_neurokit2_img512_bs32_e25_rw_fold1
============================================================

Launching GRAD-CAM...

============================================================
GRAD-CAM — expv_C_ptbxl_imagen_neurokit2_img512_bs32_e25_rw_fold1
============================================================

Generating GRAD-CAM for 1485 test images...
Output: C:\Users\taimo\OneDrive\Documents 1\work\ecg-synthetic-research\outputs\results\expv_C_ptbxl_imagen_neurokit2_img512_bs32_e25_rw_fold1\gradcam

  Class: NORM
  Saved: gradcam_NORM.png
  Class: MI
  Saved: gradcam_MI.png
  Class: AFIB
  Saved: gradcam_AFIB.png
  Class: TACHY
  Saved: gradcam_TACHY.png

Overview saved: C:\Users\taimo\OneDrive\Documents 1\work\ecg-synthetic-research\outputs\results\expv_C_ptbxl_imagen_neurokit2_img512_bs32_e25_rw_fold1\gradcam\gradcam_overview.png

============================================================
GRAD-CAM complete — 4 classes visualized
Output folder: C:\Users\taimo\OneDrive\Documents 1\work\ecg-synthetic-research\outputs\results\expv_C_ptbxl_imagen_neurokit2_img512_bs32_e25_rw_fold1\gradcam
============================================================

============================================================
[12/12] V2_Cw  --experiment C --real-weights --fold 2
============================================================

============================================================
Experiment C: PTB-XL + Imagen + NeuroKit2 augmentation
Cross-validation mode: FOLD 2/2 (3-fold CV)
Run name:  expv_C_ptbxl_imagen_neurokit2_img512_bs32_e25_rw_fold2
Device:    cuda
Img size:  512px | Batch: 32 | Epochs: 25
============================================================

Total images: 11094
Per source:
  ptbxl: 4456
  imagen: 638
  neurokit2: 6000
Per class:
  NORM: 3160
  MI: 3160
  AFIB: 2690
  TACHY: 2084
[cache] all 11094 images already cached at 512px

LEAKAGE VERIFICATION REPORT
============================================================
Fold: 2

Train PTB-XL records: 2520 | Unique patients: 2325
Val   PTB-XL records: 451 | Unique patients: 411
Test  PTB-XL records: 1485 | Unique patients: 1368

Patient Overlap:
  Train x Val:  0 patients (0.0% of train)
  Train x Test: 0 patients (0.0% of train)
  Val x Test:   0 patients (0.0% of val)

Leakage Status: [PASSED] No patient overlap
============================================================


[OK] Fold 2: No patient-level leakage

============================================================
FOLD 2 — CLASS DISTRIBUTION
============================================================

Train:
  NORM  :  2502 ( 27.3%)
  MI    :  2537 ( 27.7%)
  AFIB  :  2223 ( 24.3%)
  TACHY :  1896 ( 20.7%)

Val:
  NORM  :   148 ( 32.8%)
  MI    :   151 ( 33.5%)
  AFIB  :   112 ( 24.8%)
  TACHY :    40 (  8.9%)

Test:
  NORM  :   510 ( 34.3%)
  MI    :   472 ( 31.8%)
  AFIB  :   355 ( 23.9%)
  TACHY :   148 ( 10.0%)
Train class distribution:
  NORM  :  2502 (27.3%)
  MI    :  2537 (27.7%)
  AFIB  :  2223 (24.3%)
  TACHY :  1896 (20.7%)
Class weights (real-only counts): NORM=0.572, MI=0.549, AFIB=0.855, TACHY=2.023

Training 25 epochs...

Epoch 01/25 | TLoss:0.2313 TAcc:0.619 | VLoss:0.2372 VAcc:0.557 VF1:0.5172 [BEST]
Epoch 02/25 | TLoss:0.0963 TAcc:0.844 | VLoss:0.1358 VAcc:0.756 VF1:0.7405 [BEST]
Epoch 03/25 | TLoss:0.0644 TAcc:0.895 | VLoss:0.1712 VAcc:0.792 VF1:0.7747 [BEST]
Epoch 04/25 | TLoss:0.0512 TAcc:0.915 | VLoss:0.1322 VAcc:0.823 VF1:0.8112 [BEST]
Epoch 05/25 | TLoss:0.0390 TAcc:0.928 | VLoss:0.1179 VAcc:0.800 VF1:0.7812
Epoch 06/25 | TLoss:0.0335 TAcc:0.940 | VLoss:0.1440 VAcc:0.843 VF1:0.8262 [BEST]
Epoch 07/25 | TLoss:0.0261 TAcc:0.949 | VLoss:0.0834 VAcc:0.880 VF1:0.8631 [BEST]
Epoch 08/25 | TLoss:0.0237 TAcc:0.955 | VLoss:0.1112 VAcc:0.876 VF1:0.8608
Epoch 09/25 | TLoss:0.0237 TAcc:0.954 | VLoss:0.1105 VAcc:0.869 VF1:0.8556
Epoch 10/25 | TLoss:0.0200 TAcc:0.959 | VLoss:0.0920 VAcc:0.885 VF1:0.8669 [BEST]
Epoch 11/25 | TLoss:0.0153 TAcc:0.964 | VLoss:0.0975 VAcc:0.858 VF1:0.8517
Epoch 12/25 | TLoss:0.0138 TAcc:0.968 | VLoss:0.1058 VAcc:0.867 VF1:0.8550
Epoch 13/25 | TLoss:0.0139 TAcc:0.969 | VLoss:0.0858 VAcc:0.898 VF1:0.8821 [BEST]
Epoch 14/25 | TLoss:0.0117 TAcc:0.970 | VLoss:0.0989 VAcc:0.894 VF1:0.8792
Epoch 15/25 | TLoss:0.0101 TAcc:0.974 | VLoss:0.1003 VAcc:0.898 VF1:0.8811
Epoch 16/25 | TLoss:0.0089 TAcc:0.975 | VLoss:0.0904 VAcc:0.902 VF1:0.8859 [BEST]
Epoch 17/25 | TLoss:0.0100 TAcc:0.976 | VLoss:0.0930 VAcc:0.882 VF1:0.8663
Epoch 18/25 | TLoss:0.0073 TAcc:0.977 | VLoss:0.0947 VAcc:0.896 VF1:0.8752
Epoch 19/25 | TLoss:0.0066 TAcc:0.980 | VLoss:0.1019 VAcc:0.898 VF1:0.8801
Epoch 20/25 | TLoss:0.0064 TAcc:0.981 | VLoss:0.1083 VAcc:0.894 VF1:0.8724
Epoch 21/25 | TLoss:0.0058 TAcc:0.980 | VLoss:0.1166 VAcc:0.894 VF1:0.8699
Epoch 22/25 | TLoss:0.0052 TAcc:0.980 | VLoss:0.1134 VAcc:0.889 VF1:0.8713
Epoch 23/25 | TLoss:0.0072 TAcc:0.980 | VLoss:0.1090 VAcc:0.896 VF1:0.8760
Epoch 24/25 | TLoss:0.0052 TAcc:0.981 | VLoss:0.1163 VAcc:0.896 VF1:0.8745
Epoch 25/25 | TLoss:0.0080 TAcc:0.979 | VLoss:0.1058 VAcc:0.902 VF1:0.8864 [BEST]

Best: epoch 25, val F1 = 0.8864
Model saved: expv_C_ptbxl_imagen_neurokit2_img512_bs32_e25_rw_fold2.pth

Evaluating test set...

============================================================
EXPERIMENT C RESULTS
============================================================
  Test Accuracy  : 0.8909
  Macro F1       : 0.8814
  Weighted F1    : 0.8907
  Macro ROC-AUC  : 0.9752
  Macro PR-AUC   : 0.9330
  Cohen Kappa    : 0.8479
  MCC            : 0.8483
  ECE            : 0.0696

Per-class F1:
  NORM  : F1=0.9143  ROC-AUC=0.9829  PR-AUC=0.9610
  MI    : F1=0.8621  ROC-AUC=0.9487  PR-AUC=0.9259
  AFIB  : F1=0.9208  ROC-AUC=0.9848  PR-AUC=0.9630
  TACHY : F1=0.8285  ROC-AUC=0.9843  PR-AUC=0.8819

Outputs: C:\Users\taimo\OneDrive\Documents 1\work\ecg-synthetic-research\outputs\results\expv_C_ptbxl_imagen_neurokit2_img512_bs32_e25_rw_fold2
============================================================

Launching GRAD-CAM...

============================================================
GRAD-CAM — expv_C_ptbxl_imagen_neurokit2_img512_bs32_e25_rw_fold2
============================================================

Generating GRAD-CAM for 1485 test images...
Output: C:\Users\taimo\OneDrive\Documents 1\work\ecg-synthetic-research\outputs\results\expv_C_ptbxl_imagen_neurokit2_img512_bs32_e25_rw_fold2\gradcam

  Class: NORM
  Saved: gradcam_NORM.png
  Class: MI
  Saved: gradcam_MI.png
  Class: AFIB
  Saved: gradcam_AFIB.png
  Class: TACHY
  Saved: gradcam_TACHY.png

Overview saved: C:\Users\taimo\OneDrive\Documents 1\work\ecg-synthetic-research\outputs\results\expv_C_ptbxl_imagen_neurokit2_img512_bs32_e25_rw_fold2\gradcam\gradcam_overview.png

============================================================
GRAD-CAM complete — 4 classes visualized
Output folder: C:\Users\taimo\OneDrive\Documents 1\work\ecg-synthetic-research\outputs\results\expv_C_ptbxl_imagen_neurokit2_img512_bs32_e25_rw_fold2\gradcam
============================================================

ALL VARIANT RUNS COMPLETE
